front-matter scan — PROPERTY: no served entry keyed to a verse is book/chapter apparatus
corpus: /Users/foley/Projects/ancient-roads-git/web/public/commentaries

=== static corpus (web/public/commentaries) ===
  entries scanned        : 191,749
  apparatus hits         : 10  (apparatus-title=10)
  of those, ADMITTED     : 8 (6 strong, 2 to be read)
  short-body stubs       : 2,641 (reported apart — a suspicion, not a finding)
  ✗ ADMITTED 44:18:10 John Chrysostom              [apparatus-title] "Argument."
  ✗ ADMITTED 58:3:11 John Flavel                  [apparatus-title] "The Epistle Dedicatory"
  ✗ ADMITTED 40:16:14 John Owen                    [apparatus-title] "The Preface"
  ✗ ADMITTED 50:1:7 John Chrysostom              [apparatus-title] "The Argument"
  ✗ ADMITTED 45:11:13 John Chrysostom              [apparatus-title] "Argument."
  ✗ ADMITTED 45:12:3 John Flavel                  [apparatus-title] "The Preface"
  ? TO READ  1:3:15 Philip Schaff                [apparatus-title] "The Argument for the Immaculate Conception."
  ? TO READ  40:6:9 Thomas Watson                [apparatus-title] "The Preface to the Lord's Prayer"
    held    26:38:1 Keil & Delitzsch             [apparatus-title] "Introduction"
    held    26:40:1 Keil & Delitzsch             [apparatus-title] "Introduction"

=== dev database ===
  skipped (--only=static)

=== VERDICT ===
  STOP  static corpus (web/public/commentaries): 6 SERVED entries are book/chapter apparatus keyed to a verse

✗ front-matter scan STOPS. Read the entries above; do not delete on this report alone (ADR-029).
