target: prod (ep-odd-fog-atnykudm.c-9.us-east-1.aws.neon.tech) · mode: APPLY · model: BAAI/bge-large-en-v1.5 (stored slug 'bge-large-en-v1.5')
D1(b) note: ONE vector per section. DeepInfra REJECTS over-window inputs with a 400 (it does not
truncate — measured on dev 2026-08-13), so D1(b)'s accepted truncation is done client-side:
embed input is the body's leading ≤1800 chars (EMBED_MAX, the bound ingest itself sends per chunk).
Sections still over-window at 1800 chars (dense non-English text tokenizes >512 tokens) are
shrunk adaptively per-section from the API's reported token count until they fit; each is logged.

works discovered (published, have sections, ZERO section_embeddings): 91
  commentary/calvin-calcom03: sections=21 lacking_vectors=21 est_tokens=177,891
  commentary/calvin-calcom07: sections=24 lacking_vectors=24 est_tokens=139,820
  commentary/calvin-calcom08: sections=220 lacking_vectors=220 est_tokens=325,063
  commentary/calvin-calcom09: sections=155 lacking_vectors=155 est_tokens=231,357
  commentary/calvin-calcom10: sections=144 lacking_vectors=144 est_tokens=233,525
  commentary/calvin-calcom14: sections=16 lacking_vectors=16 est_tokens=214,899
  commentary/calvin-calcom15: sections=16 lacking_vectors=16 est_tokens=265,236
  commentary/calvin-calcom16: sections=18 lacking_vectors=18 est_tokens=233,022
  commentary/calvin-calcom17: sections=9 lacking_vectors=9 est_tokens=232,870
  commentary/calvin-calcom18: sections=10 lacking_vectors=10 est_tokens=223,336
  commentary/calvin-calcom19: sections=10 lacking_vectors=10 est_tokens=225,889
  commentary/calvin-calcom20: sections=18 lacking_vectors=18 est_tokens=333,086
  commentary/calvin-calcom21: sections=10 lacking_vectors=10 est_tokens=264,644
  commentary/calvin-calcom23: sections=16 lacking_vectors=16 est_tokens=28,672
  commentary/calvin-calcom24: sections=24 lacking_vectors=24 est_tokens=35,707
  commentary/calvin-calcom25: sections=20 lacking_vectors=20 est_tokens=30,574
  commentary/calvin-calcom26: sections=14 lacking_vectors=14 est_tokens=257,947
  commentary/gill-song: sections=123 lacking_vectors=123 est_tokens=451,575
  commentary/jamieson-jfb: sections=1258 lacking_vectors=1258 est_tokens=2,570,324
  commentary/ryle-expository: sections=93 lacking_vectors=93 est_tokens=146,174
  commentary/spurgeon-comment: sections=3 lacking_vectors=3 est_tokens=18,785
  confession/augustine-confess: sections=276 lacking_vectors=276 est_tokens=151,467
  confession/chesterton-preexistence: sections=6 lacking_vectors=6 est_tokens=6,309
  confession/luther-largecatechism: sections=26 lacking_vectors=26 est_tokens=62,769
  confession/luther-smallcat: sections=6 lacking_vectors=6 est_tokens=3,895
  confession/melanchthon-apology: sections=37 lacking_vectors=37 est_tokens=156,566
  confession/owen-catechisms: sections=31 lacking_vectors=31 est_tokens=10,753
  confession/tolstoy-confession: sections=17 lacking_vectors=17 est_tokens=35,323
  confession/ursinus-catechism: sections=5 lacking_vectors=5 est_tokens=5,053
  devotional/baxter-saints-rest: sections=16 lacking_vectors=16 est_tokens=149,829
  devotional/calvin-prayer: sections=52 lacking_vectors=52 est_tokens=41,758
  devotional/daily-light: sections=732 lacking_vectors=732 est_tokens=193,933
  devotional/guyon-prayer: sections=24 lacking_vectors=24 est_tokens=24,735
  devotional/habermann-dailyprayers: sections=30 lacking_vectors=30 est_tokens=8,899
  devotional/jowett-mattermost: sections=35 lacking_vectors=35 est_tokens=77,335
  devotional/kempis-imitation: sections=114 lacking_vectors=114 est_tokens=78,266
  devotional/lawrence-practice-presence: sections=19 lacking_vectors=19 est_tokens=14,910
  devotional/meyer-homily2: sections=241 lacking_vectors=241 est_tokens=101,603
  devotional/rutherford-letters: sections=73 lacking_vectors=73 est_tokens=56,373
  devotional/ryle-holiness: sections=21 lacking_vectors=21 est_tokens=209,993
  devotional/scougal-life-of-god: sections=3 lacking_vectors=3 est_tokens=31,479
  devotional/spurgeon-faiths-checkbook: sections=12 lacking_vectors=12 est_tokens=117,384
  devotional/spurgeon-morning-evening: sections=744 lacking_vectors=744 est_tokens=354,452
  devotional/taylor-holy-living: sections=159 lacking_vectors=159 est_tokens=185,220
  father/schaff-npnf101: sections=281 lacking_vectors=281 est_tokens=185,386
  father/schaff-npnf104: sections=585 lacking_vectors=585 est_tokens=443,930
  father/schaff-npnf210: sections=349 lacking_vectors=349 est_tokens=503,393
  father/schaff-npnf213: sections=88 lacking_vectors=88 est_tokens=108,070
  hymn/aaberg-hymnsdenmark: sections=29 lacking_vectors=29 est_tokens=79,744
  hymn/bett-methhymns: sections=3 lacking_vectors=3 est_tokens=27,202
  hymn/bevan-tersteegen: sections=91 lacking_vectors=91 est_tokens=26,263
  hymn/bevan-tersteegen2: sections=75 lacking_vectors=75 est_tokens=25,780
  hymn/borthwick-hll: sections=78 lacking_vectors=78 est_tokens=28,888
  hymn/brownlie-aposthymns: sections=88 lacking_vectors=88 est_tokens=21,298
  hymn/brownlie-earlyhymns: sections=99 lacking_vectors=99 est_tokens=20,386
  hymn/brownlie-easternhymns: sections=45 lacking_vectors=45 est_tokens=7,395
  hymn/brownlie-greekhymns: sections=47 lacking_vectors=47 est_tokens=8,578
  hymn/brownlie-hymnseast: sections=53 lacking_vectors=53 est_tokens=10,618
  hymn/brownlie-hymnsmorning: sections=80 lacking_vectors=80 est_tokens=17,080
  hymn/brownlie-hyndbrow: sections=24 lacking_vectors=24 est_tokens=9,088
  hymn/brownlie-officehymns: sections=51 lacking_vectors=51 est_tokens=10,082
  hymn/brownlie-russianhymns: sections=128 lacking_vectors=128 est_tokens=24,134
  hymn/chatfield-greeksongs: sections=31 lacking_vectors=31 est_tokens=24,527
  hymn/crosby-indianhymnal: sections=49 lacking_vectors=49 est_tokens=8,955
  hymn/hewitt-gerhardt: sections=221 lacking_vectors=221 est_tokens=85,312
  hymn/longfellow-s-bookhymns: sections=599 lacking_vectors=599 est_tokens=95,510
  hymn/manning-wesleyhymns: sections=6 lacking_vectors=6 est_tokens=56,585
  hymn/morris-welshhymns: sections=63 lacking_vectors=63 est_tokens=9,738
  hymn/nutter-hymnwriters: sections=311 lacking_vectors=311 est_tokens=75,513
  hymn/pilcher-passionhymns: sections=32 lacking_vectors=32 est_tokens=6,757
  hymn/prudentius-cathimerinon: sections=30 lacking_vectors=30 est_tokens=45,960
  hymn/reeves-hymnlit: sections=11 lacking_vectors=11 est_tokens=107,689
  hymn/waring-hymns: sections=32 lacking_vectors=32 est_tokens=12,832
  hymn/watts-psalmshymns: sections=731 lacking_vectors=731 est_tokens=185,788
  hymn/winkworth-hyndwink: sections=218 lacking_vectors=218 est_tokens=42,113
  lexicon/easton-ebd2: sections=26 lacking_vectors=26 est_tokens=589,610
  lexicon/hitchcock-bible-names: sections=23 lacking_vectors=23 est_tokens=20,965
  lexicon/schaff-dictionarybible: sections=29 lacking_vectors=29 est_tokens=782,470
  lexicon/schaff-encyc01: sections=9 lacking_vectors=9 est_tokens=821,284
  lexicon/schaff-encyc02: sections=9 lacking_vectors=9 est_tokens=814,480
  lexicon/schaff-encyc09: sections=9 lacking_vectors=9 est_tokens=820,208
  lexicon/schaff-encyc13: sections=27 lacking_vectors=27 est_tokens=167,428
  lexicon/schaff-encyc13a: sections=27 lacking_vectors=27 est_tokens=225,667
  lexicon/smith-w-bibledict: sections=25 lacking_vectors=25 est_tokens=647,656
  lexicon/wace-biodict: sections=27 lacking_vectors=27 est_tokens=1,652,633
  poetry/hort-james1909: sections=5 lacking_vectors=5 est_tokens=96,431
  poetry/stowe-religiouspoems: sections=31 lacking_vectors=31 est_tokens=12,724
  poetry/therese-poems: sections=45 lacking_vectors=45 est_tokens=38,809
  topical_index/naves-topical-bible: sections=4870 lacking_vectors=4870 est_tokens=340,634
  topical_index/openbible-topics: sections=6711 lacking_vectors=6711 est_tokens=320,525
  topical_index/torreys-topical-textbook: sections=628 lacking_vectors=628 est_tokens=228,243

works by type: commentary=21, confession=8, devotional=15, father=4, hymn=27, lexicon=10, poetry=3, topical_index=3
totals: works=91 sections=21930 lacking_vectors=21930 chars=74452192 est_tokens=18,613,048
published works with sections but zero section_embeddings (BEFORE): 91
sections to fill this run (all published works, lacking 'bge-large-en-v1.5'): 21930
  progress: embedded=640/21930 failed_sections=0 elapsed=144s
    section id=633107 embedded with input truncated to 1227/10538 chars (D1(b))
  progress: embedded=1280/21930 failed_sections=0 elapsed=196s
  progress: embedded=1920/21930 failed_sections=0 elapsed=238s
    section id=657182 embedded with input truncated to 551/1651 chars (D1(b))
    section id=657376 embedded with input truncated to 1227/44751 chars (D1(b))
    section id=657377 embedded with input truncated to 1227/54429 chars (D1(b))
    section id=657378 embedded with input truncated to 1227/62314 chars (D1(b))
    section id=657379 embedded with input truncated to 1227/29817 chars (D1(b))
    section id=657380 embedded with input truncated to 1227/32073 chars (D1(b))
    section id=657381 embedded with input truncated to 1227/40968 chars (D1(b))
    section id=657382 embedded with input truncated to 1227/41258 chars (D1(b))
    section id=657383 embedded with input truncated to 1227/38563 chars (D1(b))
    section id=657384 embedded with input truncated to 1227/42922 chars (D1(b))
    section id=657385 embedded with input truncated to 1227/16706 chars (D1(b))
    section id=657386 embedded with input truncated to 1227/29507 chars (D1(b))
    section id=657387 embedded with input truncated to 1227/12079 chars (D1(b))
    section id=657388 embedded with input truncated to 1227/39042 chars (D1(b))
    section id=657389 embedded with input truncated to 1227/27906 chars (D1(b))
    section id=657391 embedded with input truncated to 1227/24247 chars (D1(b))
    section id=657392 embedded with input truncated to 1227/36897 chars (D1(b))
    section id=657393 embedded with input truncated to 1754/40531 chars (D1(b))
    section id=657395 embedded with input truncated to 1227/15929 chars (D1(b))
    section id=657397 embedded with input truncated to 1227/33047 chars (D1(b))
    section id=657398 embedded with input truncated to 1754/20186 chars (D1(b))
    section id=657399 embedded with input truncated to 1227/23067 chars (D1(b))
    section id=657400 embedded with input truncated to 1227/29785 chars (D1(b))
    section id=657401 embedded with input truncated to 1754/26091 chars (D1(b))
    section id=657402 embedded with input truncated to 1227/37774 chars (D1(b))
    section id=657403 embedded with input truncated to 1227/34625 chars (D1(b))
    section id=657404 embedded with input truncated to 1227/23536 chars (D1(b))
    section id=657405 embedded with input truncated to 1227/40721 chars (D1(b))
    section id=657406 embedded with input truncated to 1227/25711 chars (D1(b))
    section id=657407 embedded with input truncated to 1227/7512 chars (D1(b))
    section id=657408 embedded with input truncated to 1227/21986 chars (D1(b))
    section id=657410 embedded with input truncated to 1754/24589 chars (D1(b))
    section id=657411 embedded with input truncated to 1227/5449 chars (D1(b))
    section id=657412 embedded with input truncated to 1227/17689 chars (D1(b))
    section id=657414 embedded with input truncated to 1227/20262 chars (D1(b))
    section id=657415 embedded with input truncated to 1754/6724 chars (D1(b))
    section id=657416 embedded with input truncated to 1754/18403 chars (D1(b))
    section id=657417 embedded with input truncated to 1227/32098 chars (D1(b))
    section id=657418 embedded with input truncated to 1754/15763 chars (D1(b))
    section id=657419 embedded with input truncated to 1754/30135 chars (D1(b))
  progress: embedded=2560/21930 failed_sections=0 elapsed=331s
    section id=657639 embedded with input truncated to 1227/29230 chars (D1(b))
    section id=657793 embedded with input truncated to 1227/3090 chars (D1(b))
    section id=657794 embedded with input truncated to 1227/9483 chars (D1(b))
    section id=657937 embedded with input truncated to 1227/3357 chars (D1(b))
    section id=657938 embedded with input truncated to 1227/12168 chars (D1(b))
    section id=657939 embedded with input truncated to 1227/33640 chars (D1(b))
    section id=657940 embedded with input truncated to 1227/24193 chars (D1(b))
    section id=657941 embedded with input truncated to 1227/80671 chars (D1(b))
    section id=657942 embedded with input truncated to 1227/13955 chars (D1(b))
    section id=657943 embedded with input truncated to 1227/34758 chars (D1(b))
    section id=657944 embedded with input truncated to 1227/73519 chars (D1(b))
    section id=657945 embedded with input truncated to 1227/44368 chars (D1(b))
    section id=657946 embedded with input truncated to 1227/53068 chars (D1(b))
    section id=657947 embedded with input truncated to 1227/39290 chars (D1(b))
    section id=657948 embedded with input truncated to 1227/80981 chars (D1(b))
    section id=657949 embedded with input truncated to 1227/46389 chars (D1(b))
    section id=657950 embedded with input truncated to 1227/82852 chars (D1(b))
    section id=657952 embedded with input truncated to 1227/100811 chars (D1(b))
    section id=657953 embedded with input truncated to 1227/30788 chars (D1(b))
    section id=657954 embedded with input truncated to 1227/49960 chars (D1(b))
    section id=657955 embedded with input truncated to 1754/83079 chars (D1(b))
    section id=657956 embedded with input truncated to 1227/37008 chars (D1(b))
    section id=657957 embedded with input truncated to 1227/31630 chars (D1(b))
    section id=657958 embedded with input truncated to 1227/59324 chars (D1(b))
    section id=657959 embedded with input truncated to 1227/102684 chars (D1(b))
    section id=657960 embedded with input truncated to 1227/70365 chars (D1(b))
    section id=657961 embedded with input truncated to 1227/27066 chars (D1(b))
    section id=657962 embedded with input truncated to 1227/101402 chars (D1(b))
    section id=657963 embedded with input truncated to 1227/89523 chars (D1(b))
    section id=657964 embedded with input truncated to 1227/73665 chars (D1(b))
    section id=657965 embedded with input truncated to 1227/86468 chars (D1(b))
    section id=657966 embedded with input truncated to 1227/82076 chars (D1(b))
    section id=657967 embedded with input truncated to 1227/86651 chars (D1(b))
    section id=657968 embedded with input truncated to 1227/33351 chars (D1(b))
    section id=657969 embedded with input truncated to 1227/35396 chars (D1(b))
    section id=657970 embedded with input truncated to 1227/61257 chars (D1(b))
    section id=657971 embedded with input truncated to 1227/89065 chars (D1(b))
    section id=657972 embedded with input truncated to 1227/38119 chars (D1(b))
    section id=657973 embedded with input truncated to 1227/60877 chars (D1(b))
    section id=657974 embedded with input truncated to 1227/39252 chars (D1(b))
    section id=657975 embedded with input truncated to 1227/47178 chars (D1(b))
    section id=657976 embedded with input truncated to 1227/45935 chars (D1(b))
    section id=657977 embedded with input truncated to 1227/42861 chars (D1(b))
    section id=657978 embedded with input truncated to 1227/38697 chars (D1(b))
    section id=657979 embedded with input truncated to 1227/61944 chars (D1(b))
    section id=657980 embedded with input truncated to 1227/48064 chars (D1(b))
    section id=657981 embedded with input truncated to 1227/61110 chars (D1(b))
    section id=657982 embedded with input truncated to 1227/62325 chars (D1(b))
    section id=657983 embedded with input truncated to 1754/35637 chars (D1(b))
    section id=657984 embedded with input truncated to 1227/36472 chars (D1(b))
    section id=657985 embedded with input truncated to 1227/53206 chars (D1(b))
    section id=657986 embedded with input truncated to 1227/31107 chars (D1(b))
    section id=657987 embedded with input truncated to 1227/67773 chars (D1(b))
    section id=657988 embedded with input truncated to 1227/72466 chars (D1(b))
    section id=657995 embedded with input truncated to 1754/115007 chars (D1(b))
    section id=657999 embedded with input truncated to 1227/97942 chars (D1(b))
    section id=658001 embedded with input truncated to 1227/81931 chars (D1(b))
    section id=658009 embedded with input truncated to 1227/45097 chars (D1(b))
    section id=658015 embedded with input truncated to 1754/79736 chars (D1(b))
    section id=658021 embedded with input truncated to 1227/90869 chars (D1(b))
    section id=658023 embedded with input truncated to 1227/51929 chars (D1(b))
    section id=658026 embedded with input truncated to 1227/81981 chars (D1(b))
    section id=658028 embedded with input truncated to 1227/43555 chars (D1(b))
    section id=658029 embedded with input truncated to 1754/40650 chars (D1(b))
    section id=658032 embedded with input truncated to 1754/99755 chars (D1(b))
    section id=658033 embedded with input truncated to 1227/17228 chars (D1(b))
    section id=658058 embedded with input truncated to 1227/10658 chars (D1(b))
  progress: embedded=3200/21930 failed_sections=0 elapsed=501s
    section id=658256 embedded with input truncated to 1157/1697 chars (D1(b))
    section id=658259 embedded with input truncated to 1227/137796 chars (D1(b))
    section id=658267 embedded with input truncated to 1227/169403 chars (D1(b))
    section id=658270 embedded with input truncated to 1227/168900 chars (D1(b))
    section id=658272 embedded with input truncated to 1227/29591 chars (D1(b))
    section id=658279 embedded with input truncated to 1227/15588 chars (D1(b))
    section id=658282 embedded with input truncated to 1227/37519 chars (D1(b))
    section id=658344 embedded with input truncated to 1685/1729 chars (D1(b))
    section id=658360 embedded with input truncated to 1227/2992 chars (D1(b))
    section id=658362 embedded with input truncated to 1227/3164 chars (D1(b))
    section id=658374 embedded with input truncated to 1227/2386 chars (D1(b))
    section id=658382 embedded with input truncated to 1754/1822 chars (D1(b))
    section id=658385 embedded with input truncated to 1227/3582 chars (D1(b))
    section id=658392 embedded with input truncated to 1227/3264 chars (D1(b))
    section id=658401 embedded with input truncated to 1227/3234 chars (D1(b))
    section id=658408 embedded with input truncated to 1719/1764 chars (D1(b))
    section id=658411 embedded with input truncated to 1227/2124 chars (D1(b))
    section id=658422 embedded with input truncated to 1227/2510 chars (D1(b))
    section id=658425 embedded with input truncated to 1227/6837 chars (D1(b))
    section id=658440 embedded with input truncated to 1227/2461 chars (D1(b))
    section id=658453 embedded with input truncated to 1227/4024 chars (D1(b))
    section id=658454 embedded with input truncated to 1227/1927 chars (D1(b))
    section id=658458 embedded with input truncated to 1754/4755 chars (D1(b))
    section id=658492 embedded with input truncated to 1227/6154 chars (D1(b))
    section id=658493 embedded with input truncated to 1227/2350 chars (D1(b))
    section id=658494 embedded with input truncated to 1227/6702 chars (D1(b))
    section id=658496 embedded with input truncated to 1227/2078 chars (D1(b))
    section id=658498 embedded with input truncated to 1227/3369 chars (D1(b))
    section id=658534 embedded with input truncated to 1126/1651 chars (D1(b))
    section id=658558 embedded with input truncated to 1227/364737 chars (D1(b))
    section id=658559 embedded with input truncated to 858/9373 chars (D1(b))
    section id=658560 embedded with input truncated to 1227/4933 chars (D1(b))
    section id=658562 embedded with input truncated to 1227/5718 chars (D1(b))
  progress: embedded=3840/21930 failed_sections=0 elapsed=659s
  progress: embedded=4480/21930 failed_sections=0 elapsed=689s
    section id=682959 embedded with input truncated to 1227/10566 chars (D1(b))
    section id=683023 embedded with input truncated to 1175/1723 chars (D1(b))
    section id=683024 embedded with input truncated to 1227/2760 chars (D1(b))
    section id=683026 embedded with input truncated to 1227/3067 chars (D1(b))
    section id=683028 embedded with input truncated to 1227/6178 chars (D1(b))
    section id=683030 embedded with input truncated to 1227/3650 chars (D1(b))
    section id=683032 embedded with input truncated to 1227/6172 chars (D1(b))
    section id=683034 embedded with input truncated to 1227/3708 chars (D1(b))
    section id=683036 embedded with input truncated to 1227/8116 chars (D1(b))
    section id=683038 embedded with input truncated to 1227/2472 chars (D1(b))
    section id=683040 embedded with input truncated to 1227/5586 chars (D1(b))
    section id=683042 embedded with input truncated to 1227/5079 chars (D1(b))
    section id=683044 embedded with input truncated to 1227/3168 chars (D1(b))
    section id=683046 embedded with input truncated to 1227/5710 chars (D1(b))
    section id=683065 embedded with input truncated to 858/2833 chars (D1(b))
    section id=683066 embedded with input truncated to 1754/14203 chars (D1(b))
    section id=683076 embedded with input truncated to 1754/290185 chars (D1(b))
    section id=683079 embedded with input truncated to 1754/217762 chars (D1(b))
    section id=683088 embedded with input truncated to 1227/12668 chars (D1(b))
    section id=683091 embedded with input truncated to 1754/55624 chars (D1(b))
    section id=683095 embedded with input truncated to 1754/17422 chars (D1(b))
    section id=683101 embedded with input truncated to 1148/1684 chars (D1(b))
    section id=683103 embedded with input truncated to 1754/19753 chars (D1(b))
    section id=683108 embedded with input truncated to 1227/3455 chars (D1(b))
    section id=683111 embedded with input truncated to 1227/1977 chars (D1(b))
    section id=683112 embedded with input truncated to 1754/19846 chars (D1(b))
    section id=683118 embedded with input truncated to 1227/3088 chars (D1(b))
    section id=683121 embedded with input truncated to 1227/49054 chars (D1(b))
    section id=683122 embedded with input truncated to 1227/48524 chars (D1(b))
  progress: embedded=5120/21930 failed_sections=0 elapsed=811s
    section id=683123 embedded with input truncated to 1227/62079 chars (D1(b))
    section id=683124 embedded with input truncated to 1227/22603 chars (D1(b))
    section id=683125 embedded with input truncated to 1227/27381 chars (D1(b))
    section id=683126 embedded with input truncated to 1227/21097 chars (D1(b))
    section id=683127 embedded with input truncated to 1227/30018 chars (D1(b))
    section id=683128 embedded with input truncated to 1227/38455 chars (D1(b))
    section id=683129 embedded with input truncated to 1227/11925 chars (D1(b))
    section id=683130 embedded with input truncated to 1227/18498 chars (D1(b))
    section id=683131 embedded with input truncated to 1227/13967 chars (D1(b))
    section id=683132 embedded with input truncated to 1227/29216 chars (D1(b))
    section id=683133 embedded with input truncated to 1227/48251 chars (D1(b))
    section id=683134 embedded with input truncated to 1227/16220 chars (D1(b))
    section id=683135 embedded with input truncated to 1227/11821 chars (D1(b))
    section id=683136 embedded with input truncated to 1227/50282 chars (D1(b))
    section id=683138 embedded with input truncated to 1227/31519 chars (D1(b))
    section id=683139 embedded with input truncated to 1227/66215 chars (D1(b))
    section id=683140 embedded with input truncated to 1227/26162 chars (D1(b))
    section id=683141 embedded with input truncated to 1227/7312 chars (D1(b))
    section id=683142 embedded with input truncated to 1227/10169 chars (D1(b))
    section id=683143 embedded with input truncated to 858/20882 chars (D1(b))
    section id=683145 embedded with input truncated to 1227/2065 chars (D1(b))
    section id=683146 embedded with input truncated to 1227/4436 chars (D1(b))
    section id=683148 embedded with input truncated to 1227/66493 chars (D1(b))
    section id=683149 embedded with input truncated to 1227/66205 chars (D1(b))
    section id=683150 embedded with input truncated to 1227/81918 chars (D1(b))
    section id=683151 embedded with input truncated to 1227/32039 chars (D1(b))
    section id=683152 embedded with input truncated to 1227/36376 chars (D1(b))
    section id=683153 embedded with input truncated to 1227/28847 chars (D1(b))
    section id=683154 embedded with input truncated to 1227/40685 chars (D1(b))
    section id=683155 embedded with input truncated to 1227/52084 chars (D1(b))
    section id=683156 embedded with input truncated to 1227/15981 chars (D1(b))
    section id=683157 embedded with input truncated to 1227/23067 chars (D1(b))
    section id=683158 embedded with input truncated to 1227/20701 chars (D1(b))
    section id=683159 embedded with input truncated to 1227/38941 chars (D1(b))
    section id=683160 embedded with input truncated to 1227/65785 chars (D1(b))
    section id=683161 embedded with input truncated to 1227/21685 chars (D1(b))
    section id=683162 embedded with input truncated to 1227/15848 chars (D1(b))
    section id=683163 embedded with input truncated to 1227/66336 chars (D1(b))
    section id=683164 embedded with input truncated to 1218/1787 chars (D1(b))
    section id=683165 embedded with input truncated to 1227/41665 chars (D1(b))
    section id=683166 embedded with input truncated to 1227/89770 chars (D1(b))
    section id=683167 embedded with input truncated to 1227/35417 chars (D1(b))
    section id=683168 embedded with input truncated to 1227/9150 chars (D1(b))
    section id=683169 embedded with input truncated to 1227/14986 chars (D1(b))
    section id=683170 embedded with input truncated to 858/27582 chars (D1(b))
    section id=683172 embedded with input truncated to 1227/2711 chars (D1(b))
    section id=683173 embedded with input truncated to 1227/6077 chars (D1(b))
    section id=683174 embedded with input truncated to 1754/10953 chars (D1(b))
  progress: embedded=5760/21930 failed_sections=0 elapsed=928s
  progress: embedded=6400/21930 failed_sections=0 elapsed=967s
    section id=684419 embedded with input truncated to 1754/3216 chars (D1(b))
    section id=684422 embedded with input truncated to 1227/3856 chars (D1(b))
    section id=684486 embedded with input truncated to 1227/187461 chars (D1(b))
    section id=684489 embedded with input truncated to 1754/209508 chars (D1(b))
    section id=684603 embedded with input truncated to 1227/5985 chars (D1(b))
    section id=684605 embedded with input truncated to 1227/252383 chars (D1(b))
    section id=684608 embedded with input truncated to 1227/494022 chars (D1(b))
    section id=684627 embedded with input truncated to 965/1416 chars (D1(b))
    section id=684628 embedded with input truncated to 1227/53659 chars (D1(b))
  progress: embedded=7040/21930 failed_sections=0 elapsed=1042s
    section id=685390 embedded with input truncated to 1754/28828 chars (D1(b))
    section id=685391 embedded with input truncated to 858/62881 chars (D1(b))
    section id=685427 embedded with input truncated to 1096/1608 chars (D1(b))
    section id=685434 embedded with input truncated to 1040/1525 chars (D1(b))
    section id=685440 embedded with input truncated to 1227/2766 chars (D1(b))
    section id=685610 embedded with input truncated to 1227/18351 chars (D1(b))
    section id=690481 embedded with input truncated to 1131/1659 chars (D1(b))
    section id=690531 embedded with input truncated to 1227/2083 chars (D1(b))
  progress: embedded=7680/21930 failed_sections=0 elapsed=1133s
    section id=690590 embedded with input truncated to 834/1749 chars (D1(b))
    section id=690597 embedded with input truncated to 1227/9057 chars (D1(b))
    section id=690604 embedded with input truncated to 1227/1858 chars (D1(b))
    section id=690678 embedded with input truncated to 1227/2061 chars (D1(b))
    section id=690745 embedded with input truncated to 1227/4319 chars (D1(b))
    section id=690748 embedded with input truncated to 1227/2537 chars (D1(b))
    section id=690751 embedded with input truncated to 858/2769 chars (D1(b))
    section id=690755 embedded with input truncated to 960/1408 chars (D1(b))
    section id=690782 embedded with input truncated to 956/1402 chars (D1(b))
    section id=690828 embedded with input truncated to 858/1818 chars (D1(b))
    section id=690833 embedded with input truncated to 1227/4993 chars (D1(b))
    section id=690850 embedded with input truncated to 1182/1733 chars (D1(b))
    section id=690919 embedded with input truncated to 855/1793 chars (D1(b))
    section id=690989 embedded with input truncated to 1145/1680 chars (D1(b))
    section id=690991 embedded with input truncated to 858/2559 chars (D1(b))
    section id=691104 embedded with input truncated to 940/1379 chars (D1(b))
    section id=691108 embedded with input truncated to 1615/1658 chars (D1(b))
  progress: embedded=8320/21930 failed_sections=0 elapsed=1247s
    section id=691227 embedded with input truncated to 858/1868 chars (D1(b))
    section id=691231 embedded with input truncated to 858/3945 chars (D1(b))
    section id=691233 embedded with input truncated to 858/1929 chars (D1(b))
    section id=691234 embedded with input truncated to 1227/1917 chars (D1(b))
    section id=691277 embedded with input truncated to 1227/1259 chars (D1(b))
    section id=691343 embedded with input truncated to 1442/1480 chars (D1(b))
    section id=691411 embedded with input truncated to 1227/3519 chars (D1(b))
    section id=691451 embedded with input truncated to 1227/6431 chars (D1(b))
    section id=691478 embedded with input truncated to 858/10852 chars (D1(b))
    section id=691490 embedded with input truncated to 1063/1559 chars (D1(b))
    section id=691523 embedded with input truncated to 982/1441 chars (D1(b))
    section id=691528 embedded with input truncated to 858/1874 chars (D1(b))
    section id=691529 embedded with input truncated to 1227/1826 chars (D1(b))
    section id=691551 embedded with input truncated to 849/1246 chars (D1(b))
    section id=691558 embedded with input truncated to 1217/1785 chars (D1(b))
    section id=691580 embedded with input truncated to 1227/1828 chars (D1(b))
    section id=691606 embedded with input truncated to 1227/2097 chars (D1(b))
    section id=691609 embedded with input truncated to 1227/2451 chars (D1(b))
    section id=691610 embedded with input truncated to 858/2498 chars (D1(b))
    section id=691612 embedded with input truncated to 1138/1670 chars (D1(b))
    section id=691691 embedded with input truncated to 1227/8070 chars (D1(b))
    section id=691700 embedded with input truncated to 1227/3725 chars (D1(b))
    section id=691707 embedded with input truncated to 1618/1661 chars (D1(b))
    section id=691709 embedded with input truncated to 858/2185 chars (D1(b))
    section id=691730 embedded with input truncated to 1019/1495 chars (D1(b))
    section id=691776 embedded with input truncated to 1754/2168 chars (D1(b))
    section id=691811 embedded with input truncated to 1166/1710 chars (D1(b))
  progress: embedded=8960/21930 failed_sections=0 elapsed=1336s
    section id=691908 embedded with input truncated to 1227/1862 chars (D1(b))
    section id=691997 embedded with input truncated to 1227/2087 chars (D1(b))
    section id=692091 embedded with input truncated to 858/9531 chars (D1(b))
    section id=692098 embedded with input truncated to 858/5671 chars (D1(b))
    section id=692100 embedded with input truncated to 1101/1615 chars (D1(b))
    section id=692105 embedded with input truncated to 1227/2471 chars (D1(b))
    section id=692115 embedded with input truncated to 1227/1890 chars (D1(b))
    section id=692118 embedded with input truncated to 858/2329 chars (D1(b))
    section id=692272 embedded with input truncated to 820/1203 chars (D1(b))
    section id=692323 embedded with input truncated to 1191/1747 chars (D1(b))
    section id=692330 embedded with input truncated to 1227/31076 chars (D1(b))
    section id=692336 embedded with input truncated to 998/1465 chars (D1(b))
    section id=692349 embedded with input truncated to 1227/2207 chars (D1(b))
    section id=692353 embedded with input truncated to 1227/5389 chars (D1(b))
  progress: embedded=9600/21930 failed_sections=0 elapsed=1387s
    section id=692525 embedded with input truncated to 858/3163 chars (D1(b))
    section id=692530 embedded with input truncated to 858/1977 chars (D1(b))
    section id=692550 embedded with input truncated to 1054/1546 chars (D1(b))
    section id=692622 embedded with input truncated to 661/1387 chars (D1(b))
    section id=692624 embedded with input truncated to 858/2328 chars (D1(b))
    section id=692629 embedded with input truncated to 858/2064 chars (D1(b))
    section id=692665 embedded with input truncated to 953/1398 chars (D1(b))
    section id=692672 embedded with input truncated to 669/1403 chars (D1(b))
    section id=692696 embedded with input truncated to 600/2127 chars (D1(b))
    section id=692714 embedded with input truncated to 858/3153 chars (D1(b))
    section id=692734 embedded with input truncated to 665/1394 chars (D1(b))
    section id=692750 embedded with input truncated to 690/1013 chars (D1(b))
    section id=692771 embedded with input truncated to 1227/1840 chars (D1(b))
    section id=692775 embedded with input truncated to 1227/2521 chars (D1(b))
    section id=692777 embedded with input truncated to 858/4641 chars (D1(b))
    section id=692800 embedded with input truncated to 1754/3809 chars (D1(b))
    section id=692823 embedded with input truncated to 1227/12132 chars (D1(b))
    section id=692824 embedded with input truncated to 1227/7979 chars (D1(b))
    section id=692869 embedded with input truncated to 1227/3416 chars (D1(b))
    section id=692984 embedded with input truncated to 1227/1876 chars (D1(b))
    section id=692995 embedded with input truncated to 1227/5228 chars (D1(b))
    section id=693011 embedded with input truncated to 1227/51381 chars (D1(b))
    section id=693052 embedded with input truncated to 1227/2794 chars (D1(b))
    section id=693076 embedded with input truncated to 1754/3062 chars (D1(b))
    section id=693082 embedded with input truncated to 1227/2084 chars (D1(b))
    section id=693091 embedded with input truncated to 858/4410 chars (D1(b))
    section id=693100 embedded with input truncated to 944/1385 chars (D1(b))
    section id=693102 embedded with input truncated to 627/1315 chars (D1(b))
    section id=693104 embedded with input truncated to 1227/1801 chars (D1(b))
  progress: embedded=10240/21930 failed_sections=0 elapsed=1473s
    section id=693154 embedded with input truncated to 1227/3212 chars (D1(b))
    section id=693221 embedded with input truncated to 1227/2428 chars (D1(b))
    section id=693260 embedded with input truncated to 1227/4357 chars (D1(b))
    section id=693262 embedded with input truncated to 858/2268 chars (D1(b))
    section id=693270 embedded with input truncated to 1227/1848 chars (D1(b))
    section id=693295 embedded with input truncated to 1227/1895 chars (D1(b))
    section id=693303 embedded with input truncated to 858/3007 chars (D1(b))
    section id=693381 embedded with input truncated to 858/2082 chars (D1(b))
    section id=693387 embedded with input truncated to 938/1376 chars (D1(b))
    section id=693411 embedded with input truncated to 1227/2317 chars (D1(b))
    section id=693445 embedded with input truncated to 1227/2042 chars (D1(b))
    section id=693518 embedded with input truncated to 854/1790 chars (D1(b))
    section id=693562 embedded with input truncated to 1227/10497 chars (D1(b))
    section id=693568 embedded with input truncated to 1227/8986 chars (D1(b))
    section id=693604 embedded with input truncated to 771/1131 chars (D1(b))
    section id=693607 embedded with input truncated to 1227/1976 chars (D1(b))
    section id=693618 embedded with input truncated to 1227/3897 chars (D1(b))
    section id=693625 embedded with input truncated to 1197/1756 chars (D1(b))
    section id=693638 embedded with input truncated to 1227/4897 chars (D1(b))
  progress: embedded=10880/21930 failed_sections=0 elapsed=1540s
    section id=693776 embedded with input truncated to 1227/2306 chars (D1(b))
    section id=693782 embedded with input truncated to 858/3119 chars (D1(b))
    section id=693792 embedded with input truncated to 1227/4252 chars (D1(b))
    section id=693881 embedded with input truncated to 1178/1727 chars (D1(b))
    section id=693916 embedded with input truncated to 1227/10994 chars (D1(b))
    section id=693918 embedded with input truncated to 733/1076 chars (D1(b))
    section id=693958 embedded with input truncated to 858/2601 chars (D1(b))
    section id=693966 embedded with input truncated to 1227/3163 chars (D1(b))
    section id=694052 embedded with input truncated to 858/2605 chars (D1(b))
    section id=694066 embedded with input truncated to 1227/4267 chars (D1(b))
    section id=694067 embedded with input truncated to 1227/2368 chars (D1(b))
    section id=694068 embedded with input truncated to 1227/10044 chars (D1(b))
    section id=694073 embedded with input truncated to 1039/1067 chars (D1(b))
    section id=694076 embedded with input truncated to 1227/2006 chars (D1(b))
    section id=694078 embedded with input truncated to 723/1517 chars (D1(b))
    section id=694079 embedded with input truncated to 1227/6338 chars (D1(b))
    section id=694085 embedded with input truncated to 1104/1620 chars (D1(b))
    section id=694102 embedded with input truncated to 858/5967 chars (D1(b))
    section id=694104 embedded with input truncated to 858/2354 chars (D1(b))
    section id=694112 embedded with input truncated to 1227/2163 chars (D1(b))
    section id=694114 embedded with input truncated to 1185/1738 chars (D1(b))
    section id=694124 embedded with input truncated to 1227/2901 chars (D1(b))
    section id=694143 embedded with input truncated to 858/7307 chars (D1(b))
    section id=694188 embedded with input truncated to 1227/2047 chars (D1(b))
    section id=694215 embedded with input truncated to 621/1303 chars (D1(b))
    section id=694227 embedded with input truncated to 1043/1529 chars (D1(b))
    section id=694234 embedded with input truncated to 858/4134 chars (D1(b))
    section id=694243 embedded with input truncated to 858/2864 chars (D1(b))
    section id=694266 embedded with input truncated to 858/3085 chars (D1(b))
    section id=694285 embedded with input truncated to 1227/5147 chars (D1(b))
    section id=694286 embedded with input truncated to 772/1133 chars (D1(b))
    section id=694316 embedded with input truncated to 858/6578 chars (D1(b))
    section id=694320 embedded with input truncated to 841/1234 chars (D1(b))
    section id=694345 embedded with input truncated to 858/2510 chars (D1(b))
    section id=694356 embedded with input truncated to 976/1432 chars (D1(b))
    section id=694372 embedded with input truncated to 1193/1750 chars (D1(b))
    section id=694375 embedded with input truncated to 1227/1958 chars (D1(b))
  progress: embedded=11520/21930 failed_sections=0 elapsed=1643s
    section id=694407 embedded with input truncated to 722/1059 chars (D1(b))
    section id=694422 embedded with input truncated to 1227/1980 chars (D1(b))
    section id=694453 embedded with input truncated to 1227/4478 chars (D1(b))
    section id=694544 embedded with input truncated to 1148/1684 chars (D1(b))
    section id=694677 embedded with input truncated to 1227/6325 chars (D1(b))
    section id=694696 embedded with input truncated to 1227/2137 chars (D1(b))
    section id=694722 embedded with input truncated to 1227/3031 chars (D1(b))
    section id=694742 embedded with input truncated to 930/1365 chars (D1(b))
    section id=694786 embedded with input truncated to 1227/2374 chars (D1(b))
    section id=694799 embedded with input truncated to 868/1273 chars (D1(b))
    section id=694842 embedded with input truncated to 1227/4110 chars (D1(b))
    section id=694857 embedded with input truncated to 1227/2781 chars (D1(b))
    section id=694927 embedded with input truncated to 1227/7453 chars (D1(b))
    section id=694928 embedded with input truncated to 858/2128 chars (D1(b))
    section id=694944 embedded with input truncated to 1227/4693 chars (D1(b))
  progress: embedded=12160/21930 failed_sections=0 elapsed=1704s
    section id=695056 embedded with input truncated to 1227/2799 chars (D1(b))
    section id=695065 embedded with input truncated to 1032/1514 chars (D1(b))
    section id=695075 embedded with input truncated to 681/1428 chars (D1(b))
    section id=695116 embedded with input truncated to 1227/2013 chars (D1(b))
    section id=695140 embedded with input truncated to 1227/5148 chars (D1(b))
    section id=695145 embedded with input truncated to 1226/1798 chars (D1(b))
    section id=695154 embedded with input truncated to 858/5186 chars (D1(b))
    section id=695182 embedded with input truncated to 1227/7244 chars (D1(b))
    section id=695192 embedded with input truncated to 1227/2422 chars (D1(b))
    section id=695197 embedded with input truncated to 858/2817 chars (D1(b))
    section id=695202 embedded with input truncated to 1227/8200 chars (D1(b))
    section id=695206 embedded with input truncated to 1227/3842 chars (D1(b))
    section id=695209 embedded with input truncated to 1084/1590 chars (D1(b))
    section id=695210 embedded with input truncated to 706/1036 chars (D1(b))
    section id=695213 embedded with input truncated to 1227/3024 chars (D1(b))
    section id=695258 embedded with input truncated to 858/3690 chars (D1(b))
    section id=695352 embedded with input truncated to 1138/1669 chars (D1(b))
    section id=695354 embedded with input truncated to 1037/1521 chars (D1(b))
    section id=695358 embedded with input truncated to 1276/1310 chars (D1(b))
    section id=695359 embedded with input truncated to 1263/1296 chars (D1(b))
    section id=695361 embedded with input truncated to 1227/3030 chars (D1(b))
    section id=695362 embedded with input truncated to 1227/2835 chars (D1(b))
    section id=695368 embedded with input truncated to 1227/2050 chars (D1(b))
    section id=695372 embedded with input truncated to 1194/1751 chars (D1(b))
    section id=695374 embedded with input truncated to 858/2304 chars (D1(b))
    section id=695381 embedded with input truncated to 1227/1886 chars (D1(b))
    section id=695382 embedded with input truncated to 1227/2543 chars (D1(b))
    section id=695383 embedded with input truncated to 1227/2684 chars (D1(b))
    section id=695384 embedded with input truncated to 1227/1807 chars (D1(b))
    section id=695393 embedded with input truncated to 1227/2545 chars (D1(b))
    section id=695394 embedded with input truncated to 1137/1668 chars (D1(b))
    section id=695397 embedded with input truncated to 1227/3330 chars (D1(b))
    section id=695403 embedded with input truncated to 1227/3279 chars (D1(b))
    section id=695406 embedded with input truncated to 1227/3241 chars (D1(b))
    section id=695408 embedded with input truncated to 1138/1669 chars (D1(b))
    section id=695416 embedded with input truncated to 1096/1607 chars (D1(b))
    section id=695417 embedded with input truncated to 1227/2251 chars (D1(b))
    section id=695420 embedded with input truncated to 1227/2343 chars (D1(b))
    section id=695421 embedded with input truncated to 1227/2535 chars (D1(b))
    section id=695435 embedded with input truncated to 1212/1778 chars (D1(b))
    section id=695436 embedded with input truncated to 1227/1842 chars (D1(b))
    section id=695440 embedded with input truncated to 1227/3633 chars (D1(b))
    section id=695443 embedded with input truncated to 1227/3083 chars (D1(b))
    section id=695453 embedded with input truncated to 1227/1995 chars (D1(b))
    section id=695454 embedded with input truncated to 1227/2735 chars (D1(b))
    section id=695457 embedded with input truncated to 1227/2238 chars (D1(b))
    section id=695459 embedded with input truncated to 1227/2053 chars (D1(b))
    section id=695466 embedded with input truncated to 1227/2026 chars (D1(b))
    section id=695474 embedded with input truncated to 1227/3577 chars (D1(b))
    section id=695477 embedded with input truncated to 1052/1544 chars (D1(b))
    section id=695478 embedded with input truncated to 1123/1647 chars (D1(b))
    section id=695483 embedded with input truncated to 1107/1624 chars (D1(b))
    section id=695484 embedded with input truncated to 1227/2374 chars (D1(b))
    section id=695491 embedded with input truncated to 1227/1873 chars (D1(b))
    section id=695494 embedded with input truncated to 1204/1765 chars (D1(b))
    section id=695498 embedded with input truncated to 1227/7581 chars (D1(b))
    section id=695499 embedded with input truncated to 1132/1661 chars (D1(b))
    section id=695501 embedded with input truncated to 1227/1880 chars (D1(b))
    section id=695506 embedded with input truncated to 1227/1898 chars (D1(b))
    section id=695522 embedded with input truncated to 1227/1844 chars (D1(b))
    section id=695525 embedded with input truncated to 1227/2684 chars (D1(b))
    section id=695526 embedded with input truncated to 1227/4799 chars (D1(b))
    section id=695531 embedded with input truncated to 1227/2560 chars (D1(b))
    section id=695538 embedded with input truncated to 1062/1558 chars (D1(b))
    section id=695541 embedded with input truncated to 1227/3900 chars (D1(b))
    section id=695544 embedded with input truncated to 1074/1575 chars (D1(b))
    section id=695546 embedded with input truncated to 1227/1939 chars (D1(b))
    section id=695550 embedded with input truncated to 1227/1841 chars (D1(b))
    section id=695559 embedded with input truncated to 1227/2266 chars (D1(b))
    section id=695562 embedded with input truncated to 1227/2201 chars (D1(b))
    section id=695564 embedded with input truncated to 1227/2400 chars (D1(b))
    section id=695565 embedded with input truncated to 1227/1890 chars (D1(b))
    section id=695583 embedded with input truncated to 1227/1994 chars (D1(b))
    section id=695584 embedded with input truncated to 1227/2323 chars (D1(b))
    section id=695586 embedded with input truncated to 1184/1737 chars (D1(b))
    section id=695591 embedded with input truncated to 1130/1658 chars (D1(b))
    section id=695597 embedded with input truncated to 1227/2036 chars (D1(b))
    section id=695599 embedded with input truncated to 1227/2444 chars (D1(b))
    section id=695600 embedded with input truncated to 1227/2065 chars (D1(b))
    section id=695604 embedded with input truncated to 1227/3499 chars (D1(b))
    section id=695611 embedded with input truncated to 1227/1847 chars (D1(b))
    section id=695613 embedded with input truncated to 1372/1408 chars (D1(b))
    section id=695614 embedded with input truncated to 1148/1684 chars (D1(b))
    section id=695615 embedded with input truncated to 1152/1689 chars (D1(b))
    section id=695621 embedded with input truncated to 1098/1610 chars (D1(b))
    section id=695623 embedded with input truncated to 1227/3166 chars (D1(b))
    section id=695627 embedded with input truncated to 1227/2136 chars (D1(b))
    section id=695629 embedded with input truncated to 1111/1630 chars (D1(b))
    section id=695637 embedded with input truncated to 1227/1912 chars (D1(b))
    section id=695639 embedded with input truncated to 1227/1976 chars (D1(b))
    section id=695641 embedded with input truncated to 1227/3108 chars (D1(b))
    section id=695642 embedded with input truncated to 1033/1516 chars (D1(b))
    section id=695647 embedded with input truncated to 1103/1618 chars (D1(b))
    section id=695649 embedded with input truncated to 1227/7932 chars (D1(b))
    section id=695662 embedded with input truncated to 1227/3876 chars (D1(b))
    section id=695663 embedded with input truncated to 1227/8209 chars (D1(b))
    section id=695665 embedded with input truncated to 1227/3404 chars (D1(b))
    section id=695667 embedded with input truncated to 1215/1782 chars (D1(b))
    section id=695670 embedded with input truncated to 1227/1937 chars (D1(b))
    section id=695671 embedded with input truncated to 1227/2705 chars (D1(b))
  progress: embedded=12800/21930 failed_sections=0 elapsed=1875s
    section id=695676 embedded with input truncated to 1227/7805 chars (D1(b))
    section id=695681 embedded with input truncated to 1227/2247 chars (D1(b))
    section id=695682 embedded with input truncated to 1227/3431 chars (D1(b))
    section id=695686 embedded with input truncated to 1227/2244 chars (D1(b))
    section id=695688 embedded with input truncated to 1227/3627 chars (D1(b))
    section id=695689 embedded with input truncated to 1216/1784 chars (D1(b))
    section id=695692 embedded with input truncated to 1227/2275 chars (D1(b))
    section id=695695 embedded with input truncated to 1194/1752 chars (D1(b))
    section id=695702 embedded with input truncated to 1227/2714 chars (D1(b))
    section id=695704 embedded with input truncated to 1175/1723 chars (D1(b))
    section id=695708 embedded with input truncated to 1227/4326 chars (D1(b))
    section id=695710 embedded with input truncated to 1720/1765 chars (D1(b))
    section id=695711 embedded with input truncated to 1227/3403 chars (D1(b))
    section id=695725 embedded with input truncated to 1227/4580 chars (D1(b))
    section id=695726 embedded with input truncated to 1162/1705 chars (D1(b))
    section id=695729 embedded with input truncated to 1227/2835 chars (D1(b))
    section id=695731 embedded with input truncated to 1227/2974 chars (D1(b))
    section id=695733 embedded with input truncated to 1227/2128 chars (D1(b))
    section id=695739 embedded with input truncated to 1227/2966 chars (D1(b))
    section id=695741 embedded with input truncated to 1227/3206 chars (D1(b))
    section id=695743 embedded with input truncated to 1227/1940 chars (D1(b))
    section id=695748 embedded with input truncated to 1216/1784 chars (D1(b))
    section id=695752 embedded with input truncated to 1227/2073 chars (D1(b))
    section id=695753 embedded with input truncated to 1050/1540 chars (D1(b))
    section id=695756 embedded with input truncated to 1227/1950 chars (D1(b))
    section id=695757 embedded with input truncated to 1437/1475 chars (D1(b))
    section id=695761 embedded with input truncated to 1227/3534 chars (D1(b))
    section id=695764 embedded with input truncated to 1224/1795 chars (D1(b))
    section id=695765 embedded with input truncated to 1227/2212 chars (D1(b))
    section id=695766 embedded with input truncated to 1183/1735 chars (D1(b))
    section id=695771 embedded with input truncated to 1227/1872 chars (D1(b))
    section id=695772 embedded with input truncated to 1227/1808 chars (D1(b))
    section id=695774 embedded with input truncated to 1227/2149 chars (D1(b))
    section id=695776 embedded with input truncated to 1227/1949 chars (D1(b))
    section id=695777 embedded with input truncated to 1227/3509 chars (D1(b))
    section id=695784 embedded with input truncated to 1227/3168 chars (D1(b))
    section id=695786 embedded with input truncated to 1227/1990 chars (D1(b))
    section id=695788 embedded with input truncated to 1227/3390 chars (D1(b))
    section id=695789 embedded with input truncated to 1227/3527 chars (D1(b))
    section id=695790 embedded with input truncated to 1227/2732 chars (D1(b))
    section id=695795 embedded with input truncated to 1227/1981 chars (D1(b))
    section id=695797 embedded with input truncated to 1174/1722 chars (D1(b))
    section id=695799 embedded with input truncated to 1227/1837 chars (D1(b))
    section id=695800 embedded with input truncated to 1227/5068 chars (D1(b))
    section id=695801 embedded with input truncated to 1227/2141 chars (D1(b))
    section id=695802 embedded with input truncated to 1415/1452 chars (D1(b))
    section id=695804 embedded with input truncated to 1227/2165 chars (D1(b))
    section id=695805 embedded with input truncated to 1227/4707 chars (D1(b))
    section id=695807 embedded with input truncated to 1227/5593 chars (D1(b))
    section id=695810 embedded with input truncated to 1227/1992 chars (D1(b))
    section id=695811 embedded with input truncated to 1227/2117 chars (D1(b))
    section id=695814 embedded with input truncated to 1227/2455 chars (D1(b))
    section id=695815 embedded with input truncated to 1227/2098 chars (D1(b))
    section id=695817 embedded with input truncated to 1227/2476 chars (D1(b))
    section id=695820 embedded with input truncated to 1227/2566 chars (D1(b))
    section id=695824 embedded with input truncated to 1227/2117 chars (D1(b))
    section id=695825 embedded with input truncated to 1227/2445 chars (D1(b))
    section id=695827 embedded with input truncated to 1227/2590 chars (D1(b))
    section id=695830 embedded with input truncated to 1227/2135 chars (D1(b))
    section id=695831 embedded with input truncated to 1216/1784 chars (D1(b))
    section id=695835 embedded with input truncated to 1227/2185 chars (D1(b))
    section id=695836 embedded with input truncated to 1227/3788 chars (D1(b))
    section id=695837 embedded with input truncated to 1227/4948 chars (D1(b))
    section id=695839 embedded with input truncated to 1171/1717 chars (D1(b))
    section id=695841 embedded with input truncated to 1227/2122 chars (D1(b))
    section id=695842 embedded with input truncated to 1227/2306 chars (D1(b))
    section id=695845 embedded with input truncated to 1227/2581 chars (D1(b))
    section id=695847 embedded with input truncated to 1227/2977 chars (D1(b))
    section id=695852 embedded with input truncated to 1227/4000 chars (D1(b))
    section id=695853 embedded with input truncated to 1521/1561 chars (D1(b))
    section id=695858 embedded with input truncated to 1227/1866 chars (D1(b))
    section id=695861 embedded with input truncated to 1227/4334 chars (D1(b))
    section id=695862 embedded with input truncated to 1227/2539 chars (D1(b))
    section id=695865 embedded with input truncated to 1227/2841 chars (D1(b))
    section id=695866 embedded with input truncated to 1754/1923 chars (D1(b))
    section id=695867 embedded with input truncated to 1227/2170 chars (D1(b))
    section id=695869 embedded with input truncated to 1115/1636 chars (D1(b))
    section id=695875 embedded with input truncated to 1227/7218 chars (D1(b))
    section id=695876 embedded with input truncated to 1227/2800 chars (D1(b))
    section id=695880 embedded with input truncated to 1227/2140 chars (D1(b))
    section id=695882 embedded with input truncated to 1227/2319 chars (D1(b))
    section id=695884 embedded with input truncated to 1754/2668 chars (D1(b))
    section id=695885 embedded with input truncated to 1227/1882 chars (D1(b))
    section id=695888 embedded with input truncated to 1227/4779 chars (D1(b))
    section id=695889 embedded with input truncated to 1227/1890 chars (D1(b))
    section id=695891 embedded with input truncated to 1180/1730 chars (D1(b))
    section id=695892 embedded with input truncated to 1227/2367 chars (D1(b))
    section id=695895 embedded with input truncated to 1227/1839 chars (D1(b))
    section id=695896 embedded with input truncated to 1107/1624 chars (D1(b))
    section id=695897 embedded with input truncated to 1227/1869 chars (D1(b))
    section id=695898 embedded with input truncated to 1227/2131 chars (D1(b))
    section id=695900 embedded with input truncated to 1227/2429 chars (D1(b))
    section id=695904 embedded with input truncated to 1227/1951 chars (D1(b))
    section id=695906 embedded with input truncated to 1227/2872 chars (D1(b))
    section id=695907 embedded with input truncated to 1227/4242 chars (D1(b))
    section id=695908 embedded with input truncated to 1227/4351 chars (D1(b))
    section id=695909 embedded with input truncated to 1227/2993 chars (D1(b))
    section id=695910 embedded with input truncated to 1227/2013 chars (D1(b))
    section id=695912 embedded with input truncated to 1227/2343 chars (D1(b))
    section id=695916 embedded with input truncated to 1143/1676 chars (D1(b))
    section id=695918 embedded with input truncated to 1227/3284 chars (D1(b))
    section id=695920 embedded with input truncated to 1227/2740 chars (D1(b))
    section id=695924 embedded with input truncated to 1227/2302 chars (D1(b))
    section id=695926 embedded with input truncated to 1227/2547 chars (D1(b))
    section id=695927 embedded with input truncated to 1227/3749 chars (D1(b))
    section id=695933 embedded with input truncated to 1227/2517 chars (D1(b))
    section id=695934 embedded with input truncated to 1227/2017 chars (D1(b))
    section id=695936 embedded with input truncated to 858/1829 chars (D1(b))
    section id=695937 embedded with input truncated to 1227/2594 chars (D1(b))
    section id=695938 embedded with input truncated to 1227/2230 chars (D1(b))
    section id=695940 embedded with input truncated to 1172/1719 chars (D1(b))
    section id=695942 embedded with input truncated to 1227/1973 chars (D1(b))
    section id=695947 embedded with input truncated to 1227/2130 chars (D1(b))
    section id=695948 embedded with input truncated to 1227/2015 chars (D1(b))
    section id=695949 embedded with input truncated to 1227/2112 chars (D1(b))
    section id=695951 embedded with input truncated to 1459/1497 chars (D1(b))
    section id=695953 embedded with input truncated to 1653/1697 chars (D1(b))
    section id=695954 embedded with input truncated to 1227/2588 chars (D1(b))
    section id=695956 embedded with input truncated to 1227/3033 chars (D1(b))
    section id=695959 embedded with input truncated to 1227/3323 chars (D1(b))
    section id=695963 embedded with input truncated to 1583/1625 chars (D1(b))
    section id=695965 embedded with input truncated to 1088/1596 chars (D1(b))
    section id=695966 embedded with input truncated to 1227/2587 chars (D1(b))
    section id=695967 embedded with input truncated to 1227/2248 chars (D1(b))
    section id=695968 embedded with input truncated to 1227/2804 chars (D1(b))
    section id=695974 embedded with input truncated to 1227/3961 chars (D1(b))
    section id=695975 embedded with input truncated to 1183/1734 chars (D1(b))
  progress: embedded=13440/21930 failed_sections=0 elapsed=2041s
  progress: embedded=14080/21930 failed_sections=0 elapsed=2058s
  progress: embedded=14720/21930 failed_sections=0 elapsed=2074s
  progress: embedded=15360/21930 failed_sections=0 elapsed=2089s
  progress: embedded=16000/21930 failed_sections=0 elapsed=2104s
  progress: embedded=16640/21930 failed_sections=0 elapsed=2120s
  progress: embedded=17280/21930 failed_sections=0 elapsed=2136s
  progress: embedded=17920/21930 failed_sections=0 elapsed=2151s
  progress: embedded=18560/21930 failed_sections=0 elapsed=2167s
  progress: embedded=19200/21930 failed_sections=0 elapsed=2183s
  progress: embedded=19840/21930 failed_sections=0 elapsed=2199s
  progress: embedded=20480/21930 failed_sections=0 elapsed=2222s
  progress: embedded=21120/21930 failed_sections=0 elapsed=2246s
  progress: embedded=21760/21930 failed_sections=0 elapsed=2269s

DONE on prod in 2277s
sections embedded: 21930 · batches with failures: 0 · sections failed: 0 · over-window inputs truncated to 1800 chars (D1(b)): ~10325
published works with sections but zero section_embeddings: BEFORE=91 AFTER=0
