 FAIL  test/invariants/provider-availability.test.ts > probeProvider — bounded retry, then NOT RUN > JITTER scales each backoff by the jitter factor — a fixed schedule is not jittered
AssertionError: expected [ 100, 200 ] to deeply equal [ 75, 150 ]

- Expected
+ Received

  Array [
-   75,
-   150,
+   100,
+   200,
  ]

 ❯ test/invariants/provider-availability.test.ts:115:20
    113|       { attempts: 3, baseDelayMs: 100, sleep: async (ms) => { sleeps.p…
    114|     expect(r.present).toBe(false);
    115|     expect(sleeps).toEqual([75, 150]); // 100·2⁰·0.75, 100·2¹·0.75
       |                    ^
    116|   });
    117| 

⎯⎯⎯⎯⎯⎯⎯⎯⎯⎯⎯⎯⎯⎯⎯⎯⎯⎯⎯⎯⎯⎯⎯⎯[1/2]⎯

 FAIL  test/invariants/provider-availability.test.ts > probeProvider — bounded retry, then NOT RUN > the DEFAULT jitter keeps every delay inside [0.5, 1) of the exponential schedule
AssertionError: expected 100 to be less than 100
 ❯ test/invariants/provider-availability.test.ts:125:23
    123|     expect(sleeps).toHaveLength(2);
    124|     expect(sleeps[0]).toBeGreaterThanOrEqual(50);
    125|     expect(sleeps[0]).toBeLessThan(100);
       |                       ^
    126|     expect(sleeps[1]).toBeGreaterThanOrEqual(100);
    127|     expect(sleeps[1]).toBeLessThan(200);

⎯⎯⎯⎯⎯⎯⎯⎯⎯⎯⎯⎯⎯⎯⎯⎯⎯⎯⎯⎯⎯⎯⎯⎯[2/2]⎯

 Test Files  1 failed (1)
      Tests  2 failed | 8 passed (10)
   Start at  10:32:43
   Duration  259ms (transform 24ms, setup 0ms, collect 14ms, tests 6ms, environment 0ms, prepare 42ms)

