[33mThe CJS build of Vite's Node API is deprecated. See https://vite.dev/guide/troubleshooting.html#vite-cjs-node-api-deprecated for more details.[39m

 RUN  v2.1.9 /private/tmp/swarm-W-SEC-CSRF/web

 ❯ test/invariants/csrf-content-type-floor.test.ts (28 tests | 5 failed) 7ms
   × requireJsonContentType — the guard itself > rejects the CORS-simple Content-Type text/plain with the standard envelope 3ms
     → expected null not to be null
   × requireJsonContentType — the guard itself > rejects the CORS-simple Content-Type application/x-www-form-urlencoded with the standard envelope 0ms
     → expected null not to be null
   × requireJsonContentType — the guard itself > rejects the CORS-simple Content-Type multipart/form-data; boundary=x with the standard envelope 0ms
     → expected null not to be null
   × requireJsonContentType — the guard itself > rejects a missing Content-Type the same way 0ms
     → expected undefined to be 400 // Object.is equality
   × POST /api/history/search — the floor on the wire > a simple-Content-Type mutation is 400 and never reaches retrieval 1ms
     → Cannot read properties of undefined (reading 'ok')

⎯⎯⎯⎯⎯⎯⎯ Failed Tests 5 ⎯⎯⎯⎯⎯⎯⎯

 FAIL  test/invariants/csrf-content-type-floor.test.ts > requireJsonContentType — the guard itself > rejects the CORS-simple Content-Type text/plain with the standard envelope
 FAIL  test/invariants/csrf-content-type-floor.test.ts > requireJsonContentType — the guard itself > rejects the CORS-simple Content-Type application/x-www-form-urlencoded with the standard envelope
 FAIL  test/invariants/csrf-content-type-floor.test.ts > requireJsonContentType — the guard itself > rejects the CORS-simple Content-Type multipart/form-data; boundary=x with the standard envelope
AssertionError: expected null not to be null
 ❯ test/invariants/csrf-content-type-floor.test.ts:142:23
    140|     async (ct) => {
    141|       const res = requireJsonContentType(withType(ct));
    142|       expect(res).not.toBeNull();
       |                       ^
    143|       expect(res!.status).toBe(400);
    144|       const body = (await res!.json()) as { error: { code: string } };

⎯⎯⎯⎯⎯⎯⎯⎯⎯⎯⎯⎯⎯⎯⎯⎯⎯⎯⎯⎯⎯⎯⎯⎯[1/5]⎯

 FAIL  test/invariants/csrf-content-type-floor.test.ts > requireJsonContentType — the guard itself > rejects a missing Content-Type the same way
AssertionError: expected undefined to be 400 // Object.is equality

- Expected: 
400

+ Received: 
undefined

 ❯ test/invariants/csrf-content-type-floor.test.ts:149:60
    147|   );
    148|   it('rejects a missing Content-Type the same way', () => {
    149|     expect(requireJsonContentType(withType(null))?.status).toBe(400);
       |                                                            ^
    150|   });
    151|   it.each(['application/json', 'application/json; charset=utf-8', 'App…

⎯⎯⎯⎯⎯⎯⎯⎯⎯⎯⎯⎯⎯⎯⎯⎯⎯⎯⎯⎯⎯⎯⎯⎯[2/5]⎯

 FAIL  test/invariants/csrf-content-type-floor.test.ts > POST /api/history/search — the floor on the wire > a simple-Content-Type mutation is 400 and never reaches retrieval
TypeError: Cannot read properties of undefined (reading 'ok')
 ❯ Module.POST src/app/api/history/search/route.ts:47:11
     45| 
     46|   const rl = await checkHistorySearchRateLimit(userId);
     47|   if (!rl.ok) {
       |           ^
     48|     return NextResponse.json(
     49|       { error: 'rate_limited', retryAfterSec: rl.retryAfterSec },
 ❯ test/invariants/csrf-content-type-floor.test.ts:173:17

⎯⎯⎯⎯⎯⎯⎯⎯⎯⎯⎯⎯⎯⎯⎯⎯⎯⎯⎯⎯⎯⎯⎯⎯[3/5]⎯

 Test Files  1 failed (1)
      Tests  5 failed | 23 passed (28)
   Start at  10:44:31
   Duration  248ms (transform 27ms, setup 0ms, collect 55ms, tests 7ms, environment 0ms, prepare 33ms)

