
STEP ZERO — prod-credential preflight
  target host: ep-wispy-violet-atiddys9.c-9.us-east-1.aws.neon.tech
  ✓ endpoint contains ep-wispy-violet
  ✓ current_user = neondb_owner
  ✓ write capability proven (BEGIN; CREATE TEMP; ROLLBACK)
  positive control (Gill rows): 28843
  ✓ positive control fires
STEP ZERO PASSED — safe to proceed.

HARD STOP (§4.1): STEP ZERO passed. Proceed to the FIRST PROD WRITE (E1 migrations)? type "write": 
E1 — migrations 016-030 (fresh; prod is pre-016 per census)
  ✓ precondition: prod is pre-016 (BUILD)
  ✓ hazard 2: no section-ordinal annotation precedes 024 (verse-offset highlights are unaffected)
  apply 016_history_sections
(node:12319) Warning: SECURITY WARNING: The SSL modes 'prefer', 'require', and 'verify-ca' are treated as aliases for 'verify-full'.
In the next major version (pg-connection-string v3.0.0 and pg v9.0.0), these modes will adopt standard libpq semantics, which have weaker security guarantees.

To prepare for this change:
- If you want the current behavior, explicitly use 'sslmode=verify-full'
- If you want libpq compatibility now, use 'uselibpqcompat=true&sslmode=require'

See https://www.postgresql.org/docs/current/libpq-ssl.html for libpq SSL mode definitions.
(Use `node --trace-warnings ...` to show where the warning was created)
✓ applied db/migrations/016_history_sections.sql
  apply 017_source_type_registers
(node:12340) Warning: SECURITY WARNING: The SSL modes 'prefer', 'require', and 'verify-ca' are treated as aliases for 'verify-full'.
In the next major version (pg-connection-string v3.0.0 and pg v9.0.0), these modes will adopt standard libpq semantics, which have weaker security guarantees.

To prepare for this change:
- If you want the current behavior, explicitly use 'sslmode=verify-full'
- If you want libpq compatibility now, use 'uselibpqcompat=true&sslmode=require'

See https://www.postgresql.org/docs/current/libpq-ssl.html for libpq SSL mode definitions.
(Use `node --trace-warnings ...` to show where the warning was created)
✓ applied db/migrations/017_source_type_registers.sql
  apply 020_embeddings_source_type_registers
(node:12343) Warning: SECURITY WARNING: The SSL modes 'prefer', 'require', and 'verify-ca' are treated as aliases for 'verify-full'.
In the next major version (pg-connection-string v3.0.0 and pg v9.0.0), these modes will adopt standard libpq semantics, which have weaker security guarantees.

To prepare for this change:
- If you want the current behavior, explicitly use 'sslmode=verify-full'
- If you want libpq compatibility now, use 'uselibpqcompat=true&sslmode=require'

See https://www.postgresql.org/docs/current/libpq-ssl.html for libpq SSL mode definitions.
(Use `node --trace-warnings ...` to show where the warning was created)
✓ applied db/migrations/020_embeddings_source_type_registers.sql
  apply 021_revoke_app_runtime_anchor_writes
(node:12346) Warning: SECURITY WARNING: The SSL modes 'prefer', 'require', and 'verify-ca' are treated as aliases for 'verify-full'.
In the next major version (pg-connection-string v3.0.0 and pg v9.0.0), these modes will adopt standard libpq semantics, which have weaker security guarantees.

To prepare for this change:
- If you want the current behavior, explicitly use 'sslmode=verify-full'
- If you want libpq compatibility now, use 'uselibpqcompat=true&sslmode=require'

See https://www.postgresql.org/docs/current/libpq-ssl.html for libpq SSL mode definitions.
(Use `node --trace-warnings ...` to show where the warning was created)
✓ applied db/migrations/021_revoke_app_runtime_anchor_writes.sql
  apply 022_embeddings_write_policy_user_scope
(node:12349) Warning: SECURITY WARNING: The SSL modes 'prefer', 'require', and 'verify-ca' are treated as aliases for 'verify-full'.
In the next major version (pg-connection-string v3.0.0 and pg v9.0.0), these modes will adopt standard libpq semantics, which have weaker security guarantees.

To prepare for this change:
- If you want the current behavior, explicitly use 'sslmode=verify-full'
- If you want libpq compatibility now, use 'uselibpqcompat=true&sslmode=require'

See https://www.postgresql.org/docs/current/libpq-ssl.html for libpq SSL mode definitions.
(Use `node --trace-warnings ...` to show where the warning was created)
✓ applied db/migrations/022_embeddings_write_policy_user_scope.sql
  apply 023_sources_status_ingesting
(node:12364) Warning: SECURITY WARNING: The SSL modes 'prefer', 'require', and 'verify-ca' are treated as aliases for 'verify-full'.
In the next major version (pg-connection-string v3.0.0 and pg v9.0.0), these modes will adopt standard libpq semantics, which have weaker security guarantees.

To prepare for this change:
- If you want the current behavior, explicitly use 'sslmode=verify-full'
- If you want libpq compatibility now, use 'uselibpqcompat=true&sslmode=require'

See https://www.postgresql.org/docs/current/libpq-ssl.html for libpq SSL mode definitions.
(Use `node --trace-warnings ...` to show where the warning was created)
✓ applied db/migrations/023_sources_status_ingesting.sql
  apply 024_sections_unit_ordinal
(node:12367) Warning: SECURITY WARNING: The SSL modes 'prefer', 'require', and 'verify-ca' are treated as aliases for 'verify-full'.
In the next major version (pg-connection-string v3.0.0 and pg v9.0.0), these modes will adopt standard libpq semantics, which have weaker security guarantees.

To prepare for this change:
- If you want the current behavior, explicitly use 'sslmode=verify-full'
- If you want libpq compatibility now, use 'uselibpqcompat=true&sslmode=require'

See https://www.postgresql.org/docs/current/libpq-ssl.html for libpq SSL mode definitions.
(Use `node --trace-warnings ...` to show where the warning was created)
✗ db/migrations/024_sections_unit_ordinal.sql failed: CREATE INDEX CONCURRENTLY cannot run inside a transaction block

✗ ABORT at unhandled: Command failed: node db/apply-migration.mjs db/migrations/024_sections_unit_ordinal.sql

STEP ZERO — prod-credential preflight
  target host: ep-wispy-violet-atiddys9.c-9.us-east-1.aws.neon.tech
  ✓ endpoint contains ep-wispy-violet
  ✓ current_user = neondb_owner
  ✓ write capability proven (BEGIN; CREATE TEMP; ROLLBACK)
  positive control (Gill rows): 28843
  ✓ positive control fires
STEP ZERO PASSED — safe to proceed.

HARD STOP (§4.1): STEP ZERO passed. Proceed to the FIRST PROD WRITE (E1 migrations)? type "write": 
E1 — migrations 016-030 (fresh; prod is pre-016 per census)

✗ ABORT at E1: prod already has 016 objects; this orchestrator assumes a pre-016 BUILD. Re-census before proceeding.
  rollback: none written yet

STEP ZERO — prod-credential preflight
  target host: ep-wispy-violet-atiddys9.c-9.us-east-1.aws.neon.tech
  ✓ endpoint contains ep-wispy-violet
  ✓ current_user = neondb_owner
  ✓ write capability proven (BEGIN; CREATE TEMP; ROLLBACK)
  positive control (Gill rows): 28843
  ✓ positive control fires
STEP ZERO PASSED — safe to proceed.

HARD STOP (§4.1): STEP ZERO passed. Proceed to the FIRST PROD WRITE (E1 migrations)? type "write": 
E1 — migrations 016-030 (fresh; prod is pre-016 per census)
  ✓ resuming E1 (6 step(s) checkpointed)
  ✓ hazard 2: no section-ordinal annotation precedes 024 (verse-offset highlights are unaffected)
    (checkpoint) 016_history_sections already applied
    (checkpoint) 017_source_type_registers already applied
    (checkpoint) 020_embeddings_source_type_registers already applied
    (checkpoint) 021_revoke_app_runtime_anchor_writes already applied
    (checkpoint) 022_embeddings_write_policy_user_scope already applied
    (checkpoint) 023_sources_status_ingesting already applied
  apply 025_annotations_polymorphic
(node:12508) Warning: SECURITY WARNING: The SSL modes 'prefer', 'require', and 'verify-ca' are treated as aliases for 'verify-full'.
In the next major version (pg-connection-string v3.0.0 and pg v9.0.0), these modes will adopt standard libpq semantics, which have weaker security guarantees.

To prepare for this change:
- If you want the current behavior, explicitly use 'sslmode=verify-full'
- If you want libpq compatibility now, use 'uselibpqcompat=true&sslmode=require'

See https://www.postgresql.org/docs/current/libpq-ssl.html for libpq SSL mode definitions.
(Use `node --trace-warnings ...` to show where the warning was created)
✓ applied db/migrations/025_annotations_polymorphic.sql
  apply 026_bookmarks
(node:12511) Warning: SECURITY WARNING: The SSL modes 'prefer', 'require', and 'verify-ca' are treated as aliases for 'verify-full'.
In the next major version (pg-connection-string v3.0.0 and pg v9.0.0), these modes will adopt standard libpq semantics, which have weaker security guarantees.

To prepare for this change:
- If you want the current behavior, explicitly use 'sslmode=verify-full'
- If you want libpq compatibility now, use 'uselibpqcompat=true&sslmode=require'

See https://www.postgresql.org/docs/current/libpq-ssl.html for libpq SSL mode definitions.
(Use `node --trace-warnings ...` to show where the warning was created)
✓ applied db/migrations/026_bookmarks.sql
  apply 027_library_items
(node:12514) Warning: SECURITY WARNING: The SSL modes 'prefer', 'require', and 'verify-ca' are treated as aliases for 'verify-full'.
In the next major version (pg-connection-string v3.0.0 and pg v9.0.0), these modes will adopt standard libpq semantics, which have weaker security guarantees.

To prepare for this change:
- If you want the current behavior, explicitly use 'sslmode=verify-full'
- If you want libpq compatibility now, use 'uselibpqcompat=true&sslmode=require'

See https://www.postgresql.org/docs/current/libpq-ssl.html for libpq SSL mode definitions.
(Use `node --trace-warnings ...` to show where the warning was created)
✓ applied db/migrations/027_library_items.sql
  apply 028_reading_progress
(node:12517) Warning: SECURITY WARNING: The SSL modes 'prefer', 'require', and 'verify-ca' are treated as aliases for 'verify-full'.
In the next major version (pg-connection-string v3.0.0 and pg v9.0.0), these modes will adopt standard libpq semantics, which have weaker security guarantees.

To prepare for this change:
- If you want the current behavior, explicitly use 'sslmode=verify-full'
- If you want libpq compatibility now, use 'uselibpqcompat=true&sslmode=require'

See https://www.postgresql.org/docs/current/libpq-ssl.html for libpq SSL mode definitions.
(Use `node --trace-warnings ...` to show where the warning was created)
✓ applied db/migrations/028_reading_progress.sql
  apply 029_tags
(node:12520) Warning: SECURITY WARNING: The SSL modes 'prefer', 'require', and 'verify-ca' are treated as aliases for 'verify-full'.
In the next major version (pg-connection-string v3.0.0 and pg v9.0.0), these modes will adopt standard libpq semantics, which have weaker security guarantees.

To prepare for this change:
- If you want the current behavior, explicitly use 'sslmode=verify-full'
- If you want libpq compatibility now, use 'uselibpqcompat=true&sslmode=require'

See https://www.postgresql.org/docs/current/libpq-ssl.html for libpq SSL mode definitions.
(Use `node --trace-warnings ...` to show where the warning was created)
✓ applied db/migrations/029_tags.sql
  apply 030_annotation_constraints_tighten
(node:12523) Warning: SECURITY WARNING: The SSL modes 'prefer', 'require', and 'verify-ca' are treated as aliases for 'verify-full'.
In the next major version (pg-connection-string v3.0.0 and pg v9.0.0), these modes will adopt standard libpq semantics, which have weaker security guarantees.

To prepare for this change:
- If you want the current behavior, explicitly use 'sslmode=verify-full'
- If you want libpq compatibility now, use 'uselibpqcompat=true&sslmode=require'

See https://www.postgresql.org/docs/current/libpq-ssl.html for libpq SSL mode definitions.
(Use `node --trace-warnings ...` to show where the warning was created)
✓ applied db/migrations/030_annotation_constraints_tighten.sql
  apply (concurrent) 018_register_partial_indexes
(node:12526) Warning: SECURITY WARNING: The SSL modes 'prefer', 'require', and 'verify-ca' are treated as aliases for 'verify-full'.
In the next major version (pg-connection-string v3.0.0 and pg v9.0.0), these modes will adopt standard libpq semantics, which have weaker security guarantees.

To prepare for this change:
- If you want the current behavior, explicitly use 'sslmode=verify-full'
- If you want libpq compatibility now, use 'uselibpqcompat=true&sslmode=require'

See https://www.postgresql.org/docs/current/libpq-ssl.html for libpq SSL mode definitions.
(Use `node --trace-warnings ...` to show where the warning was created)
  ✓ part 1/15
  ✓ part 2/15
  ✓ part 3/15
  ✓ part 4/15
  ✓ part 5/15
  ✓ part 6/15
  ✓ part 7/15
  ✓ part 8/15
  ✓ part 9/15
  ✓ part 10/15
  ✓ part 11/15
  ✓ part 12/15
  ✓ part 13/15
  ✓ part 14/15
  ✓ part 15/15
  ✓ post-apply: 5 index(es) VALID and READY (idx_embeddings_vector_legal, idx_embeddings_vector_song_verse, idx_embeddings_vector_sermon, idx_embeddings_vector_theology, idx_embeddings_verseid_registers)
✓ applied db/migrations/018_register_partial_indexes.sql
  apply (concurrent) 019_register_columns_fts
(node:12621) Warning: SECURITY WARNING: The SSL modes 'prefer', 'require', and 'verify-ca' are treated as aliases for 'verify-full'.
In the next major version (pg-connection-string v3.0.0 and pg v9.0.0), these modes will adopt standard libpq semantics, which have weaker security guarantees.

To prepare for this change:
- If you want the current behavior, explicitly use 'sslmode=verify-full'
- If you want libpq compatibility now, use 'uselibpqcompat=true&sslmode=require'

See https://www.postgresql.org/docs/current/libpq-ssl.html for libpq SSL mode definitions.
(Use `node --trace-warnings ...` to show where the warning was created)
  ✓ part 1/7
  ✓ part 2/7
  ✓ part 3/7
  ✓ part 4/7
  ✓ part 5/7
  ✓ part 6/7
  ✓ part 7/7
  ✓ post-apply: 1 index(es) VALID and READY (idx_commentary_fts_legal)
✓ applied db/migrations/019_register_columns_fts.sql
  apply (concurrent) 024_sections_unit_ordinal
(node:12688) Warning: SECURITY WARNING: The SSL modes 'prefer', 'require', and 'verify-ca' are treated as aliases for 'verify-full'.
In the next major version (pg-connection-string v3.0.0 and pg v9.0.0), these modes will adopt standard libpq semantics, which have weaker security guarantees.

To prepare for this change:
- If you want the current behavior, explicitly use 'sslmode=verify-full'
- If you want libpq compatibility now, use 'uselibpqcompat=true&sslmode=require'

See https://www.postgresql.org/docs/current/libpq-ssl.html for libpq SSL mode definitions.
(Use `node --trace-warnings ...` to show where the warning was created)
  ✓ part 1/3
  ✓ part 2/3
  ✓ part 3/3
  ✓ post-apply: 1 index(es) VALID and READY (sections_unit_ordinal_idx)
✓ applied db/migrations/024_sections_unit_ordinal.sql
  ✓ postcondition: no invalid serving index

E2 — register-label the flat embeddings (metadata UPDATE, not a re-embed)
  precondition (re-measured): 190635/190635 rows unlabeled

✗ ABORT at E2: register-label sweep tool must be wired here before a real run (dev got this from the 33-work sweep; the prod tool is not yet built). PARKED — see CUTOVER_DESIGN E2.
  rollback: labels are additive; revert by clearing metadata.work

STEP ZERO — prod-credential preflight
  target host: ep-wispy-violet-atiddys9.c-9.us-east-1.aws.neon.tech
  ✓ endpoint contains ep-wispy-violet
  ✓ current_user = neondb_owner
  ✓ write capability proven (BEGIN; CREATE TEMP; ROLLBACK)
  positive control (Gill rows): 28843
  ✓ positive control fires
STEP ZERO PASSED — safe to proceed.

E1 — (checkpoint) all migrations applied

E2 — register-label the flat embeddings (metadata UPDATE, not a re-embed)
  precondition (re-measured): 190635/190635 rows unlabeled
host: ep-wispy-violet-atiddys9.c-9.us-east-1.aws.neon.tech (credentials redacted)
entries with match_author: 12
(node:12973) Warning: SECURITY WARNING: The SSL modes 'prefer', 'require', and 'verify-ca' are treated as aliases for 'verify-full'.
In the next major version (pg-connection-string v3.0.0 and pg v9.0.0), these modes will adopt standard libpq semantics, which have weaker security guarantees.

To prepare for this change:
- If you want the current behavior, explicitly use 'sslmode=verify-full'
- If you want libpq compatibility now, use 'uselibpqcompat=true&sslmode=require'

See https://www.postgresql.org/docs/current/libpq-ssl.html for libpq SSL mode definitions.
(Use `node --trace-warnings ...` to show where the warning was created)
before: 190635/190635 unlabeled
  labeled 1300 rows: "Barnes' Notes" -> barnes-notes
  labeled 28843 rows: "John Gill" -> john-gill
  labeled 15473 rows: "Jamieson, Fausset & Brown" -> jfb
  labeled 12693 rows: "Adam Clarke" -> adam-clarke
  labeled 4210 rows: "Matthew Henry" -> matthew-henry
  labeled 6275 rows: "John Wesley" -> wesley-crosswire
  labeled 6215 rows: "John Calvin" -> calvin-crosswire
  labeled 1215 rows: "C.I. Scofield" -> scofield-crosswire
  labeled 288 rows: "B.W. Johnson" -> pnt-crosswire
  labeled 1308 rows: "Matthew Poole" -> poole-tcp
after: 112815/190635 unlabeled (77820 rows updated)

OK: register-label complete
  postcondition: 112815/190635 unlabeled (was 190635)
  ✓ register-label applied

E3 — forbidden-provenance cleanup (DELETE; backup-before-delete)
  precondition (re-measured): 71884 forbidden-provenance rows
  action: npx tsx src/ingest/b2-remove-forbidden-provenance.ts --apply  (backup -> delete -> ratchet)
forbidden domains (canonical, license-manifest): biblehub.com, studylight.org, historicalchristian.faith
(node:13498) Warning: SECURITY WARNING: The SSL modes 'prefer', 'require', and 'verify-ca' are treated as aliases for 'verify-full'.
In the next major version (pg-connection-string v3.0.0 and pg v9.0.0), these modes will adopt standard libpq semantics, which have weaker security guarantees.

To prepare for this change:
- If you want the current behavior, explicitly use 'sslmode=verify-full'
- If you want libpq compatibility now, use 'uselibpqcompat=true&sslmode=require'

See https://www.postgresql.org/docs/current/libpq-ssl.html for libpq SSL mode definitions.
(Use `node --trace-warnings ...` to show where the warning was created)

forbidden-provenance rows in DB `embeddings` (served, user_id IS NULL):
  [historicalchristian.faith] 56177
  [biblehub.com] 15707
    - Thomas Aquinas: 7788
    - Theophylact of Ohrid: 5671
    - Bede: 4551
    - John Chrysostom: 4464
    - Bonaventure: 3674
    - Jerome: 3479
    - Augustine of Hippo: 2555
    - Gregory the Dialogist: 2453
    - Tertullian: 2094
    - Oecumenius: 1561
    - Augustine of Hippo  (as quoted by Aquinas, AD 1274): 1412
    - J.P. Lange: 1360
    - Alexander MacLaren: 1326
    - Pulpit Commentary: 1322
    - J.N. Darby: 1308
    - Matthew Poole: 1308
    - Joseph Benson: 1300
    - Barnes' Notes: 1300
    - Ambrose of Milan: 1271
    - Cambridge Bible: 1264
    - C.I. Scofield: 1215
    - Geneva Study Bible: 1194
    - John Calvin: 1125
    - Bede  (as quoted by Aquinas, AD 1274): 1107
    - Origen of Alexandria: 1057
    - Cyril of Alexandria: 1030
    - John Wesley: 1021
    - Theophylact of Ohrid  (as quoted by Aquinas, AD 1274): 880
    - Clement of Alexandria: 751
    - Irenaeus: 673
    - Cyprian: 657
    - Jerome  (as quoted by Aquinas, AD 1274): 653
    - John Chrysostom  (as quoted by Aquinas, AD 1274): 595
    - Origen of Alexandria  (as quoted by Aquinas, AD 1274): 488
    - Philoxenus of Mabbug: 453
    - Gregory the Dialogist  (as quoted by Aquinas, AD 1274): 452
    - Ambrose of Milan  (as quoted by Aquinas, AD 1274): 443
    - Pseudo-Chrysostom  (as quoted by Aquinas, AD 1274): 430
    - Hippolytus of Rome: 396
    - Hilary of Poitiers  (as quoted by Aquinas, AD 1274): 380
    - Johann Bengel: 376
    - Glossa Ordinaria  (as quoted by Aquinas, AD 1274): 352
    - Cyril of Alexandria  (as quoted by Aquinas, AD 1274): 325
    - Remigius of Rheims  (as quoted by Aquinas, AD 1274): 316
    - B.W. Johnson: 288
    - Rabanus Maurus  (as quoted by Aquinas, AD 1274): 270
    - Cosmas Indicopleustes: 258
    - Ignatius of Antioch: 216
    - Alcuin of York: 187
    - Pseudo-Jerome  (as quoted by Aquinas, AD 1274): 186
    - Bernard of Clairvaux: 180
    - Justin Martyr: 165
    - Apostolic Constitutions: 164
    - Alcuin of York  (as quoted by Aquinas, AD 1274): 160
    - Victorinus of Pettau: 143
    - Clement of Rome: 124
    - Shepherd of Hermas: 114
    - Robert of Tombelaine: 107
    - Basil of Caesarea  (as quoted by Aquinas, AD 1274): 99
    - Ancient Greek Expositor  (as quoted by Aquinas, AD 1274): 94
    - Pseudo-Clement: 89
    - Titus of Bostra  (as quoted by Aquinas, AD 1274): 88
    - Eusebius of Caesarea  (as quoted by Aquinas, AD 1274): 84
    - Lucius Caecilius Firmianus Lactantius: 78
    - Gregory of Nyssa  (as quoted by Aquinas, AD 1274): 76
    - Clement of Alexandria  (as quoted by Cassiodorus): 70
    - Methodius of Olympus: 61
    - Polycarp of Smyrna: 56
    - Didache: 53
    - Athanasius of Alexandria  (as quoted by Aquinas, AD 1274): 40
    - Dionysius of Alexandria: 38
    - Pseudo-Augustine  (as quoted by Aquinas, AD 1274): 33
    - Hilary of Poitiers: 28
    - Leo the Great  (as quoted by Aquinas, AD 1274): 28
    - Peter Chrysologus  (as quoted by Aquinas, AD 1274): 28
    - Alexander of Alexandria: 24
    - Irenaeus (Reporting Valentinian Views): 24
    - Peter of Alexandria: 21
    - Gregory of Nazianzus  (as quoted by Aquinas, AD 1274): 20
    - Eusebius of Caesarea: 18
    - Cyprian  (as quoted by Aquinas, AD 1274): 17
    - Epistle of Barnabas: 16
    - Pseudo-Origen  (as quoted by Aquinas, AD 1274): 15
    - Arnobius of Sicca: 14
    - John Damascene  (as quoted by Aquinas, AD 1274): 14
    - Tatian the Assyrian: 12
    - Haymo of Halberstadt  (as quoted by Aquinas, AD 1274): 10
    - Isidore of Pelusium  (as quoted by Aquinas, AD 1274): 10
    - Cyril of Jerusalem: 10
    - Athanasius of Alexandria: 9
    - Theophilus of Antioch: 9
    - Maximus the Confessor  (as quoted by Aquinas, AD 1274): 9
    - Commodian: 8
    - Vigilius of Thapsus  (as quoted by Aquinas, AD 1274): 7
    - Epiphanius of Salamis  (as quoted by Aquinas, AD 1274): 7
    - Theonas of Alexandria: 7
    - Papias of Hierapolis  (as quoted by Eusebius of Caesarea, AD 339): 6
    - Pseudo-Dionysius the Areopagite  (as quoted by Aquinas, AD 1274): 6
    - John Cassian: 6
    - Basil of Caesarea: 6
    - Didymus the Blind  (as quoted by Aquinas, AD 1274): 6
    - Cosmas Indicopleustes (quoting Timotheus of Alexandria): 5
    - Clement of Alexandria  (as quoted by Cassiodorus, AD 585): 5
    - Gregory of Nazianzus: 5
    - John Cassian  (as quoted by Aquinas, AD 1274): 5
    - Hegesippus  (as quoted by Eusebius of Caesarea, AD 339): 5
    - Cosmas Indicopleustes (quoting Severianus of Gabala, Hexaemeron): 5
    - Council of Ephesus  (as quoted by Aquinas, AD 1274): 4
    - Clement of Alexandria  (as quoted by Nicetas of Heraclea, AD 1100): 4
    - Odes of Solomon: 4
    - Pseudo-Dionysius the Areopagite: 4
    - Ambrosiaster: 4
    - Theodotus of Ancyra  (as quoted by Aquinas, AD 1274): 3
    - Ambrosiaster  (as quoted by Aquinas, AD 1274): 3
    - Isidore of Seville  (as quoted by Aquinas, AD 1274): 3
    - Papias of Hierapolis: 3
    - The Liturgy Of The Blessed Apostles: 3
    - Cosmas Indicopleustes (quoting John Chrysostom, Commentary on Ephesians): 3
    - Cosmas Indicopleustes (quoting Severianus of Gabala, Hexaemeron, Book 1): 3
    - Cosmas Indicopleustes (quoting Theophilus of Alexandria, First Festal Epistle): 3
    - The Passion of Saints Perpetua and Felicity: 3
    - Pseudo-Basil  (as quoted by Aquinas, AD 1274): 3
    - Hegemonius: 3
    - Gennadius of Massilia  (as quoted by Aquinas, AD 1274): 2
    - Ignatius of Antioch  (as quoted by Origen, AD 235): 2
    - Josephus  (as quoted by Aquinas, AD 1274): 2
    - Maximus of Turin  (as quoted by Aquinas, AD 1274): 2
    - Nemesius of Emesa  (as quoted by Aquinas, AD 1274): 2
    - JB Lightfoot: 2
    - Leo the Great: 2
    - Gregory of Nyssa: 2
    - Polycrates Of Ephesus: 2
    - Cosmas Indicopleustes (quoting John Chrysostom, Commentary on Hebrews): 2
    - Pope Dionysius: 2
    - Clement of Alexandria  (as quoted by Corderius, AD 1564): 2
    - Irenaeus (Reporting Marcosian Views): 2
    - Cosmas Indicopleustes (quoting Severianus of Gabala, Hexaemeron, Book 4): 2
    - Cosmas Indicopleustes (quoting Philon of Carpathus, Commentary on Canticles): 2
    - Petrus Alphonsi  (as quoted by Aquinas, AD 1274): 1
    - Cyril of Jerusalem  (as quoted by Aquinas, AD 1274): 1
    - Anselm of Canterbury  (as quoted by Aquinas, AD 1274): 1
    - Julius Africanus: 1
    - Council of Carthage of 419: 1
    - Caius Presbyter of Rome: 1
    - Irenaeus (Reporting Heretical Views): 1
    - Hippolytus of Rome  is referenced above by Jerome (AD 420): 1
    - Origen of Alexandria  is referenced above by Jerome (AD 420): 1
    - Socrates Scholasticus: 1
    - Clement of Alexandria  (as quoted by Eusebius, AD 339): 1
    - Irenaeus (Reporting Heretical Practices): 1
    - Cosmas Indicopleustes (quoting Epiphanius of Cyprus, On Measures and Weights): 1
    - Cosmas Indicopleustes (quoting Severianus of Gabala, Hexaemeron, Book 2): 1
    - Papias of Hierapolis  is referenced above by Eusebius of Caesarea: 1
    - Cosmas Indicopleustes (quoting John Chrysostom, On Alms): 1
    - Clement of Alexandria  (as quoted by Aquinas, AD 1274): 1
    - Dionysius of Alexandria  (as quoted by Aquinas, AD 1274): 1
    - Cosmas Indicopleustes (quoting Theodosius of Alexandria): 1
    - Gospel of the Hebrews  (as quoted by Jerome, AD 420): 1
    - Second Council of Constantinople  (as quoted by Aquinas, AD 1274): 1
    - Lanfranc of Canterbury  (as quoted by Aquinas, AD 1274): 1
    - Paschasius Radbertus  (as quoted by Aquinas, AD 1274): 1
    - Salvian the Presbyter: 1
    - Theodoret of Cyrus: 1
  DB total: 71884

forbidden-provenance entries in STATIC corpus (web/public/commentaries): 0 across 0 chapter files

✗ REFUSE (coverage gap): 2 (book,chapter) cell(s) would lose ALL commentary with no clean replacement:
    book 2 chapter 40
    book 17 chapter 15
  ESCALATE — re-source clean editions for these cells before removing. NOT applying.

✗ ABORT at unhandled: Command failed: npx tsx src/ingest/b2-remove-forbidden-provenance.ts --apply

STEP ZERO — prod-credential preflight
  target host: ep-wispy-violet-atiddys9.c-9.us-east-1.aws.neon.tech
  ✓ endpoint contains ep-wispy-violet
  ✓ current_user = neondb_owner
  ✓ write capability proven (BEGIN; CREATE TEMP; ROLLBACK)
  positive control (Gill rows): 28843
  ✓ positive control fires
STEP ZERO PASSED — safe to proceed.

E1 — (checkpoint) all migrations applied

E2 — (checkpoint) already done

E3 — forbidden-provenance cleanup (DELETE; backup-before-delete)
  precondition (re-measured): 71884 forbidden-provenance rows
  action: npx tsx src/ingest/b2-remove-forbidden-provenance.ts --apply  (backup -> delete -> ratchet)
forbidden domains (canonical, license-manifest): biblehub.com, studylight.org, historicalchristian.faith
(node:13724) Warning: SECURITY WARNING: The SSL modes 'prefer', 'require', and 'verify-ca' are treated as aliases for 'verify-full'.
In the next major version (pg-connection-string v3.0.0 and pg v9.0.0), these modes will adopt standard libpq semantics, which have weaker security guarantees.

To prepare for this change:
- If you want the current behavior, explicitly use 'sslmode=verify-full'
- If you want libpq compatibility now, use 'uselibpqcompat=true&sslmode=require'

See https://www.postgresql.org/docs/current/libpq-ssl.html for libpq SSL mode definitions.
(Use `node --trace-warnings ...` to show where the warning was created)

forbidden-provenance rows in DB `embeddings` (served, user_id IS NULL):
  [historicalchristian.faith] 56177
  [biblehub.com] 15707
    - Thomas Aquinas: 7788
    - Theophylact of Ohrid: 5671
    - Bede: 4551
    - John Chrysostom: 4464
    - Bonaventure: 3674
    - Jerome: 3479
    - Augustine of Hippo: 2555
    - Gregory the Dialogist: 2453
    - Tertullian: 2094
    - Oecumenius: 1561
    - Augustine of Hippo  (as quoted by Aquinas, AD 1274): 1412
    - J.P. Lange: 1360
    - Alexander MacLaren: 1326
    - Pulpit Commentary: 1322
    - J.N. Darby: 1308
    - Matthew Poole: 1308
    - Joseph Benson: 1300
    - Barnes' Notes: 1300
    - Ambrose of Milan: 1271
    - Cambridge Bible: 1264
    - C.I. Scofield: 1215
    - Geneva Study Bible: 1194
    - John Calvin: 1125
    - Bede  (as quoted by Aquinas, AD 1274): 1107
    - Origen of Alexandria: 1057
    - Cyril of Alexandria: 1030
    - John Wesley: 1021
    - Theophylact of Ohrid  (as quoted by Aquinas, AD 1274): 880
    - Clement of Alexandria: 751
    - Irenaeus: 673
    - Cyprian: 657
    - Jerome  (as quoted by Aquinas, AD 1274): 653
    - John Chrysostom  (as quoted by Aquinas, AD 1274): 595
    - Origen of Alexandria  (as quoted by Aquinas, AD 1274): 488
    - Philoxenus of Mabbug: 453
    - Gregory the Dialogist  (as quoted by Aquinas, AD 1274): 452
    - Ambrose of Milan  (as quoted by Aquinas, AD 1274): 443
    - Pseudo-Chrysostom  (as quoted by Aquinas, AD 1274): 430
    - Hippolytus of Rome: 396
    - Hilary of Poitiers  (as quoted by Aquinas, AD 1274): 380
    - Johann Bengel: 376
    - Glossa Ordinaria  (as quoted by Aquinas, AD 1274): 352
    - Cyril of Alexandria  (as quoted by Aquinas, AD 1274): 325
    - Remigius of Rheims  (as quoted by Aquinas, AD 1274): 316
    - B.W. Johnson: 288
    - Rabanus Maurus  (as quoted by Aquinas, AD 1274): 270
    - Cosmas Indicopleustes: 258
    - Ignatius of Antioch: 216
    - Alcuin of York: 187
    - Pseudo-Jerome  (as quoted by Aquinas, AD 1274): 186
    - Bernard of Clairvaux: 180
    - Justin Martyr: 165
    - Apostolic Constitutions: 164
    - Alcuin of York  (as quoted by Aquinas, AD 1274): 160
    - Victorinus of Pettau: 143
    - Clement of Rome: 124
    - Shepherd of Hermas: 114
    - Robert of Tombelaine: 107
    - Basil of Caesarea  (as quoted by Aquinas, AD 1274): 99
    - Ancient Greek Expositor  (as quoted by Aquinas, AD 1274): 94
    - Pseudo-Clement: 89
    - Titus of Bostra  (as quoted by Aquinas, AD 1274): 88
    - Eusebius of Caesarea  (as quoted by Aquinas, AD 1274): 84
    - Lucius Caecilius Firmianus Lactantius: 78
    - Gregory of Nyssa  (as quoted by Aquinas, AD 1274): 76
    - Clement of Alexandria  (as quoted by Cassiodorus): 70
    - Methodius of Olympus: 61
    - Polycarp of Smyrna: 56
    - Didache: 53
    - Athanasius of Alexandria  (as quoted by Aquinas, AD 1274): 40
    - Dionysius of Alexandria: 38
    - Pseudo-Augustine  (as quoted by Aquinas, AD 1274): 33
    - Hilary of Poitiers: 28
    - Peter Chrysologus  (as quoted by Aquinas, AD 1274): 28
    - Leo the Great  (as quoted by Aquinas, AD 1274): 28
    - Alexander of Alexandria: 24
    - Irenaeus (Reporting Valentinian Views): 24
    - Peter of Alexandria: 21
    - Gregory of Nazianzus  (as quoted by Aquinas, AD 1274): 20
    - Eusebius of Caesarea: 18
    - Cyprian  (as quoted by Aquinas, AD 1274): 17
    - Epistle of Barnabas: 16
    - Pseudo-Origen  (as quoted by Aquinas, AD 1274): 15
    - Arnobius of Sicca: 14
    - John Damascene  (as quoted by Aquinas, AD 1274): 14
    - Tatian the Assyrian: 12
    - Haymo of Halberstadt  (as quoted by Aquinas, AD 1274): 10
    - Isidore of Pelusium  (as quoted by Aquinas, AD 1274): 10
    - Cyril of Jerusalem: 10
    - Athanasius of Alexandria: 9
    - Theophilus of Antioch: 9
    - Maximus the Confessor  (as quoted by Aquinas, AD 1274): 9
    - Commodian: 8
    - Vigilius of Thapsus  (as quoted by Aquinas, AD 1274): 7
    - Epiphanius of Salamis  (as quoted by Aquinas, AD 1274): 7
    - Theonas of Alexandria: 7
    - Papias of Hierapolis  (as quoted by Eusebius of Caesarea, AD 339): 6
    - Pseudo-Dionysius the Areopagite  (as quoted by Aquinas, AD 1274): 6
    - John Cassian: 6
    - Basil of Caesarea: 6
    - Didymus the Blind  (as quoted by Aquinas, AD 1274): 6
    - Cosmas Indicopleustes (quoting Timotheus of Alexandria): 5
    - Clement of Alexandria  (as quoted by Cassiodorus, AD 585): 5
    - Gregory of Nazianzus: 5
    - John Cassian  (as quoted by Aquinas, AD 1274): 5
    - Hegesippus  (as quoted by Eusebius of Caesarea, AD 339): 5
    - Cosmas Indicopleustes (quoting Severianus of Gabala, Hexaemeron): 5
    - Council of Ephesus  (as quoted by Aquinas, AD 1274): 4
    - Clement of Alexandria  (as quoted by Nicetas of Heraclea, AD 1100): 4
    - Odes of Solomon: 4
    - Pseudo-Dionysius the Areopagite: 4
    - Ambrosiaster: 4
    - Theodotus of Ancyra  (as quoted by Aquinas, AD 1274): 3
    - Ambrosiaster  (as quoted by Aquinas, AD 1274): 3
    - Isidore of Seville  (as quoted by Aquinas, AD 1274): 3
    - Papias of Hierapolis: 3
    - The Liturgy Of The Blessed Apostles: 3
    - Cosmas Indicopleustes (quoting John Chrysostom, Commentary on Ephesians): 3
    - Cosmas Indicopleustes (quoting Severianus of Gabala, Hexaemeron, Book 1): 3
    - Cosmas Indicopleustes (quoting Theophilus of Alexandria, First Festal Epistle): 3
    - The Passion of Saints Perpetua and Felicity: 3
    - Pseudo-Basil  (as quoted by Aquinas, AD 1274): 3
    - Hegemonius: 3
    - Gennadius of Massilia  (as quoted by Aquinas, AD 1274): 2
    - Ignatius of Antioch  (as quoted by Origen, AD 235): 2
    - Josephus  (as quoted by Aquinas, AD 1274): 2
    - Maximus of Turin  (as quoted by Aquinas, AD 1274): 2
    - Nemesius of Emesa  (as quoted by Aquinas, AD 1274): 2
    - JB Lightfoot: 2
    - Leo the Great: 2
    - Gregory of Nyssa: 2
    - Polycrates Of Ephesus: 2
    - Cosmas Indicopleustes (quoting John Chrysostom, Commentary on Hebrews): 2
    - Pope Dionysius: 2
    - Irenaeus (Reporting Marcosian Views): 2
    - Clement of Alexandria  (as quoted by Corderius, AD 1564): 2
    - Cosmas Indicopleustes (quoting Severianus of Gabala, Hexaemeron, Book 4): 2
    - Cosmas Indicopleustes (quoting Philon of Carpathus, Commentary on Canticles): 2
    - Petrus Alphonsi  (as quoted by Aquinas, AD 1274): 1
    - Cyril of Jerusalem  (as quoted by Aquinas, AD 1274): 1
    - Anselm of Canterbury  (as quoted by Aquinas, AD 1274): 1
    - Julius Africanus: 1
    - Council of Carthage of 419: 1
    - Caius Presbyter of Rome: 1
    - Irenaeus (Reporting Heretical Views): 1
    - Hippolytus of Rome  is referenced above by Jerome (AD 420): 1
    - Origen of Alexandria  is referenced above by Jerome (AD 420): 1
    - Socrates Scholasticus: 1
    - Clement of Alexandria  (as quoted by Eusebius, AD 339): 1
    - Irenaeus (Reporting Heretical Practices): 1
    - Cosmas Indicopleustes (quoting Epiphanius of Cyprus, On Measures and Weights): 1
    - Cosmas Indicopleustes (quoting Severianus of Gabala, Hexaemeron, Book 2): 1
    - Papias of Hierapolis  is referenced above by Eusebius of Caesarea: 1
    - Cosmas Indicopleustes (quoting John Chrysostom, On Alms): 1
    - Dionysius of Alexandria  (as quoted by Aquinas, AD 1274): 1
    - Cosmas Indicopleustes (quoting Theodosius of Alexandria): 1
    - Clement of Alexandria  (as quoted by Aquinas, AD 1274): 1
    - Gospel of the Hebrews  (as quoted by Jerome, AD 420): 1
    - Second Council of Constantinople  (as quoted by Aquinas, AD 1274): 1
    - Lanfranc of Canterbury  (as quoted by Aquinas, AD 1274): 1
    - Paschasius Radbertus  (as quoted by Aquinas, AD 1274): 1
    - Salvian the Presbyter: 1
    - Theodoret of Cyrus: 1
  DB total: 71884

forbidden-provenance entries in STATIC corpus (web/public/commentaries): 0 across 0 chapter files

✓ coverage guard: 1211 (book,chapter) cells with clean commentary snapshotted

backed up 71884 DB rows → data/quarantine/forbidden-provenance-removed-2026-07-24T19-17-37-354Z.jsonl
deleted 71884 forbidden-provenance rows from DB embeddings

✓ coverage guard: clean per-cell counts unchanged after forbidden delete
static corpus: removed 0 entries from 0 files (backed up to same JSONL)

✓ RATCHET GREEN: 0 forbidden-provenance rows in served embeddings AND static corpus
  ✓ postcondition: forbidden-provenance ratchet = 0

E4 — slice works into sections, reusing vectors 1:1
  per served work: migrate-sections-slice, then assert sections == flat-pool count FOR THAT WORK (hazard 1: each store its own key; assert 1:1).
host: ep-wispy-violet-atiddys9.c-9.us-east-1.aws.neon.tech (credentials redacted)
works to slice: 11
(node:13954) Warning: SECURITY WARNING: The SSL modes 'prefer', 'require', and 'verify-ca' are treated as aliases for 'verify-full'.
In the next major version (pg-connection-string v3.0.0 and pg v9.0.0), these modes will adopt standard libpq semantics, which have weaker security guarantees.

To prepare for this change:
- If you want the current behavior, explicitly use 'sslmode=verify-full'
- If you want libpq compatibility now, use 'uselibpqcompat=true&sslmode=require'

See https://www.postgresql.org/docs/current/libpq-ssl.html for libpq SSL mode definitions.
(Use `node --trace-warnings ...` to show where the warning was created)

--- john-gill (author="John Gill") ---
(node:13985) Warning: SECURITY WARNING: The SSL modes 'prefer', 'require', and 'verify-ca' are treated as aliases for 'verify-full'.
In the next major version (pg-connection-string v3.0.0 and pg v9.0.0), these modes will adopt standard libpq semantics, which have weaker security guarantees.

To prepare for this change:
- If you want the current behavior, explicitly use 'sslmode=verify-full'
- If you want libpq compatibility now, use 'uselibpqcompat=true&sslmode=require'

See https://www.postgresql.org/docs/current/libpq-ssl.html for libpq SSL mode definitions.
(Use `node --trace-warnings ...` to show where the warning was created)
==================================================================
RE-POINT SLICE — John Gill's Exposition of the Bible (source_id=4, status=staged)
==================================================================
  matched embeddings (author="John Gill"): 28843
  sections inserted:                            28843
  section_anchors inserted:                     28843
  section_embeddings (reused, model=bge-large-en-v1.5): 28843

✓ 1:1:1 — sections == section_embeddings == matched embeddings. Coverage will be 0.
  ✓ 1:1 flat=28843 sections=28843

--- jfb (author="Jamieson, Fausset & Brown") ---
(node:14060) Warning: SECURITY WARNING: The SSL modes 'prefer', 'require', and 'verify-ca' are treated as aliases for 'verify-full'.
In the next major version (pg-connection-string v3.0.0 and pg v9.0.0), these modes will adopt standard libpq semantics, which have weaker security guarantees.

To prepare for this change:
- If you want the current behavior, explicitly use 'sslmode=verify-full'
- If you want libpq compatibility now, use 'uselibpqcompat=true&sslmode=require'

See https://www.postgresql.org/docs/current/libpq-ssl.html for libpq SSL mode definitions.
(Use `node --trace-warnings ...` to show where the warning was created)
==================================================================
RE-POINT SLICE — Jamieson-Fausset-Brown Bible Commentary (source_id=5, status=staged)
==================================================================
  matched embeddings (author="Jamieson, Fausset & Brown"): 15473
  sections inserted:                            15473
  section_anchors inserted:                     15473
  section_embeddings (reused, model=bge-large-en-v1.5): 15473

✓ 1:1:1 — sections == section_embeddings == matched embeddings. Coverage will be 0.
  ✓ 1:1 flat=15473 sections=15473

--- adam-clarke (author="Adam Clarke") ---
(node:14144) Warning: SECURITY WARNING: The SSL modes 'prefer', 'require', and 'verify-ca' are treated as aliases for 'verify-full'.
In the next major version (pg-connection-string v3.0.0 and pg v9.0.0), these modes will adopt standard libpq semantics, which have weaker security guarantees.

To prepare for this change:
- If you want the current behavior, explicitly use 'sslmode=verify-full'
- If you want libpq compatibility now, use 'uselibpqcompat=true&sslmode=require'

See https://www.postgresql.org/docs/current/libpq-ssl.html for libpq SSL mode definitions.
(Use `node --trace-warnings ...` to show where the warning was created)
==================================================================
RE-POINT SLICE — Adam Clarke's Commentary on the Bible (source_id=6, status=staged)
==================================================================
  matched embeddings (author="Adam Clarke"): 12693
  sections inserted:                            12693
  section_anchors inserted:                     12693
  section_embeddings (reused, model=bge-large-en-v1.5): 12693

✓ 1:1:1 — sections == section_embeddings == matched embeddings. Coverage will be 0.
  ✓ 1:1 flat=12693 sections=12693

--- matthew-henry (author="Matthew Henry") ---
(node:14191) Warning: SECURITY WARNING: The SSL modes 'prefer', 'require', and 'verify-ca' are treated as aliases for 'verify-full'.
In the next major version (pg-connection-string v3.0.0 and pg v9.0.0), these modes will adopt standard libpq semantics, which have weaker security guarantees.

To prepare for this change:
- If you want the current behavior, explicitly use 'sslmode=verify-full'
- If you want libpq compatibility now, use 'uselibpqcompat=true&sslmode=require'

See https://www.postgresql.org/docs/current/libpq-ssl.html for libpq SSL mode definitions.
(Use `node --trace-warnings ...` to show where the warning was created)
==================================================================
RE-POINT SLICE — Matthew Henry's Complete Commentary (source_id=3, status=staged)
==================================================================
  matched embeddings (author="Matthew Henry"): 4210
  sections inserted:                            4210
  section_anchors inserted:                     4210
  section_embeddings (reused, model=bge-large-en-v1.5): 4210

✓ 1:1:1 — sections == section_embeddings == matched embeddings. Coverage will be 0.
  ✓ 1:1 flat=4210 sections=4210

--- keil-delitzsch (author="C.F. Keil & Franz Delitzsch") ---
(node:14225) Warning: SECURITY WARNING: The SSL modes 'prefer', 'require', and 'verify-ca' are treated as aliases for 'verify-full'.
In the next major version (pg-connection-string v3.0.0 and pg v9.0.0), these modes will adopt standard libpq semantics, which have weaker security guarantees.

To prepare for this change:
- If you want the current behavior, explicitly use 'sslmode=verify-full'
- If you want libpq compatibility now, use 'uselibpqcompat=true&sslmode=require'

See https://www.postgresql.org/docs/current/libpq-ssl.html for libpq SSL mode definitions.
(Use `node --trace-warnings ...` to show where the warning was created)
Error: no embeddings matched author "C.F. Keil & Franz Delitzsch" — nothing to migrate
    at main (/Users/tfoley/theology-study-app/src/ingest/migrate-sections-slice.ts:100:34)
    at process.processTicksAndRejections (node:internal/process/task_queues:105:5)
  ✗ slice failed: Error: Command failed: npx tsx src/ingest/migrate-sections-slice.ts --source=keil-delitzsch

--- barnes-crosswire-nt (author="Barnes' Notes") ---
(node:14246) Warning: SECURITY WARNING: The SSL modes 'prefer', 'require', and 'verify-ca' are treated as aliases for 'verify-full'.
In the next major version (pg-connection-string v3.0.0 and pg v9.0.0), these modes will adopt standard libpq semantics, which have weaker security guarantees.

To prepare for this change:
- If you want the current behavior, explicitly use 'sslmode=verify-full'
- If you want libpq compatibility now, use 'uselibpqcompat=true&sslmode=require'

See https://www.postgresql.org/docs/current/libpq-ssl.html for libpq SSL mode definitions.
(Use `node --trace-warnings ...` to show where the warning was created)
Error: no embeddings matched author "Barnes' Notes" — nothing to migrate
    at main (/Users/tfoley/theology-study-app/src/ingest/migrate-sections-slice.ts:100:34)
    at process.processTicksAndRejections (node:internal/process/task_queues:105:5)
  ✗ slice failed: Error: Command failed: npx tsx src/ingest/migrate-sections-slice.ts --source=barnes-crosswire-nt

--- wesley-crosswire (author="John Wesley") ---
(node:14267) Warning: SECURITY WARNING: The SSL modes 'prefer', 'require', and 'verify-ca' are treated as aliases for 'verify-full'.
In the next major version (pg-connection-string v3.0.0 and pg v9.0.0), these modes will adopt standard libpq semantics, which have weaker security guarantees.

To prepare for this change:
- If you want the current behavior, explicitly use 'sslmode=verify-full'
- If you want libpq compatibility now, use 'uselibpqcompat=true&sslmode=require'

See https://www.postgresql.org/docs/current/libpq-ssl.html for libpq SSL mode definitions.
(Use `node --trace-warnings ...` to show where the warning was created)
==================================================================
RE-POINT SLICE — Wesley's Explanatory Notes (source_id=10, status=staged)
==================================================================
  matched embeddings (author="John Wesley"): 5254
  sections inserted:                            5254
  section_anchors inserted:                     5254
  section_embeddings (reused, model=bge-large-en-v1.5): 5254

✓ 1:1:1 — sections == section_embeddings == matched embeddings. Coverage will be 0.
  ✓ 1:1 flat=5254 sections=5254

--- calvin-crosswire (author="John Calvin") ---
(node:14325) Warning: SECURITY WARNING: The SSL modes 'prefer', 'require', and 'verify-ca' are treated as aliases for 'verify-full'.
In the next major version (pg-connection-string v3.0.0 and pg v9.0.0), these modes will adopt standard libpq semantics, which have weaker security guarantees.

To prepare for this change:
- If you want the current behavior, explicitly use 'sslmode=verify-full'
- If you want libpq compatibility now, use 'uselibpqcompat=true&sslmode=require'

See https://www.postgresql.org/docs/current/libpq-ssl.html for libpq SSL mode definitions.
(Use `node --trace-warnings ...` to show where the warning was created)
==================================================================
RE-POINT SLICE — Calvin's Commentaries (source_id=11, status=staged)
==================================================================
  matched embeddings (author="John Calvin"): 5090
  sections inserted:                            5090
  section_anchors inserted:                     5090
  section_embeddings (reused, model=bge-large-en-v1.5): 5090

✓ 1:1:1 — sections == section_embeddings == matched embeddings. Coverage will be 0.
  ✓ 1:1 flat=5090 sections=5090

--- scofield-crosswire (author="C.I. Scofield") ---
(node:14357) Warning: SECURITY WARNING: The SSL modes 'prefer', 'require', and 'verify-ca' are treated as aliases for 'verify-full'.
In the next major version (pg-connection-string v3.0.0 and pg v9.0.0), these modes will adopt standard libpq semantics, which have weaker security guarantees.

To prepare for this change:
- If you want the current behavior, explicitly use 'sslmode=verify-full'
- If you want libpq compatibility now, use 'uselibpqcompat=true&sslmode=require'

See https://www.postgresql.org/docs/current/libpq-ssl.html for libpq SSL mode definitions.
(Use `node --trace-warnings ...` to show where the warning was created)
Error: no embeddings matched author "C.I. Scofield" — nothing to migrate
    at main (/Users/tfoley/theology-study-app/src/ingest/migrate-sections-slice.ts:100:34)
    at process.processTicksAndRejections (node:internal/process/task_queues:105:5)
  ✗ slice failed: Error: Command failed: npx tsx src/ingest/migrate-sections-slice.ts --source=scofield-crosswire

--- pnt-crosswire (author="B.W. Johnson") ---
(node:14378) Warning: SECURITY WARNING: The SSL modes 'prefer', 'require', and 'verify-ca' are treated as aliases for 'verify-full'.
In the next major version (pg-connection-string v3.0.0 and pg v9.0.0), these modes will adopt standard libpq semantics, which have weaker security guarantees.

To prepare for this change:
- If you want the current behavior, explicitly use 'sslmode=verify-full'
- If you want libpq compatibility now, use 'uselibpqcompat=true&sslmode=require'

See https://www.postgresql.org/docs/current/libpq-ssl.html for libpq SSL mode definitions.
(Use `node --trace-warnings ...` to show where the warning was created)
Error: no embeddings matched author "B.W. Johnson" — nothing to migrate
    at main (/Users/tfoley/theology-study-app/src/ingest/migrate-sections-slice.ts:100:34)
    at process.processTicksAndRejections (node:internal/process/task_queues:105:5)
  ✗ slice failed: Error: Command failed: npx tsx src/ingest/migrate-sections-slice.ts --source=pnt-crosswire

--- poole-tcp (author="Matthew Poole") ---
(node:14403) Warning: SECURITY WARNING: The SSL modes 'prefer', 'require', and 'verify-ca' are treated as aliases for 'verify-full'.
In the next major version (pg-connection-string v3.0.0 and pg v9.0.0), these modes will adopt standard libpq semantics, which have weaker security guarantees.

To prepare for this change:
- If you want the current behavior, explicitly use 'sslmode=verify-full'
- If you want libpq compatibility now, use 'uselibpqcompat=true&sslmode=require'

See https://www.postgresql.org/docs/current/libpq-ssl.html for libpq SSL mode definitions.
(Use `node --trace-warnings ...` to show where the warning was created)
Error: no embeddings matched author "Matthew Poole" — nothing to migrate
    at main (/Users/tfoley/theology-study-app/src/ingest/migrate-sections-slice.ts:100:34)
    at process.processTicksAndRejections (node:internal/process/task_queues:105:5)
  ✗ slice failed: Error: Command failed: npx tsx src/ingest/migrate-sections-slice.ts --source=poole-tcp

5 work(s) failed

✗ ABORT at unhandled: Command failed: node scripts/cutover-e4-slice-all.mjs

STEP ZERO — prod-credential preflight
  target host: ep-wispy-violet-atiddys9.c-9.us-east-1.aws.neon.tech
  ✓ endpoint contains ep-wispy-violet
  ✓ current_user = neondb_owner
  ✓ write capability proven (BEGIN; CREATE TEMP; ROLLBACK)
  positive control (Gill rows): 28843
  ✓ positive control fires
STEP ZERO PASSED — safe to proceed.

E1 — (checkpoint) all migrations applied

E2 — (checkpoint) already done

E3 — (checkpoint) already done

E4 — slice works into sections, reusing vectors 1:1
  per served work: migrate-sections-slice, then assert sections == flat-pool count FOR THAT WORK (hazard 1: each store its own key; assert 1:1).
host: ep-wispy-violet-atiddys9.c-9.us-east-1.aws.neon.tech (credentials redacted)
works to slice: 11
(node:14453) Warning: SECURITY WARNING: The SSL modes 'prefer', 'require', and 'verify-ca' are treated as aliases for 'verify-full'.
In the next major version (pg-connection-string v3.0.0 and pg v9.0.0), these modes will adopt standard libpq semantics, which have weaker security guarantees.

To prepare for this change:
- If you want the current behavior, explicitly use 'sslmode=verify-full'
- If you want libpq compatibility now, use 'uselibpqcompat=true&sslmode=require'

See https://www.postgresql.org/docs/current/libpq-ssl.html for libpq SSL mode definitions.
(Use `node --trace-warnings ...` to show where the warning was created)

--- john-gill (author="John Gill") ---
(node:14474) Warning: SECURITY WARNING: The SSL modes 'prefer', 'require', and 'verify-ca' are treated as aliases for 'verify-full'.
In the next major version (pg-connection-string v3.0.0 and pg v9.0.0), these modes will adopt standard libpq semantics, which have weaker security guarantees.

To prepare for this change:
- If you want the current behavior, explicitly use 'sslmode=verify-full'
- If you want libpq compatibility now, use 'uselibpqcompat=true&sslmode=require'

See https://www.postgresql.org/docs/current/libpq-ssl.html for libpq SSL mode definitions.
(Use `node --trace-warnings ...` to show where the warning was created)
==================================================================
RE-POINT SLICE — John Gill's Exposition of the Bible (source_id=4, status=staged)
==================================================================
  matched embeddings (author="John Gill"): 28843
  sections inserted:                            28843
  section_anchors inserted:                     28843
  section_embeddings (reused, model=bge-large-en-v1.5): 28843

✓ 1:1:1 — sections == section_embeddings == matched embeddings. Coverage will be 0.
  ✓ 1:1 flat=28843 sections=28843

--- jfb (author="Jamieson, Fausset & Brown") ---
(node:14545) Warning: SECURITY WARNING: The SSL modes 'prefer', 'require', and 'verify-ca' are treated as aliases for 'verify-full'.
In the next major version (pg-connection-string v3.0.0 and pg v9.0.0), these modes will adopt standard libpq semantics, which have weaker security guarantees.

To prepare for this change:
- If you want the current behavior, explicitly use 'sslmode=verify-full'
- If you want libpq compatibility now, use 'uselibpqcompat=true&sslmode=require'

See https://www.postgresql.org/docs/current/libpq-ssl.html for libpq SSL mode definitions.
(Use `node --trace-warnings ...` to show where the warning was created)
==================================================================
RE-POINT SLICE — Jamieson-Fausset-Brown Bible Commentary (source_id=5, status=staged)
==================================================================
  matched embeddings (author="Jamieson, Fausset & Brown"): 15473
  sections inserted:                            15473
  section_anchors inserted:                     15473
  section_embeddings (reused, model=bge-large-en-v1.5): 15473

✓ 1:1:1 — sections == section_embeddings == matched embeddings. Coverage will be 0.
  ✓ 1:1 flat=15473 sections=15473

--- adam-clarke (author="Adam Clarke") ---
(node:14617) Warning: SECURITY WARNING: The SSL modes 'prefer', 'require', and 'verify-ca' are treated as aliases for 'verify-full'.
In the next major version (pg-connection-string v3.0.0 and pg v9.0.0), these modes will adopt standard libpq semantics, which have weaker security guarantees.

To prepare for this change:
- If you want the current behavior, explicitly use 'sslmode=verify-full'
- If you want libpq compatibility now, use 'uselibpqcompat=true&sslmode=require'

See https://www.postgresql.org/docs/current/libpq-ssl.html for libpq SSL mode definitions.
(Use `node --trace-warnings ...` to show where the warning was created)
==================================================================
RE-POINT SLICE — Adam Clarke's Commentary on the Bible (source_id=6, status=staged)
==================================================================
  matched embeddings (author="Adam Clarke"): 12693
  sections inserted:                            12693
  section_anchors inserted:                     12693
  section_embeddings (reused, model=bge-large-en-v1.5): 12693

✓ 1:1:1 — sections == section_embeddings == matched embeddings. Coverage will be 0.
  ✓ 1:1 flat=12693 sections=12693

--- matthew-henry (author="Matthew Henry") ---
(node:14647) Warning: SECURITY WARNING: The SSL modes 'prefer', 'require', and 'verify-ca' are treated as aliases for 'verify-full'.
In the next major version (pg-connection-string v3.0.0 and pg v9.0.0), these modes will adopt standard libpq semantics, which have weaker security guarantees.

To prepare for this change:
- If you want the current behavior, explicitly use 'sslmode=verify-full'
- If you want libpq compatibility now, use 'uselibpqcompat=true&sslmode=require'

See https://www.postgresql.org/docs/current/libpq-ssl.html for libpq SSL mode definitions.
(Use `node --trace-warnings ...` to show where the warning was created)
==================================================================
RE-POINT SLICE — Matthew Henry's Complete Commentary (source_id=3, status=staged)
==================================================================
  matched embeddings (author="Matthew Henry"): 4210
  sections inserted:                            4210
  section_anchors inserted:                     4210
  section_embeddings (reused, model=bge-large-en-v1.5): 4210

✓ 1:1:1 — sections == section_embeddings == matched embeddings. Coverage will be 0.
  ✓ 1:1 flat=4210 sections=4210

--- keil-delitzsch (author="C.F. Keil & Franz Delitzsch") ---
  skip: 0 flat rows (E3 removed forbidden or not on prod)

--- barnes-crosswire-nt (author="Barnes' Notes") ---
  skip: 0 flat rows (E3 removed forbidden or not on prod)

--- wesley-crosswire (author="John Wesley") ---
(node:14679) Warning: SECURITY WARNING: The SSL modes 'prefer', 'require', and 'verify-ca' are treated as aliases for 'verify-full'.
In the next major version (pg-connection-string v3.0.0 and pg v9.0.0), these modes will adopt standard libpq semantics, which have weaker security guarantees.

To prepare for this change:
- If you want the current behavior, explicitly use 'sslmode=verify-full'
- If you want libpq compatibility now, use 'uselibpqcompat=true&sslmode=require'

See https://www.postgresql.org/docs/current/libpq-ssl.html for libpq SSL mode definitions.
(Use `node --trace-warnings ...` to show where the warning was created)
==================================================================
RE-POINT SLICE — Wesley's Explanatory Notes (source_id=10, status=staged)
==================================================================
  matched embeddings (author="John Wesley"): 5254
  sections inserted:                            5254
  section_anchors inserted:                     5254
  section_embeddings (reused, model=bge-large-en-v1.5): 5254

✓ 1:1:1 — sections == section_embeddings == matched embeddings. Coverage will be 0.
  ✓ 1:1 flat=5254 sections=5254

--- calvin-crosswire (author="John Calvin") ---
(node:14710) Warning: SECURITY WARNING: The SSL modes 'prefer', 'require', and 'verify-ca' are treated as aliases for 'verify-full'.
In the next major version (pg-connection-string v3.0.0 and pg v9.0.0), these modes will adopt standard libpq semantics, which have weaker security guarantees.

To prepare for this change:
- If you want the current behavior, explicitly use 'sslmode=verify-full'
- If you want libpq compatibility now, use 'uselibpqcompat=true&sslmode=require'

See https://www.postgresql.org/docs/current/libpq-ssl.html for libpq SSL mode definitions.
(Use `node --trace-warnings ...` to show where the warning was created)
==================================================================
RE-POINT SLICE — Calvin's Commentaries (source_id=11, status=staged)
==================================================================
  matched embeddings (author="John Calvin"): 5090
  sections inserted:                            5090
  section_anchors inserted:                     5090
  section_embeddings (reused, model=bge-large-en-v1.5): 5090

✓ 1:1:1 — sections == section_embeddings == matched embeddings. Coverage will be 0.
  ✓ 1:1 flat=5090 sections=5090

--- scofield-crosswire (author="C.I. Scofield") ---
  skip: 0 flat rows (E3 removed forbidden or not on prod)

--- pnt-crosswire (author="B.W. Johnson") ---
  skip: 0 flat rows (E3 removed forbidden or not on prod)

--- poole-tcp (author="Matthew Poole") ---
  skip: 0 flat rows (E3 removed forbidden or not on prod)

OK: E4 slice-all complete
  ✓ E4 slice-all complete

E5 — skipped (CUTOVER_REHEARSAL)

E6 — rehearsal smoke (counts only)
  Gill rows: 28843  sections: 72863  forbidden-provenance: 0
  ✓ rehearsal smoke passed

CUTOVER COMPLETE.
