target: dev (ep-tiny-hat-atdgpisx.c-9.us-east-1.aws.neon.tech) · mode: APPLY · model: BAAI/bge-large-en-v1.5 · chunk budget: 1200 chars


sections: 4112 · chunks: 6492 (junk fragments dropped: 2)
already present: 0 · to embed: 6492 · est 1,211,529 tokens (~$0.0121)
/Users/foley/Projects/ancient-roads-corpus/node_modules/.pnpm/pg@8.22.0/node_modules/pg/lib/client.js:652
          Error.captureStackTrace(err)
                ^

error: new row for relation "embeddings" violates check constraint "embeddings_source_type_check"
    at /Users/foley/Projects/ancient-roads-corpus/node_modules/.pnpm/pg@8.22.0/node_modules/pg/lib/client.js:652:17
    at process.processTicksAndRejections (node:internal/process/task_queues:105:5)
    at async <anonymous> (/Users/foley/Projects/ancient-roads-corpus/scripts/embed-historian-flat.mts:176:3) {
  length: 588,
  severity: 'ERROR',
  code: '23514',
  detail: 'Failing row contains (a6e02d56-1b63-4456-bb65-109ec2d620c4, null, historian, historian:josephus-whiston:1, 0, The Life of Flavius Josephus\n' +
    `The Life Of Flavius Josephus, [0.0016011834,-0.04183568,0.058255643,0.01885857,0.034709524,0.0..., {"work": "josephus-whiston", "year": 94, "model": "BAAI/bge-larg..., 2026-08-13 04:25:06.064142+00, 'flavius':4,9 'josephus':5,10 'life':2,7, f).`,
  hint: undefined,
  position: undefined,
  internalPosition: undefined,
  internalQuery: undefined,
  where: undefined,
  schema: 'public',
  table: 'embeddings',
  column: undefined,
  dataType: undefined,
  constraint: 'embeddings_source_type_check',
  file: 'execMain.c',
  line: '2086',
  routine: 'ExecConstraints'
}

Node.js v24.5.0
