§6b — THE TRADITION-GAP JOIN, with the corpus predicate INJECTED. 2026-08-04T21:10:49Z

ADR-104 STANDS AND WAS RE-VERIFIED TODAY, not assumed. routing.ts on this branch is
byte-identical to main and LEGAL_CORPUS_FILTER is STILL the author allowlist; migration 044
is still absent from db/migrations/; Lane A is still contained only in itself, unmerged.
The served COLUMN is on the database (328,775 / 1,070,674), which is what makes it look done.
Importing the canonical symbol today returns the WRONG predicate.

So the predicate is a PARAMETER. The join is built and tested now; production supplies
LEGAL_CORPUS_FILTER in one line when Lane A merges. No second copy is written anywhere.

== PASS ==
  Tests  11 passed (11)

== RED-PROOFS ==
SEED 1 - ignore the injected predicate (licensing fence becomes decorative):
  Tests  1 failed | 10 passed (11)
SEED 2 - drop DISTINCT ON (the multiplication hazard, which applies TWICE here):
  Tests  2 failed | 9 passed (11)
SEED 3 - drop the user_id IS NULL corpus fence:
  Tests  1 failed | 10 passed (11)
SEED 4 - count entries instead of distinct authors:
  Tests  1 failed | 10 passed (11)

SEED 3 ESCAPED TWICE BEFORE IT WAS CAUGHT, and both reasons are worth recording.
  1st: no test user had a row in embeddings at all, so the fence had nothing to hold back.
       Added UPLOADER_DESIGN §8's A2 check -- seed a user-owned row INTO the corpus table
       (as the OWNER, because migration 101 revoked app_runtime's INSERT, which is itself
       the point) and prove it never surfaces.
  2nd: STILL escaped. 270 (author,work) pairs exist on these passages, MAX_VOICES is 50,
       and 107 authors sort before 'LEAKED' -- the row was cut by the LIMIT long before the
       fence could matter. Renamed to sort FIRST among all 270, and added a non-vacuity
       assertion that the row is visible to RLS at all, so 'absent' means fenced rather
       than merely out of range.

== RESTORED ==
  Tests  11 passed (11)
