==============================================================================
W1 MYSTICS DRY RUN — julian-revelations — nothing written
manifest: "Revelations of Divine Love (Warrack version)" · serve=false · Julian of Norwich, Revelations of Divine Love, ed. Grace Warrack, Methuen & Company 1901 (Gutenberg #52958)
==============================================================================
── EDITION (translation trap, manifest §4) ──
  declared translation_year: 1901 (≤1929: ✓)
  translator: ✓ "GRACE WARRACK"
  marker 1: ✓ "Methuen & Company"
  marker 2: ✓ "1901"
  verifyEdition: PASS

── KEPT SECTIONS (86; ToC-derived expectation 86) ──
    1  Chapter I — "A Revelation of Love--in Sixteen Shewings"                     3451 chars
    2  Chapter II — "A simple creature unlettered.--Which creature afore desire    2661 chars
    3  Chapter III — "I desired to suffer with Him"                                3845 chars
    4  Chapter IV — "I saw ... as it were in the time of His Passion.... And in    2792 chars
    5  Chapter V — "God, of Thy Goodness, give me Thyself;--only in Thee I have    3070 chars
    6  Chapter VI — "The Goodness of God is the highest prayer, and it cometh d    5203 chars
    7  Chapter VII — "The Shewing is not other than of faith, nor less nor more    4282 chars
    8  Chapter VIII — "In all this I was greatly stirred in charity to my fello    2811 chars
    9  Chapter IX — "If I look singularly to myself, I am right nought"            2344 chars
   10  Chapter X — "God willeth to be seen and to be sought: to be abided and t    6836 chars
   11  Chapter XI — "All thing that is done, it is well done: for our Lord God     5335 chars
   12  Chapter XII — "The dearworthy blood of our Lord Jesus Christ as verily a    2222 chars
   13  Chapter XIII — "The Enemy is overcome by the blessed Passion and Death o    3322 chars
   14  Chapter XIV — "The age of every man shall be acknowledged before him in     2513 chars
   15  Chapter XV — "It is not God's will that we follow the feeling of pains i    2175 chars
   16  Chapter XVI — "A Part of His Passion"                                       1970 chars
   17  Chapter XVII — "How might any pain be more to me than to see Him that is    4006 chars
   18  Chapter XVIII — "When He was in pain, we were in pain"                      2524 chars
   19  Chapter XIX — "Thus was I learned to choose Jesus for my Heaven, whom I     2541 chars
   20  Chapter XX — "For every man's sin that shall be saved He suffered, and e    1922 chars
   21  Chapter XXI — "We be now with Him in His Pains and His Passion, dying. W    2210 chars
   22  Chapter XXII — "The Love that made Him to suffer passeth so far all His     3827 chars
   23  Chapter XXIII — "The Glad Giver" "All the Trinity wrought in the Passion    3333 chars
   24  Chapter XXIV — "Our Lord looked unto His [wounded] Side, and beheld, rej    1996 chars
   25  Chapter XXV — "I wot well that thou wouldst see my blessed Mother...." "    2844 chars
   26  Chapter XXVI — "It is I, it is I"                                           1085 chars
   27  Chapter XXVII — "Often I wondered why by the great foreseeing wisdom of     5056 chars
   28  Chapter XXVIII — "Each brotherly compassion that man hath on his fellow     2496 chars
   29  Chapter XXIX — "How could all be well, for the great harm that is come b    1127 chars
   30  Chapter XXX — "Two parts of Truth: the part that is open: our Saviour an    1799 chars
   31  Chapter XXXI — "The Spiritual Thirst (which was in Him from without begi    3556 chars
   32  Chapter XXXII — "There be deeds evil done in our sight, and so great har    4301 chars
   33  Chapter XXXIII — "It is God's will that we have great regard to all His     2290 chars
   34  Chapter XXXIV — "All that is speedful for us to learn and to know, full     1698 chars
   35  Chapter XXXV — "I desired to learn assuredly as to a certain creature th    3230 chars
   36  Chapter XXXVI — "My sin shall not hinder His Goodness working.... A deed    4693 chars
   37  Chapter XXXVII — "In every soul that shall be saved is a Godly Will that    1672 chars
   38  Chapter XXXVIII — In Heaven "the token of sin is turned to worship."--Ex    3574 chars
   39  Chapter XXXIX — "Sin is the sharpest scourge.... By contrition we are ma    3959 chars
   40  Chapter XL — "True love teacheth us that we should hate sin only for lov    3544 chars
   41  Chapter XLI — "I am the Ground of thy beseeching." "Also to prayer belon    4671 chars
   42  Chapter XLII — "Prayer is a right understanding of that fulness of joy t    4599 chars
   43  Chapter XLIII — "Prayer uniteth the soul to God"                            4230 chars
   44  Chapter XLIV — "God is endless, sovereign Truth,--Wisdom,--Love, not-mad    1433 chars
   45  Chapter XLV — "All heavenly things and all earthly things that belong to    2945 chars
   46  Chapter XLVI — "It is needful to see and to know that we are sinners: wh    3642 chars
   47  Chapter XLVII — "We fail oftentimes of the sight of Him, and anon we fal    3243 chars
   48  Chapter XLVIII — "I beheld the property of Mercy, and I beheld the prope    3392 chars
   49  Chapter XLIX — "Where our Lord appeareth, peace is taken, and wrath hath    3547 chars
   50  Chapter L — "The blame of our sin continually hangeth upon us." "In the     2649 chars
   51  Chapter LI — "He is the Head, and we be His members." "Therefore our Fat   25973 chars
   52  Chapter LII — "We have now matter of mourning: for our sin is cause of C    7902 chars
   53  Chapter LIII — "In every soul that shall be saved is a Godly Will that n    4843 chars
   54  Chapter LIV — "Faith is nought else but a right understanding, with true    2354 chars
   55  Chapter LV — "Christ is our Way"--"Mankind shall be restored from double    4455 chars
   56  Chapter LVI — "God is nearer to us than our own soul" "We can never come    4169 chars
   57  Chapter LVII — "In Christ our two natures are united"                      12978 chars
   58  Chapter LVIII — "All our life is in three: 'Nature, Mercy, Grace.' The h    4640 chars
   59  Chapter LIX — "Jesus Christ that doeth Good against evil is our Very Mot    3180 chars
   60  Chapter LX — "The Kind, loving, Mother"                                     4643 chars
   61  Chapter LXI — "By the assay of this falling we shall have an high marvel    6138 chars
   62  Chapter LXII — "God is Very Father and Very Mother of Nature: and all na    2154 chars
   63  Chapter LXIII — "As verily as sin is unclean, so verily is it unkind"--a    3554 chars
   64  Chapter LXIV — "Thou shalt come up above." "A very fair creature, a litt    4371 chars
   65  Chapter LXV — "The Charity of God maketh in us such a unity that, when i    2802 chars
   66  Chapter LXVI — "All was closed, and I saw no more." "For the folly of fe    4393 chars
   67  Chapter LXVII — "The place that Jesus taketh in our soul He shall never     2619 chars
   68  Chapter LXVIII — "He said not: Thou shalt not be tempested, thou shalt n    2045 chars
   69  Chapter LXIX — "I was delivered from the Enemy by the virtue of Christ's    1976 chars
   70  Chapter LXX — "Above the Faith is no goodness kept in this life, as to m    2893 chars
   71  Chapter LXXI — "Three manners of looking seen in our Lord's Countenance"    2163 chars
   72  Chapter LXXII — "As long as we be meddling with any part of sin we shall    4387 chars
   73  Chapter LXXIII — "Two manners of sickness that we have: impatience, or s    3357 chars
   74  Chapter LXXIV — "There is no dread that fully pleaseth God in us but rev    3897 chars
   75  Chapter LXXV — "We shall see verily the cause of all things that He hath    3005 chars
   76  Chapter LXXVI — "The soul that beholdeth the fair nature of our Lord Jes    2927 chars
   77  Chapter LXXVII — "Accuse not thyself overmuch, deeming that thy tribulat    3974 chars
   78  Chapter LXXVIII — "Though we be highly lifted up into contemplation by t    3062 chars
   79  Chapter LXXIX — "I was taught that I should see mine own sin, and not ot    2972 chars
   80  Chapter LXXX — "Himself is nearest and meekest, highest and lowest, and     2758 chars
   81  Chapter LXXXI — "God seeth all our living a penance: for nature-longing     2165 chars
   82  Chapter LXXXII — "In falling and in rising we are ever preciously kept i    3131 chars
   83  Chapter LXXXIII — "Life, Love, and Light"                                   2175 chars
   84  Chapter LXXXIV — "Charity"                                                   916 chars
   85  Chapter LXXXV — "Lord, blessed mayest Thou be, for it is thus: it is wel    1077 chars
   86  Chapter LXXXVI — "Love was our Lord's Meaning"                              1875 chars

── DROPPED (negative control) ──
  dropped region: 117163 chars (front + back matter)
  ✓ "NOTES ON MANUSCRIPTS AND EDITIONS" — dropped:true kept:false
  ✓ "NOTE AS TO TWO JULIANS" — dropped:true kept:false
  ✓ "INTRODUCTION" — dropped:true kept:false
  ✓ "POSTSCRIPT" — dropped:true kept:false
  ✓ "GLOSSARY" — dropped:true kept:false

── BOUNDARY SAMPLES ──
  ┌ Chapter I — "A Revelation of Love--in Sixteen Shewings"
  │ head: This is a Revelation of Love that Jesus Christ, our endless bliss, made in Sixteen Shewings, or Revelations particular. Of the which the First is of His preciou
  └ tail: one, united. [2] precious, honoured. [3] honour-bestowing. [4] made glad. [5] MS. "Asseth" = Satisfaction, making-enough. [6] honour, glory.
  ┌ Chapter II — "A simple creature unlettered.--Which creature afore desired three gifts of God"
  │ head: These Revelations were shewed to a simple creature unlettered,[1] the year of our Lord 1373, the Thirteenth day of May. Which creature [had] afore desired three
  └ tail: 4] _i.e._ natural. [5] MS. "wilful" = earnest, with set will. [6] For these wounds see xvii. p. 40, xxvii. p. 56, xxviii., lxxii. and xxxix.
  ┌ Chapter LXXXV — "Lord, blessed mayest Thou be, for it is thus: it is well"
  │ head: And in this sight I marvelled highly. For notwithstanding our simple living and our blindness here, yet endlessly our courteous Lord beholdeth us in this workin
  └ tail: st thou be, for it is thus: it is well; and now see we verily that all-thing is done as it was then ordained before that anything was made._
  ┌ Chapter LXXXVI — "Love was our Lord's Meaning"
  │ head: This book is begun by God's gift and His grace, but it is not yet performed, as to my sight. For Charity pray we all; [together] with _God's_ working, thanking,
  └ tail:  this shall we see in God, without end. [1] "merkness" = dimness. [2] "witten" = to see clearly. [3] "witten" = to see clearly. [4] "lerid."

✓ ALL CHECKS PASSED — julian-revelations
