=== batch ingest: barnes-crosswire-nt (decision #5, dev-only, staged) ===
--- step 1: fetch + license verification (geneva lesson: verify BEFORE decode/ingest) ---
fetch: https://crosswire.org/ftpmirror/pub/sword/packages/rawzip/Barnes.zip
fetched 5812827 bytes
conf: [barnes] ModDrv=zCom CompressType=ZIP SourceType=ThML
conf: Description=Barnes' New Testament Notes
conf: DistributionLicense=Public Domain
conf: Version=1.1 SwordVersionDate=2002-01-01
license gate: PASS (allowed set: Public Domain | CC BY | CC BY-SA)
testament coverage: nt
⚠ module does NOT span both testaments (has: nt) — sections outside it will be NO-SOURCE
decoded: 7431 per-verse entries across 27 books → data/raw/sword/barnes.jsonl
verse-label alignment: 6791/6797 agree ⚠ INVESTIGATE
--- step 2: staged register ingest + per-section vectors ---
manifest: barnes-crosswire-nt — "Barnes' New Testament Notes" (Albert Barnes, 1834) license=Public Domain
named edition: Barnes' New Testament Notes (CrossWire SWORD module Barnes, ThML)
decoded entries: 7431
(node:84440) Warning: SECURITY WARNING: The SSL modes 'prefer', 'require', and 'verify-ca' are treated as aliases for 'verify-full'.
In the next major version (pg-connection-string v3.0.0 and pg v9.0.0), these modes will adopt standard libpq semantics, which have weaker security guarantees.

To prepare for this change:
- If you want the current behavior, explicitly use 'sslmode=verify-full'
- If you want libpq compatibility now, use 'uselibpqcompat=true&sslmode=require'

See https://www.postgresql.org/docs/current/libpq-ssl.html for libpq SSL mode definitions.
(Use `node --trace-warnings ...` to show where the warning was created)
