To https://github.com/thomascfoley-stack/ancient-roads.git
 - [deleted]         reconcile-A
To https://github.com/thomascfoley-stack/ancient-roads.git
 - [deleted]         reconcile-B
To https://github.com/thomascfoley-stack/ancient-roads.git
 - [deleted]         reconcile-C
To https://github.com/thomascfoley-stack/ancient-roads.git
 - [deleted]         reconcile-D
To https://github.com/thomascfoley-stack/ancient-roads.git
 - [deleted]         reader-P1
To https://github.com/thomascfoley-stack/ancient-roads.git
 - [deleted]         golive
To https://github.com/thomascfoley-stack/ancient-roads.git
 - [deleted]         ingest
To https://github.com/thomascfoley-stack/ancient-roads.git
 - [deleted]         sermon-lane
To https://github.com/thomascfoley-stack/ancient-roads.git
 - [deleted]         feat/cutover-part5
To https://github.com/thomascfoley-stack/ancient-roads.git
 - [deleted]         fix/blocker2-lint
To https://github.com/thomascfoley-stack/ancient-roads.git
 - [deleted]         fix/web-lint-next16
To https://github.com/thomascfoley-stack/ancient-roads.git
 - [deleted]         fix/work-reader-staged-fixture-2026-07-28
To https://github.com/thomascfoley-stack/ancient-roads.git
 - [deleted]         fix/e4-section-provenance-2026-07-29
