
> theology-study-app@0.1.0 audit
> bash scripts/audit.sh


[1m▶ env — audit allow-list (shell + ingest env)[0m
shell:  DATABASE_URL / APP_DATABASE_URL / DATABASE_URL_UNPOOLED on allow-list (or unset)
host:   ep-tiny-hat-atdgpisx.c-9.us-east-1.aws.neon.tech
branch: dev
(node:34403) Warning: SECURITY WARNING: The SSL modes 'prefer', 'require', and 'verify-ca' are treated as aliases for 'verify-full'.
In the next major version (pg-connection-string v3.0.0 and pg v9.0.0), these modes will adopt standard libpq semantics, which have weaker security guarantees.

To prepare for this change:
- If you want the current behavior, explicitly use 'sslmode=verify-full'
- If you want libpq compatibility now, use 'uselibpqcompat=true&sslmode=require'

See https://www.postgresql.org/docs/current/libpq-ssl.html for libpq SSL mode definitions.
(Use `node --trace-warnings ...` to show where the warning was created)
role:   neondb_owner
positive control (Gill on dev): 28843
OK: root .env.local -> allowed owner, probe fires. Safe for population.
[32m✓ env — audit allow-list (shell + ingest env)[0m

[1m▶ typecheck — tsc --noEmit (strict)[0m
[32m✓ typecheck — tsc --noEmit (strict)[0m

[1m▶ typecheck — cutover gate (scripts/)[0m
[32m✓ typecheck — cutover gate (scripts/)[0m

[1m▶ typecheck — web/ tsc --noEmit[0m
[32m✓ typecheck — web/ tsc --noEmit[0m

[1m▶ typecheck — web/test tsc --noEmit[0m
[32m✓ typecheck — web/test tsc --noEmit[0m

[1m▶ lint — eslint src/ test/[0m

/private/tmp/swarm-W-UX1/src/ingest/ingest-biblehub.ts
  145:67  warning  Unexpected any. Specify a different type  @typescript-eslint/no-explicit-any
  153:17  warning  Unexpected any. Specify a different type  @typescript-eslint/no-explicit-any
  171:37  warning  Unexpected any. Specify a different type  @typescript-eslint/no-explicit-any
  171:45  warning  Unexpected any. Specify a different type  @typescript-eslint/no-explicit-any

/private/tmp/swarm-W-UX1/src/ingest/ingest-scrollmapper-bibles.ts
  98:47  warning  Unexpected any. Specify a different type  @typescript-eslint/no-explicit-any

/private/tmp/swarm-W-UX1/src/ingest/ingest-strongs.ts
  44:3  warning  Unused eslint-disable directive (no problems were reported from '@typescript-eslint/no-implied-eval')

/private/tmp/swarm-W-UX1/test/evals.test.ts
  11:34  warning  Unexpected any. Specify a different type  @typescript-eslint/no-explicit-any
  17:21  warning  Unexpected any. Specify a different type  @typescript-eslint/no-explicit-any
  26:21  warning  Unexpected any. Specify a different type  @typescript-eslint/no-explicit-any

/private/tmp/swarm-W-UX1/test/verifier.test.ts
   17:34  warning  Unexpected any. Specify a different type  @typescript-eslint/no-explicit-any
   24:34  warning  Unexpected any. Specify a different type  @typescript-eslint/no-explicit-any
   31:34  warning  Unexpected any. Specify a different type  @typescript-eslint/no-explicit-any
   46:21  warning  Unexpected any. Specify a different type  @typescript-eslint/no-explicit-any
   53:21  warning  Unexpected any. Specify a different type  @typescript-eslint/no-explicit-any
   60:21  warning  Unexpected any. Specify a different type  @typescript-eslint/no-explicit-any
   67:21  warning  Unexpected any. Specify a different type  @typescript-eslint/no-explicit-any
   74:21  warning  Unexpected any. Specify a different type  @typescript-eslint/no-explicit-any
   81:21  warning  Unexpected any. Specify a different type  @typescript-eslint/no-explicit-any
   88:21  warning  Unexpected any. Specify a different type  @typescript-eslint/no-explicit-any
  102:10  warning  Unexpected any. Specify a different type  @typescript-eslint/no-explicit-any
  113:54  warning  Unexpected any. Specify a different type  @typescript-eslint/no-explicit-any
  121:54  warning  Unexpected any. Specify a different type  @typescript-eslint/no-explicit-any
  131:21  warning  Unexpected any. Specify a different type  @typescript-eslint/no-explicit-any
  138:21  warning  Unexpected any. Specify a different type  @typescript-eslint/no-explicit-any
  145:21  warning  Unexpected any. Specify a different type  @typescript-eslint/no-explicit-any
  152:21  warning  Unexpected any. Specify a different type  @typescript-eslint/no-explicit-any
  159:21  warning  Unexpected any. Specify a different type  @typescript-eslint/no-explicit-any
  166:21  warning  Unexpected any. Specify a different type  @typescript-eslint/no-explicit-any
  175:21  warning  Unexpected any. Specify a different type  @typescript-eslint/no-explicit-any
  182:21  warning  Unexpected any. Specify a different type  @typescript-eslint/no-explicit-any
  189:21  warning  Unexpected any. Specify a different type  @typescript-eslint/no-explicit-any
  196:21  warning  Unexpected any. Specify a different type  @typescript-eslint/no-explicit-any
  203:21  warning  Unexpected any. Specify a different type  @typescript-eslint/no-explicit-any
  247:34  warning  Unexpected any. Specify a different type  @typescript-eslint/no-explicit-any
  275:34  warning  Unexpected any. Specify a different type  @typescript-eslint/no-explicit-any

✖ 35 problems (0 errors, 35 warnings)
  0 errors and 1 warning potentially fixable with the `--fix` option.

[32m✓ lint — eslint src/ test/[0m

[1m▶ lint — web/ eslint[0m
[32m✓ lint — web/ eslint[0m

[1m▶ unused — knip (files/exports/deps)[0m
Configuration hints (3)
[src/ingest/*.ts, …]    knip.json  Remove, or move unused top-level entry to one of "workspaces"  
[src/**/*.ts, …]        knip.json  Remove, or move unused top-level project to one of "workspaces"
src/evals/run.ts        knip.json  Remove redundant entry pattern                                 
[32m✓ unused — knip (files/exports/deps)[0m

[1m▶ deps — advisory bulk-endpoint (prod, high+ CVEs)[0m
(node:34835) [DEP0169] DeprecationWarning: `url.parse()` behavior is not standardized and prone to errors that have security implications. Use the WHATWG URL API instead. CVEs are not issued for `url.parse()` vulnerabilities.
(Use `node --trace-deprecation ...` to show where the warning was created)
deps-audit scanned package versions (expect-red / ignore carriers):
  scanned better-auth: 1.4.18
✓ deps-audit: observed red set matches --expect-red exactly (2 GHSA(s): GHSA-g38m-r43w-p2q7, GHSA-qq9h-g4jm-xgf3).
[32m✓ deps — advisory bulk-endpoint (prod, high+ CVEs)[0m

[1m▶ tests + coverage — vitest[0m

 RUN  v2.1.9 /private/tmp/swarm-W-UX1
      Coverage enabled with v8

 ✓ test/unit-ordinal-cohort.test.ts (21 tests) 16ms
 ✓ test/invariants/ci-ephemeral-branch.test.ts (10 tests) 7ms
 ✓ test/ref-parse.test.ts (65 tests) 24ms
 ✓ test/corpus-manifest.test.ts (23 tests) 57ms
 ✓ test/invariants/served-corpus-authors.test.ts (16 tests) 22ms
 ✓ test/verifier.test.ts (31 tests) 13ms
 ✓ test/resource-textmatch-calibration.test.ts (9 tests) 8ms
 ✓ test/normalize-contract.test.ts (14 tests) 6ms
 ✓ test/excerpt-sample-policy.test.ts (13 tests) 6ms
file:///private/tmp/swarm-W-UX1/scripts/lib/target-guard.mjs:121
    throw new Error(`REFUSING: ${host} is production or dev — this script corrupts its target`);
          ^

Error: REFUSING: ep-odd-fog-atnykudm.c-9.us-east-1.aws.neon.tech.invalid is production or dev — this script corrupts its target
    at assertThrowawayTarget (file:///private/tmp/swarm-W-UX1/scripts/lib/target-guard.mjs:121:11)
    at file:///private/tmp/swarm-W-UX1/scripts/cutover-gate-redproof.mjs:33:14
    at ModuleJob.run (node:internal/modules/esm/module_job:371:25)
    at async onImport.tracePromise.__proto__ (node:internal/modules/esm/loader:669:26)
    at async asyncRunEntryPointWithESMLoader (node:internal/modules/run_main:101:5)

Node.js v24.5.0
 ✓ test/ask-max-duration-literal.test.ts (5 tests) 5ms
file:///private/tmp/swarm-W-UX1/scripts/lib/target-guard.mjs:121
    throw new Error(`REFUSING: ${host} is production or dev — this script corrupts its target`);
          ^

Error: REFUSING: ep-tiny-hat-atdgpisx.c-9.us-east-1.aws.neon.tech.invalid is production or dev — this script corrupts its target
    at assertThrowawayTarget (file:///private/tmp/swarm-W-UX1/scripts/lib/target-guard.mjs:121:11)
    at file:///private/tmp/swarm-W-UX1/scripts/cutover-gate-redproof.mjs:33:14
    at ModuleJob.run (node:internal/modules/esm/module_job:371:25)
    at async onImport.tracePromise.__proto__ (node:internal/modules/esm/loader:669:26)
    at async asyncRunEntryPointWithESMLoader (node:internal/modules/run_main:101:5)

Node.js v24.5.0
 ✓ test/routing-orchestration.test.ts (21 tests) 9ms
file:///private/tmp/swarm-W-UX1/scripts/lib/target-guard.mjs:103
    throw new Error(
          ^

Error: STOP: label target ep-odd-fog-atnykudm.c-9.us-east-1.aws.neon.tech.invalid is not the declared endpoint (CUTOVER_EXPECT_HOST=neon.tech). It must name the endpoint id exactly.
    at assertCutoverTarget (file:///private/tmp/swarm-W-UX1/scripts/lib/target-guard.mjs:103:11)
    at assertTarget (file:///private/tmp/swarm-W-UX1/scripts/register-label-embeddings.mjs:30:3)
    at file:///private/tmp/swarm-W-UX1/scripts/register-label-embeddings.mjs:43:1
    at ModuleJob.run (node:internal/modules/esm/module_job:371:25)
    at async onImport.tracePromise.__proto__ (node:internal/modules/esm/loader:669:26)
    at async asyncRunEntryPointWithESMLoader (node:internal/modules/run_main:101:5)

Node.js v24.5.0
 ✓ test/invariants/upload-root-lockfile.test.ts (6 tests) 14ms
file:///private/tmp/swarm-W-UX1/scripts/lib/target-guard.mjs:103
    throw new Error(
          ^

Error: STOP: slice target ep-odd-fog-atnykudm.c-9.us-east-1.aws.neon.tech.invalid is not the declared endpoint (CUTOVER_EXPECT_HOST=neon.tech). It must name the endpoint id exactly.
    at assertCutoverTarget (file:///private/tmp/swarm-W-UX1/scripts/lib/target-guard.mjs:103:11)
    at file:///private/tmp/swarm-W-UX1/scripts/cutover-e4-slice-all.mjs:26:14
    at ModuleJob.run (node:internal/modules/esm/module_job:371:25)
    at async onImport.tracePromise.__proto__ (node:internal/modules/esm/loader:669:26)
    at async asyncRunEntryPointWithESMLoader (node:internal/modules/run_main:101:5)

Node.js v24.5.0
 ✓ test/front-matter-detector.test.ts (30 tests) 45ms
FAIL: shell DATABASE_URL points at ep-odd-fog-atnykudm — not on the audit allow-list (dev endpoints, localhost, or AUDIT_ALLOWED_ENDPOINT / SEED_TEST_ENDPOINT by exact id). Unset it before npm run audit — qa/vitest inherit shell env.
FAIL: shell DATABASE_URL points at ep-fresh-fork-at000000 — not on the audit allow-list (dev endpoints, localhost, or AUDIT_ALLOWED_ENDPOINT / SEED_TEST_ENDPOINT by exact id). Unset it before npm run audit — qa/vitest inherit shell env.
 ✓ test/invariants/dev-only-target.test.ts (15 tests) 30ms
 ✓ test/invariants/served-lists-respect-the-manifest.test.ts (8 tests) 4ms
 ✓ test/invariants/source-archive-coverage.test.ts (14 tests) 17ms
 ✓ test/passages-anchor-grounding.test.ts (10 tests) 8ms
 ✓ test/license-manifest.test.ts (20 tests) 8ms
 ✓ test/publish-flip-census.test.ts (25 tests) 1085ms
   ✓ the runner imports the serving predicates rather than restating them > refuses production outright — DRIVEN, not grepped 1078ms
stdout | test/rate-limit.test.ts > checkAskRateLimit > allows exactly at the per-minute cap (10), blocks the 11th
{"evt":"rate_limit_hit","ts":"2026-08-23T02:52:11.314Z","userId":"u1","cap":"min","count":11,"limit":10}

stdout | test/rate-limit.test.ts > checkAskRateLimit > blocks over the per-day cap (100)
{"evt":"rate_limit_hit","ts":"2026-08-23T02:52:11.315Z","userId":"u1","cap":"day","count":101,"limit":100}

stdout | test/rate-limit.test.ts > checkAskRateLimit > FAILS CLOSED (denies) when the limiter DB call throws — this is the SPEND path
{"evt":"rate_limit_fail_closed","ts":"2026-08-23T02:52:11.315Z","userId":"u1","error":"db down"}

stdout | test/rate-limit.test.ts > checkAskRateLimit > a ZERO-ROW return is denied, not a TypeError swallowed into an allow
{"evt":"rate_limit_fail_closed","ts":"2026-08-23T02:52:11.315Z","userId":"u1","error":"rate-limit bump returned no row for bucket ask:min"}

stdout | test/rate-limit.test.ts > checkAskRateLimit > the GLOBAL daily ceiling denies once all users together exceed it
{"evt":"rate_limit_hit","ts":"2026-08-23T02:52:11.315Z","userId":"u1","cap":"global","count":99999,"limit":5000}

stdout | test/rate-limit.test.ts > checkAskRateLimit > H4: a minute-refused request does NOT touch the day bucket
{"evt":"rate_limit_hit","ts":"2026-08-23T02:52:11.316Z","userId":"u1","cap":"min","count":11,"limit":10}

stdout | test/rate-limit.test.ts > checkGateRateLimit > blocks the 11th attempt in a minute (default cap 10)
{"evt":"gate_rate_limit_hit","ts":"2026-08-23T02:52:11.317Z","ip":"1.2.3.4","cap":"min","count":11,"limit":10}

stdout | test/rate-limit.test.ts > checkGateRateLimit > blocks a slow drip over the hourly cap (default 60)
{"evt":"gate_rate_limit_hit","ts":"2026-08-23T02:52:11.317Z","ip":"1.2.3.4","cap":"hour","count":61,"limit":60}

stdout | test/rate-limit.test.ts > checkGateRateLimit > FAILS OPEN (allows) when the limiter DB call throws — password still required by the caller
{"evt":"rate_limit_fail_open","ts":"2026-08-23T02:52:11.318Z","userId":"gate:1.2.3.4","error":"db down"}

 ✓ test/rate-limit.test.ts (13 tests) 8ms
 ✓ test/invariants/ci-claims-match-reality.test.ts (4 tests) 20ms
 ✓ test/invariants/no-committed-credentials.test.ts (3 tests) 371ms
 ✓ test/invariants/publish-admission-covers-served-lists.test.ts (12 tests) 10ms
 ✓ test/invariants/served-backfill-frozen-sync.test.ts (4 tests) 3ms
 ✓ test/teacher.test.ts (6 tests) 7ms
 ✓ test/invariants/explicit-citation.test.ts (21 tests) 15ms
 ✓ test/unit-ordinal-instrument-preflight.test.ts (10 tests) 16ms
stdout | test/auth-rate-limit.test.ts > checkAuthRateLimit — the hammer (red-proof) > fires 429 semantics past the per-minute IP cap: 10 pass, the 11th and beyond are denied
{"evt":"rate_limit_hit","ts":"2026-08-23T02:52:11.873Z","userId":"auth:ip:6.6.6.6","cap":"min","count":11,"limit":10}
{"evt":"rate_limit_hit","ts":"2026-08-23T02:52:11.873Z","userId":"auth:ip:6.6.6.6","cap":"min","count":12,"limit":10}
{"evt":"rate_limit_hit","ts":"2026-08-23T02:52:11.873Z","userId":"auth:ip:6.6.6.6","cap":"min","count":13,"limit":10}
{"evt":"rate_limit_hit","ts":"2026-08-23T02:52:11.873Z","userId":"auth:ip:6.6.6.6","cap":"min","count":14,"limit":10}
{"evt":"rate_limit_hit","ts":"2026-08-23T02:52:11.873Z","userId":"auth:ip:6.6.6.6","cap":"min","count":15,"limit":10}

stdout | test/auth-rate-limit.test.ts > checkAuthRateLimit — the hammer (red-proof) > a slow drip past the hourly IP cap is denied with the hour retry
{"evt":"rate_limit_hit","ts":"2026-08-23T02:52:11.873Z","userId":"auth:ip:1.2.3.4","cap":"hour","count":61,"limit":60}

stdout | test/auth-rate-limit.test.ts > checkAuthRateLimit — the hammer (red-proof) > H4: a minute-refused request does NOT burn the hourly bucket
{"evt":"rate_limit_hit","ts":"2026-08-23T02:52:11.874Z","userId":"auth:ip:1.2.3.4","cap":"min","count":11,"limit":10}

stdout | test/auth-rate-limit.test.ts > checkAuthRateLimit — the hammer (red-proof) > rotating IPs do NOT evade the cap when the email is constant (credential stuffing)
{"evt":"rate_limit_hit","ts":"2026-08-23T02:52:11.874Z","userId":"auth:email:victim@example.com","cap":"min","count":6,"limit":5}
{"evt":"rate_limit_hit","ts":"2026-08-23T02:52:11.874Z","userId":"auth:email:victim@example.com","cap":"min","count":7,"limit":5}
{"evt":"rate_limit_hit","ts":"2026-08-23T02:52:11.874Z","userId":"auth:email:victim@example.com","cap":"min","count":8,"limit":5}

stdout | test/auth-rate-limit.test.ts > checkAuthRateLimit — the hammer (red-proof) > FAILS OPEN (allows, logged) when the limiter DB call throws
{"evt":"rate_limit_fail_open","ts":"2026-08-23T02:52:11.874Z","userId":"auth:ip:1.2.3.4","error":"db down"}

stdout | test/auth-rate-limit.test.ts > checkAuthRateLimit — the hammer (red-proof) > a ZERO-ROW upsert return fails open too, not a TypeError into a denial
{"evt":"rate_limit_fail_open","ts":"2026-08-23T02:52:11.874Z","userId":"auth:ip:1.2.3.4","error":"rate-limit bump returned no row for bucket auth:min"}

 ✓ test/auth-rate-limit.test.ts (10 tests) 4ms
 ✓ test/prod-path-no-transpiler.test.ts (5 tests) 54ms
 ✓ test/served-assets-count.test.ts (9 tests) 56ms
 ✓ test/invariants/loop-breakers.test.ts (18 tests) 8ms
 ✓ test/invariants/user-data-invariant.test.ts (6 tests) 16ms
 ✓ test/topical-refs.test.ts (11 tests) 11ms
 ✓ test/invariants/archive-record-merge.test.ts (7 tests) 14ms
 ✓ test/ccel-primary-book-anchor.test.ts (6 tests) 8ms
 ✓ test/passages-grounding.test.ts (4 tests) 7ms
 ✓ test/invariants/reingest-guard-wiring.test.ts (7 tests) 9ms
 ✓ test/invariants/book-slug-url-forms.test.ts (72 tests) 11ms
 ✓ test/invariants/g10-verdict-agreement.test.ts (2 tests) 2ms
 ✓ test/invariants/web-upload-root.test.ts (2 tests) 54ms
(node:35084) Warning: SECURITY WARNING: The SSL modes 'prefer', 'require', and 'verify-ca' are treated as aliases for 'verify-full'.
In the next major version (pg-connection-string v3.0.0 and pg v9.0.0), these modes will adopt standard libpq semantics, which have weaker security guarantees.

To prepare for this change:
- If you want the current behavior, explicitly use 'sslmode=verify-full'
- If you want libpq compatibility now, use 'uselibpqcompat=true&sslmode=require'

See https://www.postgresql.org/docs/current/libpq-ssl.html for libpq SSL mode definitions.
(Use `node --trace-warnings ...` to show where the warning was created)
 ✓ test/invariants/target-guard.test.ts (20 tests) 2019ms
   ✓ the shipped scripts refuse an uppercase production URL > assert-ingest-env-dev.mjs passes with a clean shell (no DB vars) 1629ms
 ✓ test/invariants/manifest-provenance.test.ts (3 tests) 6ms
 ✓ test/corpus-blob-sync.test.ts (6 tests) 7ms
 ✓ test/invariants/g10-baseline-floor.test.ts (3 tests) 18ms
/private/tmp/swarm-W-UX1/src/ingest/quarantine-served-corpus.ts:116
    throw new Error(`No chapter files under ${SERVED_ROOT}. Refusing: an empty scan is not a pass.`);
          ^


Error: No chapter files under web/public/commentaries. Refusing: an empty scan is not a pass.
    at filterRun (/private/tmp/swarm-W-UX1/src/ingest/quarantine-served-corpus.ts:116:11)
    at <anonymous> (/private/tmp/swarm-W-UX1/src/ingest/quarantine-served-corpus.ts:241:6)
    at ModuleJob.run (node:internal/modules/esm/module_job:371:25)
    at async onImport.tracePromise.__proto__ (node:internal/modules/esm/loader:669:26)
    at async asyncRunEntryPointWithESMLoader (node:internal/modules/run_main:101:5)

Node.js v24.5.0
 ✓ test/deps-audit-core.test.ts (8 tests) 2ms
 ✓ test/resource-textmatch.test.ts (7 tests) 6ms
 ✓ test/verse-coverage-core.test.ts (6 tests) 6ms
 ✓ test/normalize.test.ts (12 tests) 6ms
 ✓ test/invariants/served-reconcile.test.ts (8 tests) 3ms
 ✓ test/verifier-unassigned-not-a-tradition.test.ts (3 tests) 4ms
 ✓ test/invariants/coverage-census.test.ts (7 tests) 8ms
 ✓ test/reference-intent.test.ts (8 tests) 10ms
 ✓ test/invariants/vercel-json.test.ts (2 tests) 3ms
 ✓ test/api-error.test.ts (6 tests) 4ms
 ✓ test/embedder-model-guard.test.ts (5 tests) 33ms
 ✓ test/gate-decision.test.ts (7 tests) 6ms
 ✓ test/invariants/book-slug-alias-wiring.test.ts (5 tests) 3ms
 ✓ test/heldout-frozen-hash.test.ts (2 tests) 3ms
 ✓ test/web-core-sync.test.ts (9 tests) 2ms
 ✓ test/invariants/adapter-archive-ryle.test.ts (7 tests) 4ms
 ✓ test/content-sanity.test.ts (7 tests) 4ms
 ✓ test/deps-audit-expect-red.test.ts (4 tests) 2ms
 ✓ test/invariants/neon-branch-guard.test.ts (4 tests) 7ms
 ✓ test/observability.test.ts (2 tests) 4ms
 ✓ test/invariants/quarantine-served-corpus.test.ts (9 tests) 2839ms
   ✓ filter > removes exactly what the shipped reader filter removes, and keeps the rest 463ms
   ✓ filter > is idempotent — a second run removes nothing 316ms
   ✓ filter > MERGES into an existing quarantine file instead of clobbering it 364ms
   ✓ restore > round-trips: filter then restore reproduces the original entries 375ms
   ✓ restore > does not duplicate entries when restored twice 535ms
 ✓ test/evals.test.ts (5 tests) 23ms
 ✓ test/verse-id.test.ts (5 tests) 5ms
 ✓ test/bible-sync.test.ts (9 tests) 5ms
 ❯ test/publish-flip-toolchain.test.ts (39 tests | 1 failed) 8069ms
   ✓ the A3 adjudicator refuses a census it must not adjudicate > adjudicates the REAL production census — the positive control 956ms
   ✓ the A3 adjudicator refuses a census it must not adjudicate > refuses a host that is not production, however it is dressed up 2477ms
   ✓ the A3 adjudicator refuses a census it must not adjudicate > refuses a PUBLISHED cohort — that would mean the flip already ran 352ms
   ✓ the A3 adjudicator refuses a census it must not adjudicate > refuses an empty source list rather than issuing a clean bill of health over nothing 303ms
   ✓ the A3 adjudicator refuses a census it must not adjudicate > a PUBLISHED hymn does not STOP the flip — it is served by SONG_VERSE_CORPUS_FILTER 465ms
   ✓ the A3 adjudicator refuses a census it must not adjudicate > a STAGED hymn reaches the flip list — the consequence no exit code reports 598ms
   ✓ the A3 adjudicator refuses a census it must not adjudicate > a published work in NO served list still STOPS — the fix did not just admit everything 574ms
   ✓ the A3 adjudicator refuses a census it must not adjudicate > refuses a DUPLICATE slug, which would inflate the flip list 930ms
   ✓ the A3 adjudicator refuses a census it must not adjudicate > refuses a value that is not a slug 645ms
   × thayers evidence gate > the SHIPPED CLI refuses at the same gate (subprocess, no DB, no evidence file) 7ms
     → expected true to be false // Object.is equality
 ✓ test/invariants/uncited-shingle-parity.test.ts (42 tests) 10795ms
   ✓ verse-level parity over the real KJV index > returns the same verse set as the frozen matcher at K=1: a verbatim quote 1930ms
   ✓ verse-level parity over the real KJV index > returns the same verse set as the frozen matcher at K=1: a quote inside prose 642ms
   ✓ verse-level parity over the real KJV index > returns the same verse set as the frozen matcher at K=1: prose quoting nothing 516ms
   ✓ verse-level parity over the real KJV index > returns the same verse set as the frozen matcher at K=1: multiple quotes 1131ms
   ✓ verse-level parity over the real KJV index > agrees at every K on the trade curve, not only at the frozen K=1 5363ms
   ✓ verse-level parity over the real KJV index > agrees ON the distinctiveness boundary, where a verse has EXACTLY minVerseShingles 560ms
   ✓ verse-level parity over the real KJV index > agrees one BELOW the boundary too — the floor excludes, it does not merely include 584ms

⎯⎯⎯⎯⎯⎯⎯ Failed Tests 1 ⎯⎯⎯⎯⎯⎯⎯

 FAIL  test/publish-flip-toolchain.test.ts > thayers evidence gate > the SHIPPED CLI refuses at the same gate (subprocess, no DB, no evidence file)
AssertionError: expected true to be false // Object.is equality

- Expected
+ Received

- false
+ true

 ❯ test/publish-flip-toolchain.test.ts:473:67
    471|   });
    472|   it('the SHIPPED CLI refuses at the same gate (subprocess, no DB, no …
    473|     expect(fs.existsSync(path.join(ROOT, THAYERS_EVIDENCE_PATH))).toBe…
       |                                                                   ^
    474|     const tmp = fs.mkdtempSync(path.join(os.tmpdir(), 'thayers-gate-')…
    475|     const manifest = path.join(tmp, 'slugs.json');

⎯⎯⎯⎯⎯⎯⎯⎯⎯⎯⎯⎯⎯⎯⎯⎯⎯⎯⎯⎯⎯⎯⎯⎯[1/1]⎯

 Test Files  1 failed | 69 passed (70)
      Tests  1 failed | 847 passed (848)
   Start at  19:52:09
   Duration  12.93s (transform 912ms, setup 0ms, collect 5.33s, tests 25.99s, environment 15ms, prepare 4.99s)

[31m✗ tests + coverage — vitest[0m

[1m▶ qa — Layer 1 invariants + regressions[0m

> theology-study-app@0.1.0 qa /private/tmp/swarm-W-UX1
> vitest run --config web/vitest.config.ts && vitest run test/rate-limit.test.ts test/auth-rate-limit.test.ts

[33mThe CJS build of Vite's Node API is deprecated. See https://vite.dev/guide/troubleshooting.html#vite-cjs-node-api-deprecated for more details.[39m

 RUN  v2.1.9 /private/tmp/swarm-W-UX1/web

 ↓ test/invariants/reading-progress-round-trip.test.ts (14 tests | 14 skipped)
stderr | test/invariants/reading-progress-round-trip.test.ts

⚠  NOT RUN — N1 — a reader’s position reaches the account and returns on the Library hub DID NOT RUN — missing DATABASE_URL (owner seed connection via seedOwnerUrl). It covers: the whole Continue-reading loop: reader → /api/work/[slug]/progress → reading_progress → listContinueReading. A green suite without it is not evidence that any of those hold.


 ↓ test/invariants/clipping-tombstone.test.ts (7 tests | 7 skipped)
stderr | test/invariants/clipping-tombstone.test.ts

⚠  NOT RUN — S-2/S-3/S-10 — the servability re-check and the tombstone DID NOT RUN — missing DATABASE_URL (owner seed connection via seedOwnerUrl). It covers: the tombstone: fail-closed re-check on both key legs, attribution kept, quote and link dropped. A green suite without it is not evidence that any of those hold.


 ↓ test/regression/studies-surface-routes.test.ts (12 tests | 12 skipped)
stderr | test/regression/studies-surface-routes.test.ts

⚠  NOT RUN — Studies surface routes (feed + export, handler → lib → dev DB, session mocked) DID NOT RUN — missing an owner seed URL (DATABASE_URL via seedOwnerUrl). It covers: the feed/export contract: per-block renderState, tombstone payload shape, download headers, accurate codes. A green suite without it is not evidence that any of those hold.


stderr | test/user-corpus/queue-never-drops.test.ts

⚠  NOT RUN — user-corpus queue — FOR UPDATE SKIP LOCKED under a concurrent lock holder DID NOT RUN — missing DATABASE_URL (an independent owner connection, via seedOwnerUrl). It covers: that a drain steps over a row another worker holds instead of blocking on it. A green suite without it is not evidence that any of those hold.


 ✓ test/user-corpus/model-parity.test.ts (18 tests) 5ms
 ↓ test/invariants/library-published-boundary.test.ts (9 tests | 9 skipped)
stderr | test/invariants/library-published-boundary.test.ts

⚠  NOT RUN — Phase 4 §A — a shelved work that is later staged/quarantined disappears from every surface DID NOT RUN — missing DATABASE_URL (owner seed connection via seedOwnerUrl). It covers: the published-status boundary across every read surface. A green suite without it is not evidence that any of those hold.


stderr | test/invariants/unit-ordinal-instrument.test.ts

⚠  NOT RUN — unit_ordinal instrument — 024 backfill perturbations DID NOT RUN — missing DATABASE_URL (owner seed via seedOwnerUrl). It covers: standing perturbation regression against migration 024 backfill SQL. A green suite without it is not evidence that any of those hold.


(node:37106) Warning: SECURITY WARNING: The SSL modes 'prefer', 'require', and 'verify-ca' are treated as aliases for 'verify-full'.
In the next major version (pg-connection-string v3.0.0 and pg v9.0.0), these modes will adopt standard libpq semantics, which have weaker security guarantees.

To prepare for this change:
- If you want the current behavior, explicitly use 'sslmode=verify-full'
- If you want libpq compatibility now, use 'uselibpqcompat=true&sslmode=require'

See https://www.postgresql.org/docs/current/libpq-ssl.html for libpq SSL mode definitions.
(Use `node --trace-warnings ...` to show where the warning was created)
 ↓ test/invariants/clipping-provenance.test.ts (4 tests | 4 skipped)
stderr | test/invariants/clipping-provenance.test.ts

⚠  NOT RUN — S-1 — the server is the only writer of clipping quote/attribution DID NOT RUN — missing DATABASE_URL (owner seed connection via seedOwnerUrl). It covers: clipping provenance: route-level 400 on client-supplied quote/attribution, the server-side INSERT…SELECT as the only writer, and the table-level CHECKs. A green suite without it is not evidence that any of those hold.


 ✓ test/regression/plans-routes.test.ts (13 tests) 3344ms
   ✓ Plans routes (handler → store → dev DB, session mocked) > POST creates a Romans plan: 201, days persisted, dates arithmetic 1019ms
   ✓ Plans routes (handler → store → dev DB, session mocked) > ACCEPTS Song of Songs — the 2026-08-12 ingest closed the known zero-coverage hole 392ms
   ✓ Plans routes (handler → store → dev DB, session mocked) > creates a Pauline-epistles collection plan spanning book boundaries (ADR-048) 408ms
   ✓ Plans routes (handler → store → dev DB, session mocked) > pins the ±48h window BOUNDARY, so the bound cannot silently widen or vanish 369ms
 ↓ test/user-corpus/blob-round-trip.test.ts (4 tests | 4 skipped)
stderr | test/user-corpus/blob-round-trip.test.ts

⚠  NOT RUN — @vercel/blob against the live store DID NOT RUN — missing BLOB_READ_WRITE_TOKEN. It covers: the @vercel/blob network hop — put, get and delete against the real store. A green suite without it is not evidence that any of those hold.


 ✓ test/user-corpus/anchor.test.ts (20 tests) 16ms
 ↓ test/invariants/annotations-polymorphic.test.ts (12 tests | 12 skipped)
stderr | test/invariants/annotations-polymorphic.test.ts

⚠  NOT RUN — MIG-A polymorphic annotations — anchor XOR CHECK + verse-only unique index DID NOT RUN — missing DATABASE_URL (owner seed connection via seedOwnerUrl). It covers: the 025 anchor XOR CHECK and the verse-only partial unique index. A green suite without it is not evidence that any of those hold.


 ↓ test/invariants/library-shelf-round-trip.test.ts (13 tests | 13 skipped)
stderr | test/invariants/library-shelf-round-trip.test.ts

⚠  NOT RUN — N3 — a work a reader saves reaches their shelf and comes back DID NOT RUN — missing DATABASE_URL (owner seed connection via seedOwnerUrl). It covers: the whole shelf loop: reader → /api/work/[slug]/shelf → library_items → listLibraryItems. A green suite without it is not evidence that any of those hold.


 ↓ test/invariants/search-register-groups.test.ts (3 tests | 3 skipped)
stderr | test/invariants/search-register-groups.test.ts

⚠  NOT RUN — S-5/S-6/S-12 — the register groups: labelled, fenced, honestly empty DID NOT RUN — missing DATABASE_URL (owner seed connection via seedOwnerUrl). It covers: register-group search: per-group labels and fences (S-5), staged/quarantined absence (S-6), per-group zeros (S-12). A green suite without it is not evidence that any of those hold.


 ↓ test/invariants/studies-bounds.test.ts (5 tests | 5 skipped)
stderr | test/invariants/studies-bounds.test.ts

⚠  NOT RUN — S-7 studies bounds (row caps, cursor pagination, stated byte ceiling, deleted-study absence) DID NOT RUN — missing DATABASE_URL (owner — teardown deletes; app_runtime holds no DELETE by design). It covers: bounded reads on the studies tables and the deleted-study cascade. A green suite without it is not evidence that any of those hold.


 ✓ test/catalog-filter-wiring.test.ts (21 tests) 7ms
 ✓ test/user-corpus/sniff-and-judge.test.ts (22 tests) 9ms
 ✓ test/search-personal-servability.test.ts (6 tests) 6ms
 ✓ test/ask-outcome-persist.test.ts (11 tests) 10ms
 ✓ test/invariants/legal-hnsw-index-sync.test.ts (11 tests) 30ms
 ✓ test/user-corpus/parse-docx.test.ts (13 tests) 274ms
stderr | test/user-corpus/routes.test.ts > the user-corpus routes > upload > accepts a real document as 201 and indexes it through the drain
[user-corpus] could not schedule the drain; document stays queued: `after` was called outside a request scope. Read more: https://nextjs.org/docs/messages/next-dynamic-api-wrong-context

 ✓ test/invariants/work-reader.test.ts (7 tests) 9095ms
   ✓ Book Reader API — /api/work/[slug] + /sections (executed against the real DB) > 404s a staged source on BOTH routes (published-only boundary) 3240ms
   ✓ Book Reader API — /api/work/[slug] + /sections (executed against the real DB) > TOC: source whitelist, no bodies, (unitOrdinal, ordinal) reading order, never a host URL 605ms
   ✓ Book Reader API — /api/work/[slug] + /sections (executed against the real DB) > sections: keyset pages are ascending, non-overlapping, cursor-driven 747ms
   ✓ Book Reader API — /api/work/[slug] + /sections (executed against the real DB) > sections: the default limit applies when limit is absent 728ms
   ✓ Book Reader API — /api/work/[slug] + /sections (executed against the real DB) > sections: limit=100000 is clamped — NEVER an unbounded response 501ms
   ✓ Book Reader API — /api/work/[slug] + /sections (executed against the real DB) > sections: walking nextAfter to the end reconstructs the whole work; the cursor ends null 2206ms
   ✓ Book Reader API — /api/work/[slug] + /sections (executed against the real DB) > sections: malformed params are a 400, never a 500 1066ms
 ✓ test/user-corpus/queue-never-drops.test.ts (15 tests | 1 skipped) 11959ms
   ✓ the queue never silently drops a document > a new upload is visible as queued immediately, before anything parses it 357ms
   ✓ the queue never silently drops a document > a document whose bytes were never stored FAILS with a reason, rather than being skipped 845ms
   ✓ the queue never silently drops a document > processes every document exactly once across repeated drains 1606ms
   ✓ the queue never silently drops a document > an exhausted document is RETIRED, not left invisible in parsing 700ms
   ✓ the queue never silently drops a document > a stale claim from a dead worker is reclaimed rather than stranded 1052ms
   ✓ the queue never silently drops a document > a FRESH claim is left alone — the reclaim is by age, not by status 621ms
   ✓ the queue never silently drops a document > one user's drain never touches another user's queue 1202ms
   ✓ the queue never silently drops a document > reapExhausted reports nothing to do when there is nothing to do 543ms
   ✓ the queue never silently drops a document > a worker killed during chunking is reclaimed, not stranded 892ms
   ✓ the queue never silently drops a document > an exhausted document stuck in chunking is retired rather than left invisible 556ms
   ✓ the queue never silently drops a document > a FRESH chunking claim is left alone — the reclaim is by age, not by status 653ms
   ✓ the queue never silently drops a document > a worker killed during embedding is reclaimed, not stranded 936ms
   ✓ the queue never silently drops a document > an exhausted document stuck in embedding is retired rather than left invisible 580ms
   ✓ the queue never silently drops a document > a FRESH embedding claim is left alone — the reclaim is by age, not by status 667ms
 ✓ test/invariants/research-history-static.test.ts (5 tests) 129ms
 ↓ test/invariants/studies-tenancy.test.ts (6 tests | 6 skipped)
stderr | test/invariants/studies-tenancy.test.ts

⚠  NOT RUN — S-4 studies tenancy (two accounts over app_runtime; belt + RLS) DID NOT RUN — missing DATABASE_URL (owner — teardown deletes; app_runtime holds no DELETE by design). It covers: cross-tenant read/write isolation on studies, study_blocks, study_block_revisions. A green suite without it is not evidence that any of those hold.


stderr | test/invariants/annotation-rls-tenancy.test.ts > Phase 3 annotation tables — two-account RLS tenancy (executed)
⚠  qa-residue sweep NOT RUN (no owner DATABASE_URL) for qa-rls-a-, qa-rls-b-. Rows stranded by an INTERRUPTED earlier run are still there; this run cleaned only after itself.

 ✓ test/invariants/annotation-rls-tenancy.test.ts (6 tests) 3645ms
   ✓ Phase 3 annotation tables — two-account RLS tenancy (executed) > with NO app.current_user_id set, the tables return zero rows (fail-closed backstop) 465ms
 ↓ test/invariants/search-servability.test.ts (3 tests | 3 skipped)
stderr | test/invariants/search-servability.test.ts

⚠  NOT RUN — /search servability belt — searchStudies tombstones withdrawn quotes DID NOT RUN — missing DATABASE_URL (owner seed connection via seedOwnerUrl). It covers: the /search render path re-checks servability like its three siblings; a withdrawn quote never reaches a snippet. A green suite without it is not evidence that any of those hold.


 ✓ test/study-position.test.ts (14 tests) 278ms
stderr | test/invariants/api-hardening.test.ts > /api/search/commentaries validates every number — H9 > a DB fault returns the stable envelope, not a raw 500 — and leaks nothing
[search/commentaries] connection to ep-odd-fog failed: password authentication

 ✓ test/invariants/api-hardening.test.ts (16 tests) 10ms
 ✓ test/invariants/gate-ugc-blindness.test.ts (5 tests) 16ms
stderr | test/invariants/commentary-entries-provenance.test.ts

⚠  NOT RUN — executed — the predicate run as SQL over seeded rows DID NOT RUN — missing a DIRECT (non-pooled) test DB — DATABASE_URL via seedOwnerUrl, or REDPROOF_DATABASE_URL. It covers: that the predicate actually refuses aggregator rows and keeps their clean twins. A green suite without it is not evidence that any of those hold.


 ✓ test/invariants/commentary-entries-provenance.test.ts (4 tests | 2 skipped) 1ms
 ✓ test/user-corpus/search.test.ts (17 tests) 16863ms
   ✓ the three searches > semantic > is EXACT brute force — equals a reference cosine computed here (SLICE_1_DATA_MODEL test 2) 359ms
   ✓ the three searches > keyword > does not throw on punctuation that would break to_tsquery 428ms
 ✓ test/regression/studies-routes.test.ts (8 tests) 3080ms
   ✓ Studies routes (handler → lib → dev DB, session mocked) > 404 NOT_FOUND (never 401) for a well-formed id the caller does not own 662ms
   ✓ Studies routes (handler → lib → dev DB, session mocked) > golden path: create → rename/pin → text block → list in order → delete block → delete study 1624ms
   ✓ Studies routes (handler → lib → dev DB, session mocked) > licensing refusal is 409 NOT_SERVABLE, distinct from 404 787ms
stderr | test/regression/studies-routes.test.ts > Studies routes (handler → lib → dev DB, session mocked)
⚠  qa-residue sweep NOT RUN (no owner DATABASE_URL) for qa-study-routes-. Rows stranded by an INTERRUPTED earlier run are still there; this run cleaned only after itself.

 ✓ test/invariants/tab-bar-reserved-once.test.ts (4 tests) 60ms
stderr | test/regression/annotations-routes.test.ts > #7 — 401 means signed out, and ONLY signed out > a DB fault on GET is 500 INTERNAL, never 401 — and leaks nothing
annotations read error: connection to ep-odd-fog failed: password authentication

stderr | test/regression/annotations-routes.test.ts > #7 — 401 means signed out, and ONLY signed out > a DB fault on POST is 500 INTERNAL, never 401
annotations write error: permission denied for table notes

stderr | test/regression/annotations-routes.test.ts > #7 — 401 means signed out, and ONLY signed out > a DB fault on DELETE is 500 INTERNAL, never 401
annotations delete error: permission denied for table notes

 ✓ test/regression/annotations-routes.test.ts (12 tests) 10ms
 ↓ test/invariants/studies-order.test.ts (6 tests | 6 skipped)
stderr | test/invariants/studies-order.test.ts

⚠  NOT RUN — S-14 studies order (total, stable, collision-free) DID NOT RUN — missing DATABASE_URL (owner — teardown deletes; app_runtime holds no DELETE by design). It covers: stable total block order across renders and deterministic midpoint-collision handling. A green suite without it is not evidence that any of those hold.


 ↓ test/regression/plan-topic-flow.test.ts (5 tests | 5 skipped)
stderr | test/regression/plan-topic-flow.test.ts

⚠  NOT RUN — Topic plan end-to-end (owner-seeded fixture, real handlers, real DB) DID NOT RUN — missing an owner seed URL (DATABASE_URL, non-prod). It covers: the topic→plan wiring: match → create → readings → tenancy → cascade. A green suite without it is not evidence that any of those hold.


 ↓ test/user-corpus/real-files-end-to-end.test.ts (4 tests | 4 skipped)
stderr | test/user-corpus/real-files-end-to-end.test.ts

⚠  NOT RUN — real files, end to end, against the real database DID NOT RUN — missing REALFILE_DOCX_DIR (operator-supplied local corpus) and REALFILE_PDF_DIR (operator-supplied local corpus) and REALFILE_SCAN_DIR (operator-supplied local corpus). It covers: real .docx/.pdf/scanned files through the shipped pipeline. A green suite without it is not evidence that any of those hold.


 ↓ test/invariants/annotation-tables.test.ts (8 tests | 8 skipped)
stderr | test/invariants/annotation-tables.test.ts

⚠  NOT RUN — MIG-B..E — bookmarks, library_items, reading_progress, tags DID NOT RUN — missing DATABASE_URL (owner seed connection via seedOwnerUrl). It covers: bookmarks, library_items, reading_progress and tags schema invariants. A green suite without it is not evidence that any of those hold.


 ✓ test/invariants/no-dead-user-table-writer.test.ts (4 tests) 2ms
 ↓ test/invariants/sections-unit-ordinal.test.ts (2 tests | 2 skipped)
stderr | test/invariants/sections-unit-ordinal.test.ts

⚠  NOT RUN — ADR-026 red-first — 024 backfill reassembles mis-ordered chunks in (unit_ordinal, ordinal) order DID NOT RUN — missing DATABASE_URL (owner seed connection via seedOwnerUrl). It covers: the 024 backfill reassembly of mis-ordered chunks in (unit_ordinal, ordinal) order. A green suite without it is not evidence that any of those hold.


 ✓ test/invariants/health-corpus-identity.test.ts (13 tests) 73ms
 ↓ test/user-corpus/scanned-threshold-calibration.test.ts (1 test | 1 skipped)
stderr | test/user-corpus/scanned-threshold-calibration.test.ts

⚠  NOT RUN — MIN_CHARS_PER_PAGE, measured against real documents DID NOT RUN — missing CALIBRATION_TEXT_DIR (operator-supplied local corpus) and CALIBRATION_SCAN_DIR (operator-supplied local corpus). It covers: the MIN_CHARS_PER_PAGE scanned-vs-text threshold against real documents. A green suite without it is not evidence that any of those hold.


 ✓ test/user-corpus/routes.test.ts (14 tests) 14106ms
   ✓ the user-corpus routes > upload > rejects a request with no file as 400, not 500 353ms
   ✓ the user-corpus routes > upload > accepts a real document as 201 and indexes it through the drain 11031ms
   ✓ the user-corpus routes > upload > dedupes identical bytes with a 200 and names the existing document 365ms
   ✓ the user-corpus routes > search > answers a text query from the indexed rows 467ms
 ✓ test/invariants/work-toc-browse.test.ts (15 tests) 7ms
 ✓ test/user-corpus/chunk.test.ts (16 tests) 6ms
 ✓ test/invariants/ask-composer-mask.test.ts (8 tests) 2ms
 ✓ test/invariants/fonts-self-hosted.test.ts (5 tests) 16ms
 ✓ test/verifier-origin.test.ts (4 tests) 4ms
 ✓ test/invariants/prayer-carry-forward.test.ts (11 tests) 4ms
 ✓ test/research-store-edges.test.ts (14 tests) 4223ms
   ✓ research store — edge cases (executed) > E1: a crashed ask (question with no answer) renders as an unanswered turn, not lost 703ms
   ✓ research store — edge cases (executed) > E2: interleaved Q1,Q2,A1,A2 pairs by qid — never misattributed (I1-M1 by execution) 468ms
   ✓ research store — edge cases (executed) > E4: an answer whose qid matches nothing attaches to NO turn rather than the wrong one 325ms
   ✓ research store — edge cases (executed) > E7: title truncates at 80 with an ellipsis; short titles stay verbatim 370ms
   ✓ research store — edge cases (executed) > E11: an archived thread disappears from the list but stays readable at its URL 374ms
   ✓ research store — edge cases (executed) > E13: updated_at ordering — the most recently ACTIVE thread lists first 372ms
stderr | test/research-store-edges.test.ts > research store — edge cases (executed)
⚠  qa-residue sweep NOT RUN (no owner DATABASE_URL) for qa-research-edge-. Rows stranded by an INTERRUPTED earlier run are still there; this run cleaned only after itself.

stderr | test/user-corpus/upload-quota.test.ts > H5b — upload quotas > route wiring > at the document cap: a DUPLICATE re-upload still answers 200, a new file gets the 403
[user-corpus] could not schedule the drain; document stays queued: `after` was called outside a request scope. Read more: https://nextjs.org/docs/messages/next-dynamic-api-wrong-context

 ✓ test/invariants/ask-outcomes-migration.test.ts (7 tests) 3ms
 ✓ test/desk-panes.test.ts (37 tests) 4ms
 ✓ test/invariants/wallet.test.ts (3 tests) 27ms
 ✓ test/user-corpus/corpus-join-integrity.test.ts (4 tests) 2ms
 ✓ test/search-groups.test.ts (16 tests) 4ms
 ✓ test/invariants/today.test.ts (7 tests) 5ms
 ✓ test/invariants/t1-t3-first-run.test.ts (6 tests) 2ms
 ✓ test/user-corpus/upload-quota.test.ts (8 tests) 2900ms
   ✓ H5b — upload quotas > route wiring > at the document cap: a DUPLICATE re-upload still answers 200, a new file gets the 403 986ms
 ✓ test/invariants/voice-floor-authors.test.ts (8 tests) 4ms
 ✓ test/user-corpus/scanned-pdf-real-path.test.ts (3 tests) 769ms
   ✓ a PDF with a real text layer > is read, and accepted 759ms
 ✓ test/regression/chat-write-caps.test.ts (12 tests) 8ms
 ✓ test/teach-rejection-capture.test.ts (5 tests) 22ms
 ✓ test/user-corpus/readings-reentrancy.test.ts (8 tests) 1432ms
   ✓ H8 — the readings route > 409s a POST while a FRESH pending run exists — the exact H8 reproduction 363ms
   ✓ H8 — the readings route > lets a POST through once the pending is STALE (the crashed-kick escape) 689ms
 ✓ test/invariants/fetched-assets-actually-ship.test.ts (3 tests) 39ms
 ✓ test/original/match-english-word.test.ts (13 tests) 3ms
 ✓ test/user-corpus/pipeline-to-ready.test.ts (4 tests) 13183ms
   ✓ a document goes in and comes out searchable > reaches ready, with sections, vectors and anchors all written 10855ms
   ✓ a document goes in and comes out searchable > re-indexing is idempotent — a retry replaces rather than duplicates 1610ms
 ✓ test/invariants/prayers-c9.test.ts (6 tests) 2ms
 ✓ test/study-clipping-trim.test.ts (4 tests) 10ms
 ✓ test/invariants/gate-leg-inventory.test.ts (10 tests) 4ms
 ✓ test/plan-canonical-groups.test.ts (9 tests) 3ms
 ✓ test/invariants/annotation-exact-substring.test.ts (5 tests) 834ms
   ✓ §P1 the exact substring survives the persistence round-trip (RLS) > span_start/span_end read back slice the verse to the EXACT selected substring 557ms
 ✓ test/invariants/section-label.test.ts (12 tests) 2ms
stdout | test/invariants/teacher-owner-gate-routes.test.ts > the teacher owner-gate fires on the shipped routes (ADR-116 ruling 3) > an ALLOWLISTED caller is NOT refused — the gate is not simply off
{"evt":"ask_outcome","ts":"2026-08-23T02:52:50.265Z","kind":"empty","ms":0,"attempts":0,"voices":0,"traditions":0}

 ✓ test/invariants/teacher-owner-gate-routes.test.ts (4 tests) 24ms
 ✓ test/invariants/sec1-upload-gate.test.ts (7 tests) 2ms
 ✓ test/invariants/studies-grants.test.ts (2 tests) 299ms
 ✓ test/invariants/date-locale-and-plan-title.test.ts (6 tests) 26ms
 ✓ test/invariants/reading-progress-contract.test.ts (27 tests) 2ms
stdout | test/invariants/section-vector-pairing.test.ts > §B0 class 2 — every section body matches its own stored vector > re-embedding the body reproduces the stored vector, and discriminates against a neighbour
§B0 class 2 — pairing probed on 98/129 published works; NOT COVERED: 31 — vectorless (no section_embeddings): 0; no section of sampleable length: 31 [baxter-saints-rest, bett-methhymns, calvin-calcom03, calvin-calcom07, calvin-calcom14, calvin-calcom15, calvin-calcom16, calvin-calcom17, calvin-calcom18, calvin-calcom19, calvin-calcom20, calvin-calcom21, calvin-calcom24, calvin-calcom25, calvin-calcom26, calvin-prayer, easton-ebd2, jowett-mattermost, lawrence-practice-presence, luther-largecatechism, manning-wesleyhymns, reeves-hymnlit, ryle-expository, ryle-holiness, schaff-npnf213, scougal-life-of-god, smith-w-bibledict, spurgeon-comment, spurgeon-faiths-checkbook, spurgeon-morning-evening, tolstoy-confession]

 ✓ test/invariants/unit-ordinal-instrument.test.ts (15 tests | 3 skipped) 37508ms
   ✓ unit_ordinal instrument — published works + digest > passes NULL/order/recompute/digest checks on all published works 36859ms
 ✓ test/invariants/migration-zero-window.test.ts (8 tests) 4ms
 ✓ test/invariants/history-scope-db.test.ts (2 tests) 16655ms
   ✓ history search — scope and excerpt gate against a real DB > returns historian/published works only, every excerpt verbatim 13940ms
   ✓ history search — scope and excerpt gate against a real DB > an entity anchored ONLY in out-of-scope works returns nothing — the leak direction 2715ms
 ✓ test/invariants/licensing.test.ts (6 tests) 38229ms
   ✓ Layer 1 — licensing invariant (behavioral) > search path: Tyndale Study Notes is never returned 759ms
   ✓ Layer 1 — licensing invariant (behavioral) > search path: explicit Tyndale author filter returns nothing 814ms
   ✓ Layer 1 — licensing invariant (behavioral) > teacher legal SQL pool: no quarantined author in top candidates 14357ms
   ✓ Layer 1 — licensing invariant (behavioral) > teacher LEGAL_CORPUS_FILTER admits ALL 9 served voices (presence) 1338ms
   ✓ Layer 1 — licensing invariant (behavioral) > teacher retrieveCommentary: no quarantined author in returned chunks 5308ms
   ✓ Layer 1 — static reader forbidden-provenance ratchet > forbidden-provenance count may only decrease (or must be zero) 5232ms
 ↓ test/invariants/neon-auth-live.test.ts (3 tests | 3 skipped)
stderr | test/invariants/neon-auth-live.test.ts

⚠  NOT RUN — Neon Auth against the real hosted service DID NOT RUN — missing NEON_AUTH_BASE_URL and NEON_AUTH_COOKIE_SECRET. It covers: Neon Auth can create and authenticate a user against the real hosted service. A green suite without it is not evidence that any of those hold.


 ✓ test/history-search.test.ts (16 tests) 8ms
 ✓ test/invariants/must-not-serve-veto-on-fts.test.ts (17 tests) 5ms
 ✓ test/invariants/naming-lock.test.ts (9 tests) 10ms
 ✓ test/invariants/register-wall-fail-closed.test.ts (6 tests) 9ms
 ✓ test/invariants/verse-keys.test.ts (2 tests) 12134ms
   ✓ §3 verse-key distribution (live gate; announces NOT RUN when the gitignored corpus is absent, e.g. CI) > no author (≥200 entries) has >20% of entries keyed verse_start=verse_end=chapter 4444ms
   ✓ §3 verse-key distribution (live gate; announces NOT RUN when the gitignored corpus is absent, e.g. CI) > no SERVED (published) entry carries a biblehub.com / studylight.org sourceUrl 7689ms
 ✓ test/invariants/highlight-range.test.ts (11 tests) 10ms
 ✓ test/teach-stage-timings.test.ts (2 tests) 701ms
   ✓ teach() stage timings (B1) > reproduces seeded stage delays, records EVERY compose attempt, and totals coherently 322ms
   ✓ teach() stage timings (B1) > a compose that THROWS still records its duration (the tail must not hide) 379ms
 ✓ test/user-corpus/pdf-dom-globals.test.ts (11 tests) 606ms
   ✓ the PDF globals do not depend on the optional native canvas > loads the real pdfjs module with our matrix already in place 602ms
 ✓ test/desk-cap-overflow.test.ts (11 tests) 6ms
 ✓ test/plan-expand.test.ts (10 tests) 9ms
 ✓ test/invariants/seed-owner-url.test.ts (8 tests) 7ms
 ✓ test/invariants/pr1c-prayer-surface.test.ts (5 tests) 12ms
 ✓ test/ask-outcome-discriminator.test.ts (6 tests) 10ms
 ✓ test/invariants/provider-availability.test.ts (8 tests) 3ms
 ✓ test/invariants/n4-fake-doors.test.ts (7 tests) 4ms
 ✓ test/verse-span.test.ts (11 tests) 3ms
 ✓ test/invariants/work-sections-provenance-static.test.ts (3 tests) 2ms
 ✓ test/study-export-docx.test.ts (7 tests) 27ms
 ✓ test/invariants/library-nav-labels.test.ts (5 tests) 4ms
 ✓ test/invariants/studies-api-no-get.test.ts (3 tests) 3ms
 ✓ test/user-corpus/draft-check.test.ts (4 tests) 14070ms
   ✓ draft check > anchors a draft in-process — detection live, no rows written, no spend 10968ms
   ✓ draft check > finds the user's own document on the same passage, and the tradition beside it 2901ms
 ✓ test/posthog-wiring.test.ts (6 tests) 11ms
 ✓ test/invariants/translation-licensing.test.ts (6 tests) 3ms
 ✓ test/history-row-to-result.test.ts (6 tests) 2ms
 ✓ test/regression/bait-route-production-gate.test.ts (6 tests) 31ms
 ✓ test/invariants/docx-extract-redos.test.ts (5 tests) 8ms
 ✓ test/invariants/must-not-serve-format-agnostic.test.ts (18 tests) 6ms
 ✓ test/invariants/chapter-advance-identity.test.ts (5 tests) 7ms
stdout | test/invariants/register-end-to-end.test.ts > §B1 per-register end-to-end (real route handlers, real DB) > runs the five reader checks for every published register

§B1 per-register end-to-end — 11 register(s):
  commentary  john-gill                sections= 28843 units=1169 catalog=commentaries
  confession  schaff-creeds            sections=  4852 units=223 catalog=theology
  devotional  spurgeon-morning-evening sections=   744 units=744 catalog=devotionals
  father      chrysostom-homilies      sections=  8840 units=377 catalog=commentaries
  historian   josephus-whiston         sections=  4112 units=2687 catalog=historians
  hymn        watts-psalmshymns        sections=   731 units=731 catalog=hymns-poetry
  lexicon     isbe                     sections= 26475 units=8928 catalog=(none)
  poetry      milton-poetical-works    sections=   903 units=95 catalog=hymns-poetry
  sermon      spurgeon-sermons         sections=118371 units=3540 catalog=sermons
  theology    owen-works               sections= 20054 units=702 catalog=theology
  topical_index openbible-topics         sections=  6711 units=6711 catalog=(none) phrase-probe=n/a (no-prose register)

 ✓ test/invariants/register-end-to-end.test.ts (2 tests) 41647ms
   ✓ §B1 per-register end-to-end (real route handlers, real DB) > every published register has a representative work, and the no-catalog set is exactly as declared 8838ms
   ✓ §B1 per-register end-to-end (real route handlers, real DB) > runs the five reader checks for every published register 32809ms
 ✓ test/teach-budget.test.ts (6 tests) 2ms
 ✓ test/invariants/coverage-floor.test.ts (3 tests) 97ms
stdout | test/user-corpus/upload-rate-limit.test.ts > H5a — checkCorpusUploadRateLimit > allows exactly at the per-minute cap, blocks the next
{"evt":"rate_limit_hit","ts":"2026-08-23T02:53:05.669Z","userId":"u1","cap":"corpus-upload:min","count":11,"limit":10}

stdout | test/user-corpus/upload-rate-limit.test.ts > H5a — checkCorpusUploadRateLimit > blocks over the per-day cap
{"evt":"rate_limit_hit","ts":"2026-08-23T02:53:05.669Z","userId":"u1","cap":"corpus-upload:day","count":101,"limit":100}

stdout | test/user-corpus/upload-rate-limit.test.ts > H5a — checkCorpusUploadRateLimit > a minute-limited burst never consumes the daily quota (the H4 ordering)
{"evt":"rate_limit_hit","ts":"2026-08-23T02:53:05.669Z","userId":"u1","cap":"corpus-upload:min","count":99,"limit":10}

stdout | test/user-corpus/upload-rate-limit.test.ts > H5a — checkCorpusUploadRateLimit > FAILS CLOSED when the limiter DB call throws — each accepted upload is a paid embedding run
{"evt":"rate_limit_fail_closed","ts":"2026-08-23T02:53:05.669Z","userId":"u1","error":"db down"}

stdout | test/user-corpus/upload-rate-limit.test.ts > H5a — checkCorpusUploadRateLimit > a zero-row return is denied, not a TypeError swallowed into an allow
{"evt":"rate_limit_fail_closed","ts":"2026-08-23T02:53:05.670Z","userId":"u1","error":"rate-limit bump returned no row for bucket corpus-upload:min"}

 ✓ test/user-corpus/upload-rate-limit.test.ts (8 tests) 3ms
 ✓ test/invariants/fts-legal-index-sync.test.ts (1 test) 8ms
 ✓ test/invariants/bait-harness-uses-shipped-pipeline.test.ts (7 tests) 3ms
 ✓ test/user-corpus/plain-excerpt.test.ts (8 tests) 2ms
 ✓ test/teach-lane-flags.test.ts (4 tests) 4ms
 ✓ test/invariants/daily-light-json.test.ts (3 tests) 58ms
 ✓ test/invariants/s2-era-accent.test.ts (4 tests) 3ms
 ✓ test/invariants/served-veto-db.test.ts (2 tests) 953ms
   ✓ MUST_NOT_SERVE — nothing vetoed is serving (DB) > no work whose author matches a vetoed name is serving, unless an owner ruling admits it 844ms
 ✓ test/invariants/published-authors.test.ts (6 tests) 4ms
 ✓ test/user-corpus/search-limit-default.test.ts (6 tests) 9ms
 ✓ test/tradition-count-matches-gate.test.ts (4 tests) 3ms
 ✓ test/invariants/tradition-gap-wiring.test.ts (6 tests) 2ms
 ✓ test/invariants/sec1-route-guard.test.ts (13 tests) 6ms
 ✓ test/invariants/persist-write-retry.test.ts (7 tests) 6ms
 ✓ test/invariants/gate-next-redirect.test.ts (3 tests) 2ms
 ✓ test/invariants/plan-builder-defaults.test.ts (6 tests) 4ms
 ✓ test/invariants/teacher-owner-gate.test.ts (6 tests) 1ms
 ✓ test/invariants/scroll-fade-focus.test.ts (3 tests) 2ms
 ✓ test/clipping-display.test.ts (7 tests) 2ms
 ✓ test/invariants/plan-tenancy.test.ts (6 tests) 1927ms
   ✓ Plans tenancy invariant (two-account, executed) > positive control: user A reads, toggles, and still owns the plan 391ms
   ✓ Plans tenancy invariant (two-account, executed) > RLS backstop: with NO app.current_user_id set, plans returns zero rows 307ms
 ✓ test/invariants/highlight-palette.test.ts (5 tests) 3ms
 ✓ test/middleware-gate.test.ts (3 tests) 6ms
 ✓ test/invariants/commentary-entries-work-column.test.ts (4 tests) 2ms
 ✓ test/invariants/highlight-tenancy.test.ts (3 tests) 1197ms
   ✓ §7 sub-verse highlight tenancy (two-account, executed) > round-trips the span: A reads back its offsets, color, and translation 432ms
 ✓ test/embed-model-guard.test.ts (7 tests) 11ms
 ✓ test/invariants/s2-polish.test.ts (3 tests) 3ms
 ✓ test/regression/get-messages-filters-by-user-id.test.ts (2 tests) 10ms
 ✓ test/invariants/eval-whole-capture.test.ts (2 tests) 1149ms
   ✓ eval-heldout whole-capture > GREEN: a complete run writes every record and exits 0 687ms
   ✓ eval-heldout whole-capture > RED: a short run is marked incomplete and exits NON-ZERO 461ms
 ✓ test/teach-fallback-deadline.test.ts (1 test) 7ms
 ✓ test/invariants/neon-auth-wiring.test.ts (5 tests) 3ms
stderr | test/history-search-route.test.ts > POST /api/history/search > 500 fail-closed when retrieval throws — including the excerpt gate
history_search_failed excerpt is not a verbatim substring

stderr | test/history-search-route.test.ts > POST /api/history/search > 200 passes the contract through untouched
history_thread_persist_failed APP_DATABASE_URL or DATABASE_URL must be set

 ✓ test/history-search-route.test.ts (5 tests) 10ms
 ✓ test/invariants/chapter-param-guard.test.ts (5 tests) 2ms
 ✓ test/invariants/auth-route-table.test.ts (4 tests) 4ms
 ✓ test/invariants/search-sections.test.ts (6 tests) 5156ms
   ✓ searchSections — deduped to reading units, and capped > collapses many chunks of one reading unit into ONE result 788ms
   ✓ searchSections — deduped to reading units, and capped > caps the page size no matter what the caller asks for 2068ms
   ✓ searchSections — deduped to reading units, and capped > caps the reported count instead of scanning every match 1874ms
 ✓ test/user-corpus/metadata-extract.test.ts (6 tests) 5ms
 ✓ test/paragraph-around.test.ts (7 tests) 3ms
 ✓ test/invariants/popover-position.test.ts (6 tests) 2ms
 ✓ test/plan-topical-expand.test.ts (5 tests) 3ms
 ✓ test/invariants/prayers-route.test.ts (4 tests) 2ms
stderr | test/user-corpus/tradition-gap.test.ts > the tradition-gap join > A2 — a user-owned row seeded INTO the corpus table never surfaces
⚠ A2 leg SKIPPED: no owner URL

 ✓ test/marketing-verse-panel-sync.test.ts (1 test) 5ms
 ✓ test/plan-reschedule.test.ts (6 tests) 4ms
 ✓ test/word-articles-route.test.ts (3 tests) 6ms
 ✓ test/invariants/no-returns-empty-by-construction.test.ts (2 tests) 45ms
 ✓ test/invariants/neon-auth-config.test.ts (3 tests) 236ms
 ✓ test/regression/add-message-rejects-foreign-channel.test.ts (2 tests) 3ms
 ✓ test/invariants/s2-translation-explainer.test.ts (2 tests) 2ms
 ✓ test/invariants/work-toc-grouping.test.ts (3 tests) 4ms
 ✓ test/invariants/bible-translation-gate.test.ts (4 tests) 7ms
 ✓ test/user-corpus/readings-stale-running.test.ts (4 tests) 3ms
 ✓ test/invariants/copy-format.test.ts (6 tests) 3ms
 ↓ test/invariants/protected-branches-exist.test.ts (1 test | 1 skipped)
stderr | test/invariants/protected-branches-exist.test.ts

⚠  NOT RUN — protected-branches-exist DID NOT RUN — missing NEON_API_KEY (Neon branch inventory). It covers: every registered rollback branch id still exists in Neon. A green suite without it is not evidence that any of those hold.


 ✓ test/invariants/tenancy.test.ts (3 tests) 977ms
 ✓ test/invariants/servedof-provenance-belt.test.ts (1 test) 2ms
 ✓ test/invariants/register-wall-surfaces.test.ts (6 tests) 25151ms
   ✓ register wall — the NEW catalog + search surfaces > every catalog returns ONLY its declared types (fence holds against real data) 1051ms
   ✓ register wall — the NEW catalog + search surfaces > no catalog surfaces lane/other content that exists in the corpus 857ms
   ✓ register wall — the NEW catalog + search surfaces > catalog-scoped SEARCH honours the same fence 20617ms
   ✓ register wall — the NEW catalog + search surfaces > EVERY cross-corpus search result is register-LABELLED (the caller can honour the wall) 2445ms
stderr | test/db-boot-assert.test.ts > assertAppRuntimeRole — a boot canary, not a single point of total failure > does NOT brick the app when the DB is unreachable (retries, then serves)
[boot] assertAppRuntimeRole: could not reach the DB to verify the runtime role after 4 attempts; serving anyway (per-request RLS still binds). Last error: fetch failed: other side closed

 ✓ test/db-boot-assert.test.ts (4 tests) 1707ms
   ✓ assertAppRuntimeRole — a boot canary, not a single point of total failure > does NOT brick the app when the DB is unreachable (retries, then serves) 1706ms
 ✓ test/research-tenancy.test.ts (6 tests) 6993ms
   ✓ Research tenancy invariant (two-account, executed) > listThreads clamps an oversized ask to 50 — proven against >50 real rows (I2-H3) 5651ms
 ✓ test/invariants/snippet-sanitize.test.ts (4 tests) 3ms
 ✓ test/lexicon-404-degrade.test.ts (3 tests) 3ms
 ✓ test/invariants/loud-skip.test.ts (2 tests) 2ms
stderr | test/invariants/loud-skip.test.ts > loud-skip: secrets fail closed, artifacts loud-skip > REQUIRE_SECRETS=1 + missing artifact only returns skip (no throw)

⚠  NOT RUN — §3 verse-key distribution DID NOT RUN — missing web/public/commentaries (gitignored static corpus). It covers: verse-key collapse. A green suite without it is not evidence that any of those hold.


 ✓ test/plan-reading-label.test.ts (4 tests) 2ms
 ✓ test/invariants/section-vector-pairing.test.ts (1 test) 49313ms
   ✓ §B0 class 2 — every section body matches its own stored vector > re-embedding the body reproduces the stored vector, and discriminates against a neighbour 49313ms
stderr | test/user-corpus/tradition-gap.test.ts > the tradition-gap join > D9 — a corpus row with forbidden provenance never surfaces, even under the widest predicate
⚠ D9 leg SKIPPED: no owner URL

stderr | test/user-corpus/tradition-gap.test.ts > the tradition-gap join > D8 — a USER-owned embeddings row is invisible to the clip-failure probe
⚠ D8 leg SKIPPED: no owner URL

 ✓ test/verse-ref-preview.test.tsx (11 tests) 516ms
 ✓ test/save-to-study.test.tsx (19 tests) 643ms
 ✓ test/invariants/bible-position.test.tsx (22 tests) 651ms
 ✓ test/components/study-panel-verse-sequence.test.tsx (15 tests) 828ms
 ✓ test/invariants/annotation-write-failure.test.tsx (8 tests) 99ms
 ✓ test/auth-session-dedupe.test.tsx (4 tests) 820ms
 ✓ test/components/selection-popover-add-to-study.test.tsx (5 tests) 436ms
 ✓ test/catalog-url-facets.test.tsx (11 tests) 771ms
   ✓ the work list is paged, and the cap is visible > a bad or absent ?page= degrades to the first page rather than 400ing 316ms
 ✓ test/components/study-editor.test.tsx (8 tests) 2825ms
   ✓ StudyEditor — autosave and save state > typing in a text block saves by itself (update_text on the block id) and shows Saved 626ms
   ✓ StudyEditor — autosave and save state > S-13: a failed write shows Save failed — Retry, keeps the buffer, and Retry resends it 531ms
   ✓ StudyEditor — the insert point (v2) > inserts between blocks, creates once with the captured placement, then updates on the returned id 1044ms
   ✓ StudyEditor — movement and the trailing composer (v2) > the ghost composer creates an END block (no anchor) seeded with the first keystrokes 517ms
 ✓ test/invariants/ask-client-live.test.tsx (12 tests) 1041ms
   ✓ live ask path — stream, thread URL, saved signal (exhaustive pass) > L1: the thread event swaps the URL to /ask/{id} via replaceState — no new history entry 323ms
 ✓ test/invariants/settings-and-auth-routes.test.tsx (12 tests) 181ms
 ✓ test/plans-builder-preview.test.tsx (7 tests) 794ms
   ✓ the builder previews the real plan > shows the reading count, the pace and the span before anything is submitted 325ms
 ✓ test/catalog-search-sends-filter.test.tsx (7 tests) 553ms
 ✓ test/user-corpus/translation-detect.test.ts (7 tests) 13999ms
   ✓ detection over the real shipped indexes > BAR 3 (pre-registered): 10 synthetic BSB sermons detect bsb, each with confidence > 0.6 13978ms
 ✓ test/invariants/bookmark-write-path.test.tsx (7 tests) 138ms
 ✓ test/invariants/work-toc-bounded.test.tsx (7 tests) 881ms
 ✓ test/invariants/g1-measure-executable.test.ts (28 tests) 8323ms
   ✓ G1 digest SQL is executable for every classified table > measureSql(annotation_tags) runs against the real schema 653ms
   ✓ G1 digest SQL is executable for every classified table > measureSql(bookmarks) runs against the real schema 300ms
   ✓ G1 digest SQL is executable for every classified table > measureSql(plans) runs against the real schema 301ms
   ✓ G1 digest SQL is executable for every classified table > measureSql(prayers) runs against the real schema 308ms
   ✓ G1 digest SQL is executable for every classified table > measureSql(reading_progress) runs against the real schema 395ms
 ✓ test/invariants/ask-show-filter.test.tsx (10 tests) 910ms
 ✓ test/components/sidebar-tablet-default.test.tsx (7 tests) 682ms
   ✓ A093 — the sidebar boots to the icon rail at tablet widths > renders the rail at 768px and the full sidebar at 1280px 379ms
 ✓ test/components/my-works-upload-batch.test.tsx (10 tests) 705ms
 ✓ test/components/desk-pane-loading.test.tsx (7 tests) 375ms
 ✓ test/sidebar-catalog-nav.test.tsx (6 tests) 430ms
   ✓ the sidebar actually RENDERS a link to every catalog > one anchor per catalog, with its label — commenting the block out goes red here 421ms
 ✓ test/invariants/work-reader-paging.test.tsx (6 tests) 111ms
 ✓ test/components/desk-nav-and-session-note.test.tsx (7 tests) 734ms
   ✓ B043 — the same entry exists at mobile width > the mobile menu sheet carries the /desk link 374ms
 ✓ test/components/work-reader-add-to-study.test.tsx (2 tests) 526ms
   ✓ the Book Reader hands the popover a real corpus key > a selection in a work saves that SECTION to the study, by sections.id 433ms
 ✓ test/components/desk-cap-notice.test.tsx (9 tests) 609ms
   ✓ a desk under the cap says nothing about it > two panes: no status line at all 433ms
 ✓ test/components/my-works-file-size.test.tsx (7 tests) 473ms
 ✓ test/components/desk-pane-continuous-read.test.tsx (5 tests) 890ms
   ✓ the desk work pane reads continuously > keeps a working manual fallback — proven by a real click, not by presence 313ms
 ✓ test/components/work-reader-progress-sync.test.tsx (6 tests) 367ms
 ✓ test/components/ask-terminal-state.test.tsx (4 tests) 505ms
   ✓ L1 — a stream that ends without a terminal event still resolves > a truncated stream lands in the failure state with a retry, not a permanent spinner 421ms
 ✓ test/components/marketing-nav-focus-order.test.tsx (4 tests) 352ms
 ✓ test/components/daily-office.test.tsx (6 tests) 528ms
   ✓ the Daily Office on /home > composes Daily Light (the local half), the due plan card, and Spurgeon 396ms
 ✓ test/components/my-works-resilient-fetch.test.tsx (5 tests) 751ms
   ✓ My Works — a response the page did not expect > B020: renders a rate-limit error as readable text instead of crashing the page 461ms
 ✓ test/invariants/work-section-lineation.test.tsx (6 tests) 112ms
 ✓ test/invariants/search-result-attribution.test.tsx (5 tests) 142ms
 ✓ test/invariants/selection-popover-layout.test.tsx (4 tests) 89ms
 ✓ test/invariants/selection-collapse-grace.test.tsx (3 tests) 79ms
 ✓ test/components/word-study-occurrences.test.tsx (2 tests) 511ms
   ✓ A044 — an occurrence link lands on the verse, not the top of the chapter > the reader word panel links to /read/jhn/3#v16 318ms
 ✓ test/invariants/signed-in-derivation.test.tsx (5 tests) 29ms
 ✓ test/invariants/drag-handle-swallows-clicks.test.tsx (4 tests) 132ms
 ✓ test/components/desk-stacked-pane-position.test.tsx (5 tests) 470ms
   ✓ a stacked desk says how many panes there are and which one you are on > two panes: each is numbered, and the first says the next is below it 421ms
 ✓ test/components/ask-signed-out.test.tsx (3 tests) 460ms
 ✓ test/components/study-library-panel.test.tsx (3 tests) 1426ms
   ✓ StudyLibraryPanel > searches the active register group and renders labelled rows 488ms
   ✓ StudyLibraryPanel > Add sends a REFERENCE (sectionId + placement), never quote/attribution text, and hands the block back 504ms
   ✓ StudyLibraryPanel > a 409 from the write renders the not-servable refusal on that row 433ms
 ✓ test/invariants/mobile-menu-labels.test.tsx (4 tests) 465ms
 ✓ test/components/word-study-lang-race.test.tsx (2 tests) 333ms
   ✓ Q3d — an abandoned lexicon load cannot write itself into state > resolving the Greek load AFTER switching to Hebrew does not show Greek 309ms
 ✓ test/user-corpus/tradition-gap.test.ts (15 tests) 62543ms
   ✓ the tradition-gap join > returns corpus voices on the passages the document engages 12985ms
   ✓ the tradition-gap join > THE INJECTED PREDICATE IS ACTUALLY APPLIED — this is ADR-104s load-bearing assertion 10666ms
   ✓ the tradition-gap join > a voice is an AUTHOR, not an entry 2685ms
   ✓ the tradition-gap join > the LIMIT counts VOICES, not anchor×entry pairs 2328ms
   ✓ the tradition-gap join > never returns the user’s own words — the trust boundary (§7) 3345ms
   ✓ the tradition-gap join > returns nothing for a document that anchors nothing 1538ms
   ✓ the tradition-gap join > bounds its own output 3489ms
   ✓ the tradition-gap join > REAL EXECUTION — relatedVoices runs its sweeps (ef_search + provenance leg) live 11090ms
   ✓ the tradition-gap join > REAL EXECUTION — computeSuggestedReadings runs its category scan (provenance leg) live 2019ms
 ✓ test/components/sidebar-collapse-label.test.tsx (3 tests) 655ms
   ✓ A095 — the sidebar collapse control names the state it will move to > offers to COLLAPSE while open, and to EXPAND once collapsed 507ms
 ✓ test/components/work-header-save-shelf.test.tsx (7 tests) 490ms
   ✓ N3 — the Book Reader can put a work on the reader’s shelf > asks the shelf route what the state is, and offers Save 356ms
 ✓ test/components/tap-highlight-mode.test.tsx (6 tests) 243ms
 ✓ test/components/research-thread-delete.test.tsx (4 tests) 768ms
   ✓ the research-history delete control > takes two taps: the first arms, the second deletes 418ms
 ✓ test/components/prayer-autosave.test.tsx (3 tests) 5845ms
   ✓ Prayer compose redesign — autosave > has NO Save and NO Cancel, and typing saves by itself: create once, then update 2194ms
   ✓ Prayer compose redesign — autosave > editing an existing prayer autosaves an UPDATE on its id and never creates 2141ms
   ✓ Prayer compose redesign — autosave > an empty draft is never written 1510ms
 ✓ test/components/settings-close-on-study.test.tsx (3 tests) 878ms
   ✓ A031 — opening the study dialog closes the reading-settings popover > closes on the keyboard path, which fires no mousedown 559ms
 ✓ test/components/study-delete-button.test.tsx (5 tests) 380ms
 ✓ test/components/my-works-dates-and-stuck.test.tsx (4 tests) 611ms
   ✓ D17 — search results carry the document date > a hit row renders its document's date 436ms
 ✓ test/components/selection-popover-define.test.tsx (4 tests) 600ms
   ✓ Option A — the original word in the popover > one match: shows the word, the count, the chip — and picking it hands over the match 472ms
 ✓ test/invariants/ask-passage-link.test.tsx (1 test) 233ms
 ✓ test/components/search-studies-tombstone.test.tsx (4 tests) 170ms
 ✓ test/components/study-panel-selection.test.tsx (3 tests) 264ms
 ✓ test/components/desk-empty-cta-adds-scripture.test.tsx (2 tests) 686ms
   ✓ the empty desk keeps Scripture ON the desk > offers no route to the plain reader — the Scripture call to action is not a link away 440ms
 ✓ test/components/pray-entry-point.test.tsx (5 tests) 517ms
   ✓ PR1a — the Pray entry point > offers Pray over this verse to a signed-in reader, carrying the verse 329ms
 ✓ test/components/mobile-bar-bookmark-order.test.tsx (2 tests) 647ms
   ✓ B024 — the mobile bar puts Bookmark ahead of the overflow > Bookmark comes BEFORE the highlight swatch run 560ms
 ✓ test/components/study-panel-all-voices.test.tsx (4 tests) 734ms
   ✓ Q3 — a stated shortfall comes with a way to close it > 11 voices: ten render, and the 11th is reachable 542ms
 ✓ test/components/sidebar-writing-rail.test.tsx (3 tests) 766ms
   ✓ the sidebar drops to an icon rail while a prayer is being written > swaps the full nav for the rail on the writing signal, and back when it clears 508ms
 ✓ test/catalog-row-affordances.test.tsx (2 tests) 441ms
   ✓ a catalog work row > names its primary link after the work it opens (A066 reported this missing; it is not) 315ms
 ✓ test/components/foreign-highlight.test.tsx (4 tests) 129ms
 ✓ test/components/prayer-delete-headless.test.tsx (2 tests) 629ms
   ✓ PR1c — headless delete, no page-context patching > deletes end to end with NO stubbed confirm, and the DELETE reaches the API 581ms
 ✓ test/components/unhighlight-affordance.test.tsx (3 tests) 451ms
   ✓ B046 — un-highlighting is offered in the popover > offers removal when the verse carries a highlight 345ms
 ✓ test/invariants/verse-open-gesture.test.tsx (3 tests) 126ms
 ✓ test/invariants/verse-deep-link.test.tsx (6 tests) 128ms
 ✓ test/components/ask-error-banner-message.test.tsx (4 tests) 726ms
   ✓ A017 — the error banner always carries a message > an error event with no message field still renders a message, not a bare frame 520ms
 ✓ test/invariants/work-reader-ui.test.tsx (4 tests) 127ms
 ✓ test/components/cross-verse-selection.test.tsx (3 tests) 31ms
 ✓ test/components/study-panel-bookmark.test.tsx (4 tests) 675ms
   ✓ B022 — the study panel offers the bookmark toggle > renders the toggle and one press toggles the verse 508ms
 ✓ test/components/withdrawn-thread-fail-closed.test.tsx (3 tests) 370ms
 ✓ test/plan-optimistic-toggle.test.tsx (2 tests) 705ms
   ✓ the day toggle is optimistic (L2 step 2) > flips the tick before the server answers, then keeps it once the write lands 579ms
 ✓ test/components/highlight-bloom.test.tsx (3 tests) 205ms
 ✓ test/components/history-filter-reset.test.tsx (1 test) 614ms
   ✓ history filters reset between searches > a century filter from one search does not empty the next 613ms
 ✓ test/components/ask-single-flight.test.tsx (2 tests) 703ms
   ✓ A015 — a same-tick double submit spends once > a SECOND question after the first settles still submits 419ms
 ✓ test/invariants/chapter-param-no-dispatch.test.tsx (2 tests) 225ms
 ✓ test/components/my-works-retry-remove-errors.test.tsx (3 tests) 865ms
   ✓ D16 — the server's sentences reach the screen > a 409 on retry surfaces the server's own message 672ms
 ✓ test/components/word-page.test.tsx (4 tests) 543ms
 ✓ test/components/word-articles.test.tsx (2 tests) 176ms
 ✓ test/components/ask-retry-replaces.test.tsx (2 tests) 645ms
   ✓ A010 — a failed ask is replaced on retry, not duplicated > retrying a 401 leaves ONE question and ONE error, not two 555ms
 ✓ test/invariants/settings-cross-links.test.tsx (3 tests) 345ms
   ✓ B038 — the two settings surfaces link each other > /settings links to account settings (the direction that already shipped) 309ms
 ✓ test/components/bookmark-state-label.test.tsx (2 tests) 525ms
   ✓ B023 — the bookmark control reflects the verse it is on > offers to ADD when the verse is not bookmarked 511ms
 ✓ test/invariants/history-results.test.tsx (5 tests) 647ms
   ✓ HistoryResults > deep links use the established /work/{slug}#s{ordinal} contract and carry the thread + encoded query 316ms
 ✓ test/components/study-entrance.test.tsx (4 tests) 504ms
 ✓ test/history-citation-provenance.test.tsx (2 tests) 571ms
   ✓ copy citation derives provenance from the source record > appends the work’s recorded edition, not a hardcoded (CCEL) 462ms
 ✓ test/invariants/omnibox-verse-anchor.test.tsx (4 tests) 162ms
 ✓ test/components/history-ask-autorun.test.tsx (2 tests) 265ms
 ✓ test/components/work-section-landing.test.tsx (3 tests) 118ms
 ✓ test/components/my-works-draft-check.test.tsx (3 tests) 676ms
   ✓ My Works — the draft check > renders overlaps and tradition voices 454ms
 ✓ test/components/my-works-remove.test.tsx (2 tests) 614ms
   ✓ B017 — removing an upload asks first > the first click does not delete; the second does 467ms
 ✓ test/components/ask-history-invite.test.tsx (2 tests) 449ms
 ✓ test/components/sign-out-arming.test.tsx (2 tests) 725ms
   ✓ B044 — sign-out is a two-step control > the first tap arms and does NOT sign out; the second signs out 650ms
 ✓ test/components/word-links.test.tsx (2 tests) 390ms
   ✓ Strong’s chips are destinations > Word study rows: the chip is a link beside the toggle, never nested in it 381ms
 ✓ test/components/suggested-readings-load-failure.test.tsx (4 tests) 443ms
   ✓ SuggestedReadings — the wait ends > a 500 ends in a message with a retry, not a permanent "Loading…" 319ms
 ✓ test/components/plan-route-states.test.tsx (2 tests) 304ms
 ✓ test/components/reader-hint-gesture.test.tsx (2 tests) 286ms
 ✓ test/components/history-context-bar-query.test.tsx (3 tests) 186ms
 ✓ test/components/search-groups-works-rows.test.tsx (3 tests) 62ms

 Test Files  254 passed | 20 skipped (274)
      Tests  1625 passed | 128 skipped (1753)
   Start at  19:52:23
   Duration  77.48s (transform 3.54s, setup 0ms, collect 36.56s, tests 483.32s, environment 122.03s, prepare 14.98s)


 RUN  v2.1.9 /private/tmp/swarm-W-UX1

stdout | test/rate-limit.test.ts > checkAskRateLimit > allows exactly at the per-minute cap (10), blocks the 11th
{"evt":"rate_limit_hit","ts":"2026-08-23T02:53:41.467Z","userId":"u1","cap":"min","count":11,"limit":10}

stdout | test/rate-limit.test.ts > checkAskRateLimit > blocks over the per-day cap (100)
{"evt":"rate_limit_hit","ts":"2026-08-23T02:53:41.467Z","userId":"u1","cap":"day","count":101,"limit":100}

stdout | test/rate-limit.test.ts > checkAskRateLimit > FAILS CLOSED (denies) when the limiter DB call throws — this is the SPEND path
{"evt":"rate_limit_fail_closed","ts":"2026-08-23T02:53:41.467Z","userId":"u1","error":"db down"}

stdout | test/rate-limit.test.ts > checkAskRateLimit > a ZERO-ROW return is denied, not a TypeError swallowed into an allow
{"evt":"rate_limit_fail_closed","ts":"2026-08-23T02:53:41.468Z","userId":"u1","error":"rate-limit bump returned no row for bucket ask:min"}

stdout | test/rate-limit.test.ts > checkAskRateLimit > the GLOBAL daily ceiling denies once all users together exceed it
{"evt":"rate_limit_hit","ts":"2026-08-23T02:53:41.468Z","userId":"u1","cap":"global","count":99999,"limit":5000}

stdout | test/rate-limit.test.ts > checkAskRateLimit > H4: a minute-refused request does NOT touch the day bucket
{"evt":"rate_limit_hit","ts":"2026-08-23T02:53:41.468Z","userId":"u1","cap":"min","count":11,"limit":10}

stdout | test/rate-limit.test.ts > checkGateRateLimit > blocks the 11th attempt in a minute (default cap 10)
{"evt":"gate_rate_limit_hit","ts":"2026-08-23T02:53:41.468Z","ip":"1.2.3.4","cap":"min","count":11,"limit":10}

stdout | test/rate-limit.test.ts > checkGateRateLimit > blocks a slow drip over the hourly cap (default 60)
{"evt":"gate_rate_limit_hit","ts":"2026-08-23T02:53:41.468Z","ip":"1.2.3.4","cap":"hour","count":61,"limit":60}

stdout | test/rate-limit.test.ts > checkGateRateLimit > FAILS OPEN (allows) when the limiter DB call throws — password still required by the caller
{"evt":"rate_limit_fail_open","ts":"2026-08-23T02:53:41.469Z","userId":"gate:1.2.3.4","error":"db down"}

 ✓ test/rate-limit.test.ts (13 tests) 4ms
stdout | test/auth-rate-limit.test.ts > checkAuthRateLimit — the hammer (red-proof) > fires 429 semantics past the per-minute IP cap: 10 pass, the 11th and beyond are denied
{"evt":"rate_limit_hit","ts":"2026-08-23T02:53:41.469Z","userId":"auth:ip:6.6.6.6","cap":"min","count":11,"limit":10}
{"evt":"rate_limit_hit","ts":"2026-08-23T02:53:41.469Z","userId":"auth:ip:6.6.6.6","cap":"min","count":12,"limit":10}
{"evt":"rate_limit_hit","ts":"2026-08-23T02:53:41.469Z","userId":"auth:ip:6.6.6.6","cap":"min","count":13,"limit":10}
{"evt":"rate_limit_hit","ts":"2026-08-23T02:53:41.469Z","userId":"auth:ip:6.6.6.6","cap":"min","count":14,"limit":10}
{"evt":"rate_limit_hit","ts":"2026-08-23T02:53:41.469Z","userId":"auth:ip:6.6.6.6","cap":"min","count":15,"limit":10}

stdout | test/auth-rate-limit.test.ts > checkAuthRateLimit — the hammer (red-proof) > a slow drip past the hourly IP cap is denied with the hour retry
{"evt":"rate_limit_hit","ts":"2026-08-23T02:53:41.469Z","userId":"auth:ip:1.2.3.4","cap":"hour","count":61,"limit":60}

stdout | test/auth-rate-limit.test.ts > checkAuthRateLimit — the hammer (red-proof) > H4: a minute-refused request does NOT burn the hourly bucket
{"evt":"rate_limit_hit","ts":"2026-08-23T02:53:41.469Z","userId":"auth:ip:1.2.3.4","cap":"min","count":11,"limit":10}

stdout | test/auth-rate-limit.test.ts > checkAuthRateLimit — the hammer (red-proof) > rotating IPs do NOT evade the cap when the email is constant (credential stuffing)
{"evt":"rate_limit_hit","ts":"2026-08-23T02:53:41.470Z","userId":"auth:email:victim@example.com","cap":"min","count":6,"limit":5}
{"evt":"rate_limit_hit","ts":"2026-08-23T02:53:41.470Z","userId":"auth:email:victim@example.com","cap":"min","count":7,"limit":5}
{"evt":"rate_limit_hit","ts":"2026-08-23T02:53:41.470Z","userId":"auth:email:victim@example.com","cap":"min","count":8,"limit":5}

stdout | test/auth-rate-limit.test.ts > checkAuthRateLimit — the hammer (red-proof) > FAILS OPEN (allows, logged) when the limiter DB call throws
{"evt":"rate_limit_fail_open","ts":"2026-08-23T02:53:41.470Z","userId":"auth:ip:1.2.3.4","error":"db down"}

stdout | test/auth-rate-limit.test.ts > checkAuthRateLimit — the hammer (red-proof) > a ZERO-ROW upsert return fails open too, not a TypeError into a denial
{"evt":"rate_limit_fail_open","ts":"2026-08-23T02:53:41.470Z","userId":"auth:ip:1.2.3.4","error":"rate-limit bump returned no row for bucket auth:min"}

 ✓ test/auth-rate-limit.test.ts (10 tests) 5ms

 Test Files  2 passed (2)
      Tests  23 passed (23)
   Start at  19:53:41
   Duration  389ms (transform 74ms, setup 0ms, collect 163ms, tests 8ms, environment 1ms, prepare 261ms)

[32m✓ qa — Layer 1 invariants + regressions[0m

[1m▶ hygiene — no test residue in dev (post-suite)[0m
⚠ SKIPPED (visibly): no owner DATABASE_URL — cannot check dev for test residue.
⚠ SKIPPED (visibly): no target to inspect.
[32m✓ hygiene — no test residue in dev (post-suite)[0m

[1m▶ deploy.sh — gate harness (bash)[0m

=== deploy.sh gate tests — script under test: /tmp/swarm-W-UX1/deploy.sh ===

  [32mPASS[0m dirty-tree-blocked — exit 1
  [32mPASS[0m dirty-tree-blocked — says: working tree is dirty
  [32mPASS[0m dirty-tree-blocked — no receipt (correct — nothing was uploaded)
  [32mPASS[0m behind-origin-main-blocked — exit 1
  [32mPASS[0m behind-origin-main-blocked — says: DEPLOY BLOCKED
  [32mPASS[0m behind-origin-main-blocked — says: other lane's shipped work
  [32mPASS[0m behind-origin-main-blocked — no receipt (correct — nothing was uploaded)
  [32mPASS[0m origin-main-unresolvable-named-honestly — exit 1
  [32mPASS[0m origin-main-unresolvable-named-honestly — says: does not resolve
  [32mPASS[0m origin-main-unresolvable-named-honestly — silent on: has  commit(s)
  [32mPASS[0m whoami-failure-prints-its-stop — exit 1
  [32mPASS[0m whoami-failure-prints-its-stop — says: vercel whoami
  [32mPASS[0m whoami-failure-prints-its-stop — no receipt (correct — nothing was uploaded)
  [32mPASS[0m env-ls-failure-distinct-from-missing — exit 1
  [32mPASS[0m env-ls-failure-distinct-from-missing — says: could not read production environment
  [32mPASS[0m env-ls-failure-distinct-from-missing — silent on: missing required environment variable
  [32mPASS[0m env-table-unparseable-refuses-to-blame-the-project — exit 1
  [32mPASS[0m env-table-unparseable-refuses-to-blame-the-project — says: no parseable variable names
  [32mPASS[0m env-table-unparseable-refuses-to-blame-the-project — silent on: missing required environment variable
  [32mPASS[0m missing-env-var-named — exit 1
  [32mPASS[0m missing-env-var-named — says: missing required environment variable(s): SITE_PASSWORD
  [32mPASS[0m missing-teacher-allowlist-named — exit 1
  [32mPASS[0m missing-teacher-allowlist-named — says: missing required environment variable(s): TEACHER_ALLOWLIST
  [32mPASS[0m project-absent-from-org-blocked — exit 1
  [32mPASS[0m project-absent-from-org-blocked — says: does not mention 'web'
  [32mPASS[0m project-absent-from-org-blocked — no receipt (correct — nothing was uploaded)
  [32mPASS[0m project-named-webhooks-is-not-the-target — exit 1
  [32mPASS[0m project-named-webhooks-is-not-the-target — says: does not mention 'web'
  [32mPASS[0m licensing-gate-failure-stops-deploy — exit 1
  [32mPASS[0m licensing-gate-failure-stops-deploy — no receipt (correct — nothing was uploaded)
  [32mPASS[0m tree-changed-during-build-blocked — exit 1
  [32mPASS[0m tree-changed-during-build-blocked — says: changed during the build
  [32mPASS[0m tree-changed-during-build-blocked — no receipt (correct — nothing was uploaded)
  [32mPASS[0m no-url-in-log-still-writes-a-receipt — exit 2
  [32mPASS[0m no-url-in-log-still-writes-a-receipt — receipt records: state:           unverified
  [32mPASS[0m no-url-in-log-still-writes-a-receipt — says: UNVERIFIED
  [32mPASS[0m deploy-log-path-is-unique — silent on: XXXXXX
  [32mPASS[0m failed-upload-receipt-is-labelled — exit 1 (non-zero)
  [32mPASS[0m failed-upload-receipt-is-labelled — receipt records: outcome unknown
  [32mPASS[0m failed-upload-receipt-is-labelled — silent on: Done —
  [32mPASS[0m alias-mismatch-is-a-failure — exit 3
  [32mPASS[0m alias-mismatch-is-a-failure — says: THE DEPLOY DID NOT TAKE
  [32mPASS[0m alias-mismatch-is-a-failure — receipt records: state:           mismatch
  [32mPASS[0m alias-mismatch-is-a-failure — silent on: Done —
  [32mPASS[0m inspect-unavailable-is-unverified — exit 2
  [32mPASS[0m inspect-unavailable-is-unverified — says: does NOT mean the deploy failed
  [32mPASS[0m inspect-unavailable-is-unverified — receipt records: state:           unverified
  [32mPASS[0m inspect-unavailable-is-unverified — silent on: Done —
  [32mPASS[0m happy-path-verified-live — exit 0
  [32mPASS[0m happy-path-verified-live — says: is served by dpl_SAME999
  [32mPASS[0m happy-path-verified-live — says: Done —
  [32mPASS[0m happy-path-verified-live — receipt records: state:           live
  [32mPASS[0m happy-path-verified-live — receipt records: dpl_SAME999
  [32mPASS[0m happy-path-verified-live — CLI received: --meta sha=a15a63fe58137085a8512d4bb4e536fa1c6bc8db
  [32mPASS[0m happy-path-verified-live — CLI received: vercel@
  [32mPASS[0m happy-path-verified-live — every vercel call ran from web/
  [32mPASS[0m runs-from-a-subdirectory — exit 0
  [32mPASS[0m runs-from-a-subdirectory — receipt records: state:           live
  [32mPASS[0m receipt-filename-is-not-just-the-sha — receipt name is timestamped: deploy-b1a3c2e-2026-08-23T02-53-48Z.txt

=== 59 passed, 0 failed ===
all deploy.sh gates hold
[32m✓ deploy.sh — gate harness (bash)[0m

[1m▶ data — Gate B license (fail-closed)[0m
======================================================================
GATE B — LICENSE (fail closed)
======================================================================
Manifest: ingest/sources.config.json (917 source entries)
Published sources (DB): skipped (no DATABASE_URL).

✓ GATE B PASSED: no license/provenance violations.
[32m✓ data — Gate B license (fail-closed)[0m

[1m▶ coverage gaps (informational)[0m
(no coverage summary produced)

════════════════════════════════════
[31mAUDIT FAILED (1): tests + coverage — vitest[0m
