publish-flip — target ep-odd-fog-atnykudm.c-9.us-east-1.aws.neon.tech (credentials redacted)
direction    staged -> published
slugs        30 from docs/evidence/corpus-copy/a8-flip-list.json
! (node:67083) Warning: SECURITY WARNING: The SSL modes 'prefer', 'require', and 'verify-ca' are treated as aliases for 'verify-full'.
In the next major version (pg-connection-string v3.0.0 and pg v9.0.0), these modes will adopt standard libpq semantics, which have weaker security guarantees.

To prepare for this change:
- If you want the current behavior, explicitly use 'sslmode=verify-full'
- If you want libpq compatibility now, use 'uselibpqcompat=true&sslmode=require'

See https://www.postgresql.org/docs/current/libpq-ssl.html for libpq SSL mode definitions.
(Use `node --trace-warnings ...` to show where the warning was created)
role         neondb_owner (asserted at the server)
[1G[0J
Type publish to PUBLISH to ep-odd-fog-atnykudm.c-9.us-east-1.aws.neon.tech: [77Gppub[1A[1G[0J
Type publish to PUBLISH to ep-odd-fog-atnykudm.c-9.us-east-1.aws.neon.tech: ppu[80G[1A[1G[0J
Type publish to PUBLISH to ep-odd-fog-atnykudm.c-9.us-east-1.aws.neon.tech: pp[79G[1A[1G[0J
Type publish to PUBLISH to ep-odd-fog-atnykudm.c-9.us-east-1.aws.neon.tech: p[78Gublish
snapshot     docs/evidence/work-order-v2-stage2/flip-pre-snapshot-2026-08-02T19-06-12-786Z.json (43 rows, written before COMMIT)
eligible     30 of 30 are 'staged' (the rest are already 'published')

OK — gate held. 30 row(s) staged -> published.
Reverse with: node scripts/publish-flip.mjs --slugs=docs/evidence/corpus-copy/a8-flip-list.json --reverse --snapshot=docs/evidence/work-order-v2-stage2/flip-pre-snapshot-2026-08-02T19-06-12-786Z.json
