serve:false  8 standing ruling(s) (HEAD 8, tree 8)
publish-flip — target ep-odd-fog-atnykudm.c-9.us-east-1.aws.neon.tech (credentials redacted)
direction    staged -> published
slugs        89 from docs/evidence/corpus-copy/serve-89-2026-08-05.json
! (node:76587) Warning: SECURITY WARNING: The SSL modes 'prefer', 'require', and 'verify-ca' are treated as aliases for 'verify-full'.
In the next major version (pg-connection-string v3.0.0 and pg v9.0.0), these modes will adopt standard libpq semantics, which have weaker security guarantees.

To prepare for this change:
- If you want the current behavior, explicitly use 'sslmode=verify-full'
- If you want libpq compatibility now, use 'uselibpqcompat=true&sslmode=require'

See https://www.postgresql.org/docs/current/libpq-ssl.html for libpq SSL mode definitions.
(Use `node --trace-warnings ...` to show where the warning was created)
role         neondb_owner (asserted at the server)
[1G[0J
Type publish to PUBLISH to ep-odd-fog-atnykudm.c-9.us-east-1.aws.neon.tech: [77Gpublish
snapshot     docs/evidence/work-order-v2-stage2/flip-pre-snapshot-2026-08-05T06-27-04-926Z.json (135 rows + served state for 89 slug(s), written before COMMIT)
serve-published  89 already-published slug(s) will be SERVED (status unchanged)
eligible     0 of 89 are 'staged' (89 already 'published')
served       59023 embedding row(s) -> served=true across 89 slug(s)
             ⚠ 2 slug(s) carry NO work-keyed rows (unreachable by slug): josephus-whiston, spurgeon-talks-to-farmers

OK — gate held. 0 status row(s) staged -> published; 59023 embedding row(s) -> served=true.
Reverse with: node scripts/publish-flip.mjs --slugs=docs/evidence/corpus-copy/serve-89-2026-08-05.json --reverse --snapshot=docs/evidence/work-order-v2-stage2/flip-pre-snapshot-2026-08-05T06-27-04-926Z.json
