=== bangs-history1  16:27:00Z ===
bangs-history1: 14 node(s), 585 KB text, max path depth 3 -> data/raw/historians/bangs-history1.jsonl
(node:41893) Warning: SECURITY WARNING: The SSL modes 'prefer', 'require', and 'verify-ca' are treated as aliases for 'verify-full'.
In the next major version (pg-connection-string v3.0.0 and pg v9.0.0), these modes will adopt standard libpq semantics, which have weaker security guarantees.

To prepare for this change:
- If you want the current behavior, explicitly use 'sslmode=verify-full'
- If you want libpq compatibility now, use 'uselibpqcompat=true&sslmode=require'

See https://www.postgresql.org/docs/current/libpq-ssl.html for libpq SSL mode definitions.
(Use `node --trace-warnings ...` to show where the warning was created)
bangs-history1: 682 sections staged (source 1003) · 360 entity anchors · 0 explicit verse anchors
(node:41893) DeprecationWarning: Calling client.query() when the client is already executing a query is deprecated and will be removed in pg@9.0. Use async/await or an external async flow control mechanism instead.
  embedded 640/682
embedded 682/682 sections whole (max 1800 chars, truncation never fired)
(node:41960) Warning: SECURITY WARNING: The SSL modes 'prefer', 'require', and 'verify-ca' are treated as aliases for 'verify-full'.
In the next major version (pg-connection-string v3.0.0 and pg v9.0.0), these modes will adopt standard libpq semantics, which have weaker security guarantees.

To prepare for this change:
- If you want the current behavior, explicitly use 'sslmode=verify-full'
- If you want libpq compatibility now, use 'uselibpqcompat=true&sslmode=require'

See https://www.postgresql.org/docs/current/libpq-ssl.html for libpq SSL mode definitions.
(Use `node --trace-warnings ...` to show where the warning was created)
digest bangs-history1 @ ep-tiny-hat-atdgpisx [staged]
  sections        682   headed 682/682   vectors 682/682
  anchors         360 (21 distinct entities)  = 0.53/section  (josephus baseline 1.10)
  period-dated    0/682 sections  (verbatim heading forms only)
  gazetteer candidates (frequent, unanchored — CURATE, never auto-adopt):
     Church(168) Lord(160) Methodist(131) Question(106) England(103) Answer(98) Christ(96) America(90) Virginia(89) Bishop(85) York(82) Coke(82) Methodism(73) What(66) Baltimore(62) Carolina(58) American(55) John(53) Garrettson(52) States(51)
  no flags
