=== chesterton-historyengland  16:31:07Z ===
chesterton-historyengland: 19 node(s), 337 KB text, max path depth 2 -> data/raw/historians/chesterton-historyengland.jsonl
(node:42834) Warning: SECURITY WARNING: The SSL modes 'prefer', 'require', and 'verify-ca' are treated as aliases for 'verify-full'.
In the next major version (pg-connection-string v3.0.0 and pg v9.0.0), these modes will adopt standard libpq semantics, which have weaker security guarantees.

To prepare for this change:
- If you want the current behavior, explicitly use 'sslmode=verify-full'
- If you want libpq compatibility now, use 'uselibpqcompat=true&sslmode=require'

See https://www.postgresql.org/docs/current/libpq-ssl.html for libpq SSL mode definitions.
(Use `node --trace-warnings ...` to show where the warning was created)
chesterton-historyengland: 399 sections staged (source 1009) · 148 entity anchors · 0 explicit verse anchors
(node:42834) DeprecationWarning: Calling client.query() when the client is already executing a query is deprecated and will be removed in pg@9.0. Use async/await or an external async flow control mechanism instead.
embedded 399/399 sections whole (max 1800 chars, truncation never fired)
(node:42882) Warning: SECURITY WARNING: The SSL modes 'prefer', 'require', and 'verify-ca' are treated as aliases for 'verify-full'.
In the next major version (pg-connection-string v3.0.0 and pg v9.0.0), these modes will adopt standard libpq semantics, which have weaker security guarantees.

To prepare for this change:
- If you want the current behavior, explicitly use 'sslmode=verify-full'
- If you want libpq compatibility now, use 'uselibpqcompat=true&sslmode=require'

See https://www.postgresql.org/docs/current/libpq-ssl.html for libpq SSL mode definitions.
(Use `node --trace-warnings ...` to show where the warning was created)
digest chesterton-historyengland @ ep-tiny-hat-atdgpisx [staged]
  sections        399   headed 399/399   vectors 399/399
  anchors         148 (25 distinct entities)  = 0.37/section  (josephus baseline 1.10)
  period-dated    0/399 sections  (verbatim heading forms only)
  gazetteer candidates (frequent, unanchored — CURATE, never auto-adopt):
     English(170) England(131) Roman(54) King(54) Ages(53) French(51) Henry(47) France(47) Church(44) Middle(44) Christian(44) Parliament(34) Empire(28) William(27) What(24) Norman(24) George(23) Richard(22) German(21) Edward(21)
  no flags
