=== miller-history  16:14:44Z ===
miller-history: 19 node(s), 932 KB text, max path depth 2 -> data/raw/historians/miller-history.jsonl
(node:40050) Warning: SECURITY WARNING: The SSL modes 'prefer', 'require', and 'verify-ca' are treated as aliases for 'verify-full'.
In the next major version (pg-connection-string v3.0.0 and pg v9.0.0), these modes will adopt standard libpq semantics, which have weaker security guarantees.

To prepare for this change:
- If you want the current behavior, explicitly use 'sslmode=verify-full'
- If you want libpq compatibility now, use 'uselibpqcompat=true&sslmode=require'

See https://www.postgresql.org/docs/current/libpq-ssl.html for libpq SSL mode definitions.
(Use `node --trace-warnings ...` to show where the warning was created)
miller-history: 1103 sections staged (source 997) · 841 entity anchors · 38 explicit verse anchors
(node:40050) DeprecationWarning: Calling client.query() when the client is already executing a query is deprecated and will be removed in pg@9.0. Use async/await or an external async flow control mechanism instead.
  embedded 640/1103
embedded 1103/1103 sections whole (max 1800 chars, truncation never fired)
(node:40470) Warning: SECURITY WARNING: The SSL modes 'prefer', 'require', and 'verify-ca' are treated as aliases for 'verify-full'.
In the next major version (pg-connection-string v3.0.0 and pg v9.0.0), these modes will adopt standard libpq semantics, which have weaker security guarantees.

To prepare for this change:
- If you want the current behavior, explicitly use 'sslmode=verify-full'
- If you want libpq compatibility now, use 'uselibpqcompat=true&sslmode=require'

See https://www.postgresql.org/docs/current/libpq-ssl.html for libpq SSL mode definitions.
(Use `node --trace-warnings ...` to show where the warning was created)
digest miller-history @ ep-tiny-hat-atdgpisx [staged]
  sections        1103   headed 1103/1103   vectors 1103/1103
  anchors         841 (52 distinct entities)  = 0.76/section  (josephus baseline 1.10)
  period-dated    0/1103 sections  (verbatim heading forms only)
  gazetteer candidates (frequent, unanchored — CURATE, never auto-adopt):
     Lord(513) Christ(441) Paul(364) Christians(263) Christianity(250) Jesus(214) Christian(191) Roman(166) Peter(162) Holy(159) Emperor(151) Jews(147) Spirit(145) Ghost(107) John(88) Gentiles(85) Father(84) From(75) Himself(70) Israel(59)
  no flags
