=== robertson-history  16:13:15Z ===
robertson-history: 64 node(s), 530 KB text, max path depth 2 -> data/raw/historians/robertson-history.jsonl
(node:39872) Warning: SECURITY WARNING: The SSL modes 'prefer', 'require', and 'verify-ca' are treated as aliases for 'verify-full'.
In the next major version (pg-connection-string v3.0.0 and pg v9.0.0), these modes will adopt standard libpq semantics, which have weaker security guarantees.

To prepare for this change:
- If you want the current behavior, explicitly use 'sslmode=verify-full'
- If you want libpq compatibility now, use 'uselibpqcompat=true&sslmode=require'

See https://www.postgresql.org/docs/current/libpq-ssl.html for libpq SSL mode definitions.
(Use `node --trace-warnings ...` to show where the warning was created)
robertson-history: 636 sections staged (source 996) · 692 entity anchors · 23 explicit verse anchors
(node:39872) DeprecationWarning: Calling client.query() when the client is already executing a query is deprecated and will be removed in pg@9.0. Use async/await or an external async flow control mechanism instead.
embedded 636/636 sections whole (max 1800 chars, truncation never fired)
(node:39995) Warning: SECURITY WARNING: The SSL modes 'prefer', 'require', and 'verify-ca' are treated as aliases for 'verify-full'.
In the next major version (pg-connection-string v3.0.0 and pg v9.0.0), these modes will adopt standard libpq semantics, which have weaker security guarantees.

To prepare for this change:
- If you want the current behavior, explicitly use 'sslmode=verify-full'
- If you want libpq compatibility now, use 'uselibpqcompat=true&sslmode=require'

See https://www.postgresql.org/docs/current/libpq-ssl.html for libpq SSL mode definitions.
(Use `node --trace-warnings ...` to show where the warning was created)
digest robertson-history @ ep-tiny-hat-atdgpisx [staged]
  sections        636   headed 636/636   vectors 636/636
  anchors         692 (54 distinct entities)  = 1.09/section  (josephus baseline 1.10)
  period-dated    443/636 sections  (verbatim heading forms only)
  gazetteer candidates (frequent, unanchored — CURATE, never auto-adopt):
     Church(237) Christians(168) Christian(124) Gregory(99) Gospel(76) Lord(72) Augustine(69) John(58) Holy(55) Roman(53) France(52) Boniface(48) West(42) England(42) East(42) Christ(41) Italy(39) Africa(36) Charles(36) Romans(34)
  no flags
