=== rutherford-triumph  16:32:26Z ===
rutherford-triumph: 32 node(s), 690 KB text, max path depth 2 -> data/raw/historians/rutherford-triumph.jsonl
(node:43113) Warning: SECURITY WARNING: The SSL modes 'prefer', 'require', and 'verify-ca' are treated as aliases for 'verify-full'.
In the next major version (pg-connection-string v3.0.0 and pg v9.0.0), these modes will adopt standard libpq semantics, which have weaker security guarantees.

To prepare for this change:
- If you want the current behavior, explicitly use 'sslmode=verify-full'
- If you want libpq compatibility now, use 'uselibpqcompat=true&sslmode=require'

See https://www.postgresql.org/docs/current/libpq-ssl.html for libpq SSL mode definitions.
(Use `node --trace-warnings ...` to show where the warning was created)
rutherford-triumph: 813 sections staged (source 1012) · 236 entity anchors · 54 explicit verse anchors
(node:43113) DeprecationWarning: Calling client.query() when the client is already executing a query is deprecated and will be removed in pg@9.0. Use async/await or an external async flow control mechanism instead.
  embedded 640/813
embedded 813/813 sections whole (max 1800 chars, truncation never fired)
(node:43182) Warning: SECURITY WARNING: The SSL modes 'prefer', 'require', and 'verify-ca' are treated as aliases for 'verify-full'.
In the next major version (pg-connection-string v3.0.0 and pg v9.0.0), these modes will adopt standard libpq semantics, which have weaker security guarantees.

To prepare for this change:
- If you want the current behavior, explicitly use 'sslmode=verify-full'
- If you want libpq compatibility now, use 'uselibpqcompat=true&sslmode=require'

See https://www.postgresql.org/docs/current/libpq-ssl.html for libpq SSL mode definitions.
(Use `node --trace-warnings ...` to show where the warning was created)
digest rutherford-triumph @ ep-tiny-hat-atdgpisx [staged]
  sections        813   headed 813/813   vectors 813/813
  anchors         236 (21 distinct entities)  = 0.29/section  (josephus baseline 1.10)
  period-dated    0/813 sections  (verbatim heading forms only)
  gazetteer candidates (frequent, unanchored — CURATE, never auto-adopt):
     Christ(1757) Lord(367) Father(122) Jesus(108) Satan(90) What(87) Paul(72) Faith(72) Spirit(66) Answer(63) Grace(54) Adam(49) Israel(48) Objection(46) Antinomians(40) Scripture(40) Holy(35) Jacob(34) Lamb(31) Hence(31)
  no flags
