  [32mPASS[0m failed-upload-receipt-is-labelled — silent on: Done —
  [32mPASS[0m alias-mismatch-is-a-failure — exit 3
  [32mPASS[0m alias-mismatch-is-a-failure — says: THE DEPLOY DID NOT TAKE
  [32mPASS[0m alias-mismatch-is-a-failure — receipt records: state:           mismatch
  [32mPASS[0m alias-mismatch-is-a-failure — silent on: Done —
  [32mPASS[0m inspect-unavailable-is-unverified — exit 2
  [32mPASS[0m inspect-unavailable-is-unverified — says: does NOT mean the deploy failed
  [32mPASS[0m inspect-unavailable-is-unverified — receipt records: state:           unverified
  [32mPASS[0m inspect-unavailable-is-unverified — silent on: Done —
  [32mPASS[0m happy-path-verified-live — exit 0
  [32mPASS[0m happy-path-verified-live — says: is served by dpl_SAME999
  [32mPASS[0m happy-path-verified-live — says: Done —
  [32mPASS[0m happy-path-verified-live — receipt records: state:           live
  [32mPASS[0m happy-path-verified-live — receipt records: dpl_SAME999
  [32mPASS[0m happy-path-verified-live — CLI received: --meta sha=7fdbed668821b4b593811a933a33dca72f07fc68
  [32mPASS[0m happy-path-verified-live — CLI received: vercel@
  [32mPASS[0m happy-path-verified-live — every vercel call ran from web/
  [32mPASS[0m runs-from-a-subdirectory — exit 0
  [32mPASS[0m runs-from-a-subdirectory — receipt records: state:           live
  [32mPASS[0m receipt-filename-is-not-just-the-sha — receipt name is timestamped: deploy-7fdbed6-2026-08-22T17-43-55Z.txt

=== 59 passed, 0 failed ===
all deploy.sh gates hold
[32m✓ deploy.sh — gate harness (bash)[0m

[1m▶ data — Gate B license (fail-closed)[0m
======================================================================
GATE B — LICENSE (fail closed)
======================================================================
Manifest: ingest/sources.config.json (917 source entries)
Published sources (DB): skipped (no DATABASE_URL).

✓ GATE B PASSED: no license/provenance violations.
[32m✓ data — Gate B license (fail-closed)[0m

[1m▶ coverage gaps (informational)[0m
(no coverage summary produced)

════════════════════════════════════
[31mAUDIT FAILED (1): tests + coverage — vitest[0m
